<?xml version="1.0" encoding="ISO-8859-1" ?>
<link_info>
   <banner>TI ARM Clang Linker PC v3.2.2.LTS</banner>
   <copyright>Copyright (c) 1996-2018 Texas Instruments Incorporated</copyright>
   <link_time>0x66a2591a</link_time>
   <link_errors>0x0</link_errors>
   <output_file>C:\Users\123\workspace_ccstheia\empty_LP_MSPM0G3507_nortos_ticlang\Debug\empty_LP_MSPM0G3507_nortos_ticlang.out</output_file>
   <entry_point>
      <name>_c_int00_noargs</name>
      <address>0x53dd</address>
   </entry_point>
   <input_file_list>
      <input_file id="fl-1">
         <path>C:\Users\123\workspace_ccstheia\empty_LP_MSPM0G3507_nortos_ticlang\Debug\.\</path>
         <kind>object</kind>
         <file>main.o</file>
         <name>main.o</name>
      </input_file>
      <input_file id="fl-2">
         <path>C:\Users\123\workspace_ccstheia\empty_LP_MSPM0G3507_nortos_ticlang\Debug\.\</path>
         <kind>object</kind>
         <file>ti_msp_dl_config.o</file>
         <name>ti_msp_dl_config.o</name>
      </input_file>
      <input_file id="fl-3">
         <path>C:\Users\123\workspace_ccstheia\empty_LP_MSPM0G3507_nortos_ticlang\Debug\.\</path>
         <kind>object</kind>
         <file>startup_mspm0g350x_ticlang.o</file>
         <name>startup_mspm0g350x_ticlang.o</name>
      </input_file>
      <input_file id="fl-4">
         <path>C:\Users\123\workspace_ccstheia\empty_LP_MSPM0G3507_nortos_ticlang\Debug\.\Driver\</path>
         <kind>object</kind>
         <file>Encoder.o</file>
         <name>Encoder.o</name>
      </input_file>
      <input_file id="fl-5">
         <path>C:\Users\123\workspace_ccstheia\empty_LP_MSPM0G3507_nortos_ticlang\Debug\.\Driver\</path>
         <kind>object</kind>
         <file>GWKJ.o</file>
         <name>GWKJ.o</name>
      </input_file>
      <input_file id="fl-6">
         <path>C:\Users\123\workspace_ccstheia\empty_LP_MSPM0G3507_nortos_ticlang\Debug\.\Driver\</path>
         <kind>object</kind>
         <file>OLED.o</file>
         <name>OLED.o</name>
      </input_file>
      <input_file id="fl-7">
         <path>C:\Users\123\workspace_ccstheia\empty_LP_MSPM0G3507_nortos_ticlang\Debug\.\Driver\</path>
         <kind>object</kind>
         <file>OLED_Data.o</file>
         <name>OLED_Data.o</name>
      </input_file>
      <input_file id="fl-8">
         <path>C:\Users\123\workspace_ccstheia\empty_LP_MSPM0G3507_nortos_ticlang\Debug\.\Driver\</path>
         <kind>object</kind>
         <file>PID.o</file>
         <name>PID.o</name>
      </input_file>
      <input_file id="fl-9">
         <path>C:\Users\123\workspace_ccstheia\empty_LP_MSPM0G3507_nortos_ticlang\Debug\.\Driver\</path>
         <kind>object</kind>
         <file>PWM.o</file>
         <name>PWM.o</name>
      </input_file>
      <input_file id="fl-a">
         <path>C:\Users\123\workspace_ccstheia\empty_LP_MSPM0G3507_nortos_ticlang\Debug\.\Driver\</path>
         <kind>object</kind>
         <file>Serial.o</file>
         <name>Serial.o</name>
      </input_file>
      <input_file id="fl-b">
         <path>C:\Users\123\workspace_ccstheia\empty_LP_MSPM0G3507_nortos_ticlang\Debug\.\Driver\</path>
         <kind>object</kind>
         <file>motor.o</file>
         <name>motor.o</name>
      </input_file>
      <input_file id="fl-c">
         <path>C:\Users\123\workspace_ccstheia\empty_LP_MSPM0G3507_nortos_ticlang\Debug\.\MPU6050\</path>
         <kind>object</kind>
         <file>board.o</file>
         <name>board.o</name>
      </input_file>
      <input_file id="fl-d">
         <path>C:\Users\123\workspace_ccstheia\empty_LP_MSPM0G3507_nortos_ticlang\Debug\.\MPU6050\</path>
         <kind>object</kind>
         <file>bsp_mpu6050.o</file>
         <name>bsp_mpu6050.o</name>
      </input_file>
      <input_file id="fl-e">
         <path>C:\Users\123\workspace_ccstheia\empty_LP_MSPM0G3507_nortos_ticlang\Debug\.\MPU6050\</path>
         <kind>object</kind>
         <file>inv_mpu.o</file>
         <name>inv_mpu.o</name>
      </input_file>
      <input_file id="fl-f">
         <path>C:\Users\123\workspace_ccstheia\empty_LP_MSPM0G3507_nortos_ticlang\Debug\.\MPU6050\</path>
         <kind>object</kind>
         <file>inv_mpu_dmp_motion_driver.o</file>
         <name>inv_mpu_dmp_motion_driver.o</name>
      </input_file>
      <input_file id="fl-10">
         <path>C:\Users\123\workspace_ccstheia\empty_LP_MSPM0G3507_nortos_ticlang\Debug\.\System\</path>
         <kind>object</kind>
         <file>Delay.o</file>
         <name>Delay.o</name>
      </input_file>
      <input_file id="fl-11">
         <path>C:\Users\123\workspace_ccstheia\empty_LP_MSPM0G3507_nortos_ticlang\Debug\.\System\</path>
         <kind>object</kind>
         <file>Timer.o</file>
         <name>Timer.o</name>
      </input_file>
      <input_file id="fl-1e">
         <path>C:\Users\123\workspace_ccstheia\empty_LP_MSPM0G3507_nortos_ticlang\Debug\</path>
         <kind>object</kind>
         <file>&lt;internal&gt;</file>
         <name>&lt;internal&gt;</name>
      </input_file>
      <input_file id="fl-1f">
         <path>S:\ti\mspm0_sdk_2_00_01_00\source\ti\driverlib\lib\ticlang\m0p\mspm0g1x0x_g3x0x\</path>
         <kind>archive</kind>
         <file>driverlib.a</file>
         <name>dl_common.o</name>
      </input_file>
      <input_file id="fl-20">
         <path>S:\ti\mspm0_sdk_2_00_01_00\source\ti\driverlib\lib\ticlang\m0p\mspm0g1x0x_g3x0x\</path>
         <kind>archive</kind>
         <file>driverlib.a</file>
         <name>dl_i2c.o</name>
      </input_file>
      <input_file id="fl-21">
         <path>S:\ti\mspm0_sdk_2_00_01_00\source\ti\driverlib\lib\ticlang\m0p\mspm0g1x0x_g3x0x\</path>
         <kind>archive</kind>
         <file>driverlib.a</file>
         <name>dl_timer.o</name>
      </input_file>
      <input_file id="fl-22">
         <path>S:\ti\mspm0_sdk_2_00_01_00\source\ti\driverlib\lib\ticlang\m0p\mspm0g1x0x_g3x0x\</path>
         <kind>archive</kind>
         <file>driverlib.a</file>
         <name>dl_uart.o</name>
      </input_file>
      <input_file id="fl-23">
         <path>S:\ti\mspm0_sdk_2_00_01_00\source\ti\driverlib\lib\ticlang\m0p\mspm0g1x0x_g3x0x\</path>
         <kind>archive</kind>
         <file>driverlib.a</file>
         <name>dl_sysctl_mspm0g1x0x_g3x0x.o</name>
      </input_file>
      <input_file id="fl-32">
         <path>S:\ti\ccstheia141\ccs\tools\compiler\ti-cgt-armllvm_3.2.2.LTS\lib\armv6m-ti-none-eabi\c\</path>
         <kind>archive</kind>
         <file>libc.a</file>
         <name>printf.c.obj</name>
      </input_file>
      <input_file id="fl-33">
         <path>S:\ti\ccstheia141\ccs\tools\compiler\ti-cgt-armllvm_3.2.2.LTS\lib\armv6m-ti-none-eabi\c\</path>
         <kind>archive</kind>
         <file>libc.a</file>
         <name>_printfi.c.obj</name>
      </input_file>
      <input_file id="fl-34">
         <path>S:\ti\ccstheia141\ccs\tools\compiler\ti-cgt-armllvm_3.2.2.LTS\lib\armv6m-ti-none-eabi\c\</path>
         <kind>archive</kind>
         <file>libc.a</file>
         <name>vsprintf.c.obj</name>
      </input_file>
      <input_file id="fl-35">
         <path>S:\ti\ccstheia141\ccs\tools\compiler\ti-cgt-armllvm_3.2.2.LTS\lib\armv6m-ti-none-eabi\c\</path>
         <kind>archive</kind>
         <file>libc.a</file>
         <name>e_asin.c.obj</name>
      </input_file>
      <input_file id="fl-36">
         <path>S:\ti\ccstheia141\ccs\tools\compiler\ti-cgt-armllvm_3.2.2.LTS\lib\armv6m-ti-none-eabi\c\</path>
         <kind>archive</kind>
         <file>libc.a</file>
         <name>e_atan2.c.obj</name>
      </input_file>
      <input_file id="fl-37">
         <path>S:\ti\ccstheia141\ccs\tools\compiler\ti-cgt-armllvm_3.2.2.LTS\lib\armv6m-ti-none-eabi\c\</path>
         <kind>archive</kind>
         <file>libc.a</file>
         <name>e_pow.c.obj</name>
      </input_file>
      <input_file id="fl-38">
         <path>S:\ti\ccstheia141\ccs\tools\compiler\ti-cgt-armllvm_3.2.2.LTS\lib\armv6m-ti-none-eabi\c\</path>
         <kind>archive</kind>
         <file>libc.a</file>
         <name>e_sqrt.c.obj</name>
      </input_file>
      <input_file id="fl-39">
         <path>S:\ti\ccstheia141\ccs\tools\compiler\ti-cgt-armllvm_3.2.2.LTS\lib\armv6m-ti-none-eabi\c\</path>
         <kind>archive</kind>
         <file>libc.a</file>
         <name>s_atan.c.obj</name>
      </input_file>
      <input_file id="fl-3a">
         <path>S:\ti\ccstheia141\ccs\tools\compiler\ti-cgt-armllvm_3.2.2.LTS\lib\armv6m-ti-none-eabi\c\</path>
         <kind>archive</kind>
         <file>libc.a</file>
         <name>s_frexp.c.obj</name>
      </input_file>
      <input_file id="fl-3b">
         <path>S:\ti\ccstheia141\ccs\tools\compiler\ti-cgt-armllvm_3.2.2.LTS\lib\armv6m-ti-none-eabi\c\</path>
         <kind>archive</kind>
         <file>libc.a</file>
         <name>s_scalbn.c.obj</name>
      </input_file>
      <input_file id="fl-3c">
         <path>S:\ti\ccstheia141\ccs\tools\compiler\ti-cgt-armllvm_3.2.2.LTS\lib\armv6m-ti-none-eabi\c\</path>
         <kind>archive</kind>
         <file>libc.a</file>
         <name>aeabi_portable.c.obj</name>
      </input_file>
      <input_file id="fl-3d">
         <path>S:\ti\ccstheia141\ccs\tools\compiler\ti-cgt-armllvm_3.2.2.LTS\lib\armv6m-ti-none-eabi\c\</path>
         <kind>archive</kind>
         <file>libc.a</file>
         <name>_lock.c.obj</name>
      </input_file>
      <input_file id="fl-3e">
         <path>S:\ti\ccstheia141\ccs\tools\compiler\ti-cgt-armllvm_3.2.2.LTS\lib\armv6m-ti-none-eabi\c\</path>
         <kind>archive</kind>
         <file>libc.a</file>
         <name>_ltoa.c.obj</name>
      </input_file>
      <input_file id="fl-3f">
         <path>S:\ti\ccstheia141\ccs\tools\compiler\ti-cgt-armllvm_3.2.2.LTS\lib\armv6m-ti-none-eabi\c\</path>
         <kind>archive</kind>
         <file>libc.a</file>
         <name>assert.c.obj</name>
      </input_file>
      <input_file id="fl-40">
         <path>S:\ti\ccstheia141\ccs\tools\compiler\ti-cgt-armllvm_3.2.2.LTS\lib\armv6m-ti-none-eabi\c\</path>
         <kind>archive</kind>
         <file>libc.a</file>
         <name>atoi.c.obj</name>
      </input_file>
      <input_file id="fl-41">
         <path>S:\ti\ccstheia141\ccs\tools\compiler\ti-cgt-armllvm_3.2.2.LTS\lib\armv6m-ti-none-eabi\c\</path>
         <kind>archive</kind>
         <file>libc.a</file>
         <name>defs.c.obj</name>
      </input_file>
      <input_file id="fl-42">
         <path>S:\ti\ccstheia141\ccs\tools\compiler\ti-cgt-armllvm_3.2.2.LTS\lib\armv6m-ti-none-eabi\c\</path>
         <kind>archive</kind>
         <file>libc.a</file>
         <name>memccpy.c.obj</name>
      </input_file>
      <input_file id="fl-43">
         <path>S:\ti\ccstheia141\ccs\tools\compiler\ti-cgt-armllvm_3.2.2.LTS\lib\armv6m-ti-none-eabi\c\</path>
         <kind>archive</kind>
         <file>libc.a</file>
         <name>memcmp.c.obj</name>
      </input_file>
      <input_file id="fl-44">
         <path>S:\ti\ccstheia141\ccs\tools\compiler\ti-cgt-armllvm_3.2.2.LTS\lib\armv6m-ti-none-eabi\c\</path>
         <kind>archive</kind>
         <file>libc.a</file>
         <name>memory.c.obj</name>
      </input_file>
      <input_file id="fl-45">
         <path>S:\ti\ccstheia141\ccs\tools\compiler\ti-cgt-armllvm_3.2.2.LTS\lib\armv6m-ti-none-eabi\c\</path>
         <kind>archive</kind>
         <file>libc.a</file>
         <name>strcmp.c.obj</name>
      </input_file>
      <input_file id="fl-46">
         <path>S:\ti\ccstheia141\ccs\tools\compiler\ti-cgt-armllvm_3.2.2.LTS\lib\armv6m-ti-none-eabi\c\</path>
         <kind>archive</kind>
         <file>libc.a</file>
         <name>strlen.c.obj</name>
      </input_file>
      <input_file id="fl-47">
         <path>S:\ti\ccstheia141\ccs\tools\compiler\ti-cgt-armllvm_3.2.2.LTS\lib\armv6m-ti-none-eabi\c\</path>
         <kind>archive</kind>
         <file>libc.a</file>
         <name>labs.c.obj</name>
      </input_file>
      <input_file id="fl-48">
         <path>S:\ti\ccstheia141\ccs\tools\compiler\ti-cgt-armllvm_3.2.2.LTS\lib\armv6m-ti-none-eabi\c\</path>
         <kind>archive</kind>
         <file>libc.a</file>
         <name>boot_cortex_m.c.obj</name>
      </input_file>
      <input_file id="fl-49">
         <path>S:\ti\ccstheia141\ccs\tools\compiler\ti-cgt-armllvm_3.2.2.LTS\lib\armv6m-ti-none-eabi\c\</path>
         <kind>archive</kind>
         <file>libc.a</file>
         <name>mathacl_init.c.obj</name>
      </input_file>
      <input_file id="fl-4a">
         <path>S:\ti\ccstheia141\ccs\tools\compiler\ti-cgt-armllvm_3.2.2.LTS\lib\armv6m-ti-none-eabi\c\</path>
         <kind>archive</kind>
         <file>libc.a</file>
         <name>autoinit.c.obj</name>
      </input_file>
      <input_file id="fl-4b">
         <path>S:\ti\ccstheia141\ccs\tools\compiler\ti-cgt-armllvm_3.2.2.LTS\lib\armv6m-ti-none-eabi\c\</path>
         <kind>archive</kind>
         <file>libc.a</file>
         <name>pre_init.c.obj</name>
      </input_file>
      <input_file id="fl-4c">
         <path>S:\ti\ccstheia141\ccs\tools\compiler\ti-cgt-armllvm_3.2.2.LTS\lib\armv6m-ti-none-eabi\c\</path>
         <kind>archive</kind>
         <file>libc.a</file>
         <name>cpy_tbl.c.obj</name>
      </input_file>
      <input_file id="fl-4d">
         <path>S:\ti\ccstheia141\ccs\tools\compiler\ti-cgt-armllvm_3.2.2.LTS\lib\armv6m-ti-none-eabi\c\</path>
         <kind>archive</kind>
         <file>libc.a</file>
         <name>copy_zero_init.c.obj</name>
      </input_file>
      <input_file id="fl-4e">
         <path>S:\ti\ccstheia141\ccs\tools\compiler\ti-cgt-armllvm_3.2.2.LTS\lib\armv6m-ti-none-eabi\c\</path>
         <kind>archive</kind>
         <file>libc.a</file>
         <name>copy_decompress_none.c.obj</name>
      </input_file>
      <input_file id="fl-4f">
         <path>S:\ti\ccstheia141\ccs\tools\compiler\ti-cgt-armllvm_3.2.2.LTS\lib\armv6m-ti-none-eabi\c\</path>
         <kind>archive</kind>
         <file>libc.a</file>
         <name>copy_decompress_lzss.c.obj</name>
      </input_file>
      <input_file id="fl-50">
         <path>S:\ti\ccstheia141\ccs\tools\compiler\ti-cgt-armllvm_3.2.2.LTS\lib\armv6m-ti-none-eabi\c\</path>
         <kind>archive</kind>
         <file>libc.a</file>
         <name>wcslen.c.obj</name>
      </input_file>
      <input_file id="fl-51">
         <path>S:\ti\ccstheia141\ccs\tools\compiler\ti-cgt-armllvm_3.2.2.LTS\lib\armv6m-ti-none-eabi\c\</path>
         <kind>archive</kind>
         <file>libc.a</file>
         <name>sprintf.c.obj</name>
      </input_file>
      <input_file id="fl-52">
         <path>S:\ti\ccstheia141\ccs\tools\compiler\ti-cgt-armllvm_3.2.2.LTS\lib\armv6m-ti-none-eabi\c\</path>
         <kind>archive</kind>
         <file>libc.a</file>
         <name>fflush.c.obj</name>
      </input_file>
      <input_file id="fl-53">
         <path>S:\ti\ccstheia141\ccs\tools\compiler\ti-cgt-armllvm_3.2.2.LTS\lib\armv6m-ti-none-eabi\c\</path>
         <kind>archive</kind>
         <file>libc.a</file>
         <name>aeabi_ctype.S.obj</name>
      </input_file>
      <input_file id="fl-54">
         <path>S:\ti\ccstheia141\ccs\tools\compiler\ti-cgt-armllvm_3.2.2.LTS\lib\armv6m-ti-none-eabi\c\</path>
         <kind>archive</kind>
         <file>libc.a</file>
         <name>exit.c.obj</name>
      </input_file>
      <input_file id="fl-55">
         <path>S:\ti\ccstheia141\ccs\tools\compiler\ti-cgt-armllvm_3.2.2.LTS\lib\armv6m-ti-none-eabi\c\</path>
         <kind>archive</kind>
         <file>libc.a</file>
         <name>args_main.c.obj</name>
      </input_file>
      <input_file id="fl-bb">
         <path>S:\ti\ccstheia141\ccs\tools\compiler\ti-cgt-armllvm_3.2.2.LTS\lib\armv6m-ti-none-eabi\c\</path>
         <kind>archive</kind>
         <file>libsysbm.a</file>
         <name>write.c.obj</name>
      </input_file>
      <input_file id="fl-bc">
         <path>S:\ti\ccstheia141\ccs\tools\compiler\ti-cgt-armllvm_3.2.2.LTS\lib\armv6m-ti-none-eabi\c\</path>
         <kind>archive</kind>
         <file>libsysbm.a</file>
         <name>host_device.c.obj</name>
      </input_file>
      <input_file id="fl-bd">
         <path>S:\ti\ccstheia141\ccs\tools\compiler\ti-cgt-armllvm_3.2.2.LTS\lib\armv6m-ti-none-eabi\c\</path>
         <kind>archive</kind>
         <file>libsysbm.a</file>
         <name>hostclose.c.obj</name>
      </input_file>
      <input_file id="fl-be">
         <path>S:\ti\ccstheia141\ccs\tools\compiler\ti-cgt-armllvm_3.2.2.LTS\lib\armv6m-ti-none-eabi\c\</path>
         <kind>archive</kind>
         <file>libsysbm.a</file>
         <name>hostlseek.c.obj</name>
      </input_file>
      <input_file id="fl-bf">
         <path>S:\ti\ccstheia141\ccs\tools\compiler\ti-cgt-armllvm_3.2.2.LTS\lib\armv6m-ti-none-eabi\c\</path>
         <kind>archive</kind>
         <file>libsysbm.a</file>
         <name>hostopen.c.obj</name>
      </input_file>
      <input_file id="fl-c0">
         <path>S:\ti\ccstheia141\ccs\tools\compiler\ti-cgt-armllvm_3.2.2.LTS\lib\armv6m-ti-none-eabi\c\</path>
         <kind>archive</kind>
         <file>libsysbm.a</file>
         <name>hostread.c.obj</name>
      </input_file>
      <input_file id="fl-c1">
         <path>S:\ti\ccstheia141\ccs\tools\compiler\ti-cgt-armllvm_3.2.2.LTS\lib\armv6m-ti-none-eabi\c\</path>
         <kind>archive</kind>
         <file>libsysbm.a</file>
         <name>hostrename.c.obj</name>
      </input_file>
      <input_file id="fl-c2">
         <path>S:\ti\ccstheia141\ccs\tools\compiler\ti-cgt-armllvm_3.2.2.LTS\lib\armv6m-ti-none-eabi\c\</path>
         <kind>archive</kind>
         <file>libsysbm.a</file>
         <name>hostunlink.c.obj</name>
      </input_file>
      <input_file id="fl-c3">
         <path>S:\ti\ccstheia141\ccs\tools\compiler\ti-cgt-armllvm_3.2.2.LTS\lib\armv6m-ti-none-eabi\c\</path>
         <kind>archive</kind>
         <file>libsysbm.a</file>
         <name>hostwrite.c.obj</name>
      </input_file>
      <input_file id="fl-c4">
         <path>S:\ti\ccstheia141\ccs\tools\compiler\ti-cgt-armllvm_3.2.2.LTS\lib\armv6m-ti-none-eabi\c\</path>
         <kind>archive</kind>
         <file>libsysbm.a</file>
         <name>trgmsg.c.obj</name>
      </input_file>
      <input_file id="fl-c5">
         <path>S:\ti\ccstheia141\ccs\tools\compiler\ti-cgt-armllvm_3.2.2.LTS\lib\clang\15.0.7\lib\armv6m-ti-none-eabi\</path>
         <kind>archive</kind>
         <file>libclang_rt.builtins.a</file>
         <name>addsf3.S.obj</name>
      </input_file>
      <input_file id="fl-c6">
         <path>S:\ti\ccstheia141\ccs\tools\compiler\ti-cgt-armllvm_3.2.2.LTS\lib\clang\15.0.7\lib\armv6m-ti-none-eabi\</path>
         <kind>archive</kind>
         <file>libclang_rt.builtins.a</file>
         <name>adddf3.S.obj</name>
      </input_file>
      <input_file id="fl-c7">
         <path>S:\ti\ccstheia141\ccs\tools\compiler\ti-cgt-armllvm_3.2.2.LTS\lib\clang\15.0.7\lib\armv6m-ti-none-eabi\</path>
         <kind>archive</kind>
         <file>libclang_rt.builtins.a</file>
         <name>muldf3.S.obj</name>
      </input_file>
      <input_file id="fl-c8">
         <path>S:\ti\ccstheia141\ccs\tools\compiler\ti-cgt-armllvm_3.2.2.LTS\lib\clang\15.0.7\lib\armv6m-ti-none-eabi\</path>
         <kind>archive</kind>
         <file>libclang_rt.builtins.a</file>
         <name>muldsi3.S.obj</name>
      </input_file>
      <input_file id="fl-c9">
         <path>S:\ti\ccstheia141\ccs\tools\compiler\ti-cgt-armllvm_3.2.2.LTS\lib\clang\15.0.7\lib\armv6m-ti-none-eabi\</path>
         <kind>archive</kind>
         <file>libclang_rt.builtins.a</file>
         <name>mulsf3.S.obj</name>
      </input_file>
      <input_file id="fl-ca">
         <path>S:\ti\ccstheia141\ccs\tools\compiler\ti-cgt-armllvm_3.2.2.LTS\lib\clang\15.0.7\lib\armv6m-ti-none-eabi\</path>
         <kind>archive</kind>
         <file>libclang_rt.builtins.a</file>
         <name>divsf3.S.obj</name>
      </input_file>
      <input_file id="fl-cb">
         <path>S:\ti\ccstheia141\ccs\tools\compiler\ti-cgt-armllvm_3.2.2.LTS\lib\clang\15.0.7\lib\armv6m-ti-none-eabi\</path>
         <kind>archive</kind>
         <file>libclang_rt.builtins.a</file>
         <name>divdf3.S.obj</name>
      </input_file>
      <input_file id="fl-cc">
         <path>S:\ti\ccstheia141\ccs\tools\compiler\ti-cgt-armllvm_3.2.2.LTS\lib\clang\15.0.7\lib\armv6m-ti-none-eabi\</path>
         <kind>archive</kind>
         <file>libclang_rt.builtins.a</file>
         <name>extendsfdf2.S.obj</name>
      </input_file>
      <input_file id="fl-cd">
         <path>S:\ti\ccstheia141\ccs\tools\compiler\ti-cgt-armllvm_3.2.2.LTS\lib\clang\15.0.7\lib\armv6m-ti-none-eabi\</path>
         <kind>archive</kind>
         <file>libclang_rt.builtins.a</file>
         <name>fixdfsi.S.obj</name>
      </input_file>
      <input_file id="fl-ce">
         <path>S:\ti\ccstheia141\ccs\tools\compiler\ti-cgt-armllvm_3.2.2.LTS\lib\clang\15.0.7\lib\armv6m-ti-none-eabi\</path>
         <kind>archive</kind>
         <file>libclang_rt.builtins.a</file>
         <name>fixsfsi.S.obj</name>
      </input_file>
      <input_file id="fl-cf">
         <path>S:\ti\ccstheia141\ccs\tools\compiler\ti-cgt-armllvm_3.2.2.LTS\lib\clang\15.0.7\lib\armv6m-ti-none-eabi\</path>
         <kind>archive</kind>
         <file>libclang_rt.builtins.a</file>
         <name>fixunsdfsi.S.obj</name>
      </input_file>
      <input_file id="fl-d0">
         <path>S:\ti\ccstheia141\ccs\tools\compiler\ti-cgt-armllvm_3.2.2.LTS\lib\clang\15.0.7\lib\armv6m-ti-none-eabi\</path>
         <kind>archive</kind>
         <file>libclang_rt.builtins.a</file>
         <name>floatsidf.S.obj</name>
      </input_file>
      <input_file id="fl-d1">
         <path>S:\ti\ccstheia141\ccs\tools\compiler\ti-cgt-armllvm_3.2.2.LTS\lib\clang\15.0.7\lib\armv6m-ti-none-eabi\</path>
         <kind>archive</kind>
         <file>libclang_rt.builtins.a</file>
         <name>floatsisf.S.obj</name>
      </input_file>
      <input_file id="fl-d2">
         <path>S:\ti\ccstheia141\ccs\tools\compiler\ti-cgt-armllvm_3.2.2.LTS\lib\clang\15.0.7\lib\armv6m-ti-none-eabi\</path>
         <kind>archive</kind>
         <file>libclang_rt.builtins.a</file>
         <name>floatunsidf.S.obj</name>
      </input_file>
      <input_file id="fl-d3">
         <path>S:\ti\ccstheia141\ccs\tools\compiler\ti-cgt-armllvm_3.2.2.LTS\lib\clang\15.0.7\lib\armv6m-ti-none-eabi\</path>
         <kind>archive</kind>
         <file>libclang_rt.builtins.a</file>
         <name>floatunsisf.S.obj</name>
      </input_file>
      <input_file id="fl-d4">
         <path>S:\ti\ccstheia141\ccs\tools\compiler\ti-cgt-armllvm_3.2.2.LTS\lib\clang\15.0.7\lib\armv6m-ti-none-eabi\</path>
         <kind>archive</kind>
         <file>libclang_rt.builtins.a</file>
         <name>muldi3.S.obj</name>
      </input_file>
      <input_file id="fl-d5">
         <path>S:\ti\ccstheia141\ccs\tools\compiler\ti-cgt-armllvm_3.2.2.LTS\lib\clang\15.0.7\lib\armv6m-ti-none-eabi\</path>
         <kind>archive</kind>
         <file>libclang_rt.builtins.a</file>
         <name>truncdfsf2.S.obj</name>
      </input_file>
      <input_file id="fl-d6">
         <path>S:\ti\ccstheia141\ccs\tools\compiler\ti-cgt-armllvm_3.2.2.LTS\lib\clang\15.0.7\lib\armv6m-ti-none-eabi\</path>
         <kind>archive</kind>
         <file>libclang_rt.builtins.a</file>
         <name>aeabi_dcmp.S.obj</name>
      </input_file>
      <input_file id="fl-d7">
         <path>S:\ti\ccstheia141\ccs\tools\compiler\ti-cgt-armllvm_3.2.2.LTS\lib\clang\15.0.7\lib\armv6m-ti-none-eabi\</path>
         <kind>archive</kind>
         <file>libclang_rt.builtins.a</file>
         <name>aeabi_fcmp.S.obj</name>
      </input_file>
      <input_file id="fl-d8">
         <path>S:\ti\ccstheia141\ccs\tools\compiler\ti-cgt-armllvm_3.2.2.LTS\lib\clang\15.0.7\lib\armv6m-ti-none-eabi\</path>
         <kind>archive</kind>
         <file>libclang_rt.builtins.a</file>
         <name>aeabi_idivmod.S.obj</name>
      </input_file>
      <input_file id="fl-d9">
         <path>S:\ti\ccstheia141\ccs\tools\compiler\ti-cgt-armllvm_3.2.2.LTS\lib\clang\15.0.7\lib\armv6m-ti-none-eabi\</path>
         <kind>archive</kind>
         <file>libclang_rt.builtins.a</file>
         <name>aeabi_ldivmod.S.obj</name>
      </input_file>
      <input_file id="fl-da">
         <path>S:\ti\ccstheia141\ccs\tools\compiler\ti-cgt-armllvm_3.2.2.LTS\lib\clang\15.0.7\lib\armv6m-ti-none-eabi\</path>
         <kind>archive</kind>
         <file>libclang_rt.builtins.a</file>
         <name>aeabi_memcpy.S.obj</name>
      </input_file>
      <input_file id="fl-db">
         <path>S:\ti\ccstheia141\ccs\tools\compiler\ti-cgt-armllvm_3.2.2.LTS\lib\clang\15.0.7\lib\armv6m-ti-none-eabi\</path>
         <kind>archive</kind>
         <file>libclang_rt.builtins.a</file>
         <name>aeabi_memset.S.obj</name>
      </input_file>
      <input_file id="fl-dc">
         <path>S:\ti\ccstheia141\ccs\tools\compiler\ti-cgt-armllvm_3.2.2.LTS\lib\clang\15.0.7\lib\armv6m-ti-none-eabi\</path>
         <kind>archive</kind>
         <file>libclang_rt.builtins.a</file>
         <name>aeabi_uidivmod.S.obj</name>
      </input_file>
      <input_file id="fl-dd">
         <path>S:\ti\ccstheia141\ccs\tools\compiler\ti-cgt-armllvm_3.2.2.LTS\lib\clang\15.0.7\lib\armv6m-ti-none-eabi\</path>
         <kind>archive</kind>
         <file>libclang_rt.builtins.a</file>
         <name>aeabi_uldivmod.S.obj</name>
      </input_file>
      <input_file id="fl-de">
         <path>S:\ti\ccstheia141\ccs\tools\compiler\ti-cgt-armllvm_3.2.2.LTS\lib\clang\15.0.7\lib\armv6m-ti-none-eabi\</path>
         <kind>archive</kind>
         <file>libclang_rt.builtins.a</file>
         <name>comparesf2.S.obj</name>
      </input_file>
      <input_file id="fl-df">
         <path>S:\ti\ccstheia141\ccs\tools\compiler\ti-cgt-armllvm_3.2.2.LTS\lib\clang\15.0.7\lib\armv6m-ti-none-eabi\</path>
         <kind>archive</kind>
         <file>libclang_rt.builtins.a</file>
         <name>udivmoddi4.S.obj</name>
      </input_file>
      <input_file id="fl-e0">
         <path>S:\ti\ccstheia141\ccs\tools\compiler\ti-cgt-armllvm_3.2.2.LTS\lib\clang\15.0.7\lib\armv6m-ti-none-eabi\</path>
         <kind>archive</kind>
         <file>libclang_rt.builtins.a</file>
         <name>ashldi3.S.obj</name>
      </input_file>
      <input_file id="fl-e1">
         <path>S:\ti\ccstheia141\ccs\tools\compiler\ti-cgt-armllvm_3.2.2.LTS\lib\clang\15.0.7\lib\armv6m-ti-none-eabi\</path>
         <kind>archive</kind>
         <file>libclang_rt.builtins.a</file>
         <name>comparedf2.c.obj</name>
      </input_file>
      <input_file id="fl-e2">
         <path>S:\ti\ccstheia141\ccs\tools\compiler\ti-cgt-armllvm_3.2.2.LTS\lib\clang\15.0.7\lib\armv6m-ti-none-eabi\</path>
         <kind>archive</kind>
         <file>libclang_rt.builtins.a</file>
         <name>divmoddi4.c.obj</name>
      </input_file>
      <input_file id="fl-e3">
         <path>S:\ti\ccstheia141\ccs\tools\compiler\ti-cgt-armllvm_3.2.2.LTS\lib\clang\15.0.7\lib\armv6m-ti-none-eabi\</path>
         <kind>archive</kind>
         <file>libclang_rt.builtins.a</file>
         <name>aeabi_div0.c.obj</name>
      </input_file>
      <input_file id="fl-e4">
         <path>S:\ti\ccstheia141\ccs\tools\compiler\ti-cgt-armllvm_3.2.2.LTS\lib\armv6m-ti-none-eabi\c\</path>
         <kind>archive</kind>
         <file>libc.a</file>
         <name>memcpy16.S.obj</name>
      </input_file>
      <input_file id="fl-e5">
         <path>S:\ti\ccstheia141\ccs\tools\compiler\ti-cgt-armllvm_3.2.2.LTS\lib\armv6m-ti-none-eabi\c\</path>
         <kind>archive</kind>
         <file>libc.a</file>
         <name>memset16.S.obj</name>
      </input_file>
   </input_file_list>
   <object_component_list>
      <object_component id="oc-18">
         <name>.intvecs</name>
         <load_address>0x0</load_address>
         <readonly>true</readonly>
         <run_address>0x0</run_address>
         <size>0xc0</size>
         <alignment>0x4</alignment>
         <input_file_ref idref="fl-3"/>
      </object_component>
      <object_component id="oc-105">
         <name>.text.pow</name>
         <load_address>0xc0</load_address>
         <readonly>true</readonly>
         <executable>true</executable>
         <run_address>0xc0</run_address>
         <size>0xa70</size>
         <alignment>0x4</alignment>
         <input_file_ref idref="fl-37"/>
      </object_component>
      <object_component id="oc-183">
         <name>.text:__TI_printfi</name>
         <load_address>0xb30</load_address>
         <readonly>true</readonly>
         <executable>true</executable>
         <run_address>0xb30</run_address>
         <size>0xa00</size>
         <alignment>0x4</alignment>
         <input_file_ref idref="fl-33"/>
      </object_component>
      <object_component id="oc-34">
         <name>.text.GROUP1_IRQHandler</name>
         <load_address>0x1530</load_address>
         <readonly>true</readonly>
         <executable>true</executable>
         <run_address>0x1530</run_address>
         <size>0x434</size>
         <alignment>0x4</alignment>
         <input_file_ref idref="fl-4"/>
      </object_component>
      <object_component id="oc-97">
         <name>.text.Turn_hd_PID</name>
         <load_address>0x1964</load_address>
         <readonly>true</readonly>
         <executable>true</executable>
         <run_address>0x1964</run_address>
         <size>0x270</size>
         <alignment>0x4</alignment>
         <input_file_ref idref="fl-8"/>
      </object_component>
      <object_component id="oc-86">
         <name>.text.SYS_RxPro</name>
         <load_address>0x1bd4</load_address>
         <readonly>true</readonly>
         <executable>true</executable>
         <run_address>0x1bd4</run_address>
         <size>0x230</size>
         <alignment>0x4</alignment>
         <input_file_ref idref="fl-1"/>
      </object_component>
      <object_component id="oc-20d">
         <name>.text._pconv_a</name>
         <load_address>0x1e04</load_address>
         <readonly>true</readonly>
         <executable>true</executable>
         <run_address>0x1e04</run_address>
         <size>0x220</size>
         <alignment>0x4</alignment>
         <input_file_ref idref="fl-33"/>
      </object_component>
      <object_component id="oc-210">
         <name>.text._pconv_g</name>
         <load_address>0x2024</load_address>
         <readonly>true</readonly>
         <executable>true</executable>
         <run_address>0x2024</run_address>
         <size>0x1dc</size>
         <alignment>0x4</alignment>
         <input_file_ref idref="fl-33"/>
      </object_component>
      <object_component id="oc-a6">
         <name>.text.Set_Speed</name>
         <load_address>0x2200</load_address>
         <readonly>true</readonly>
         <executable>true</executable>
         <run_address>0x2200</run_address>
         <size>0x1b8</size>
         <alignment>0x4</alignment>
         <input_file_ref idref="fl-b"/>
      </object_component>
      <object_component id="oc-40">
         <name>.text.TIMG0_IRQHandler</name>
         <load_address>0x23b8</load_address>
         <readonly>true</readonly>
         <executable>true</executable>
         <run_address>0x23b8</run_address>
         <size>0x1ac</size>
         <alignment>0x4</alignment>
         <input_file_ref idref="fl-1"/>
      </object_component>
      <object_component id="oc-1cb">
         <name>.text.SYSCFG_DL_GPIO_init</name>
         <load_address>0x2564</load_address>
         <readonly>true</readonly>
         <executable>true</executable>
         <run_address>0x2564</run_address>
         <size>0x1a8</size>
         <alignment>0x4</alignment>
         <input_file_ref idref="fl-2"/>
      </object_component>
      <object_component id="oc-120">
         <name>.text.adddf3_subdf3</name>
         <load_address>0x270c</load_address>
         <readonly>true</readonly>
         <executable>true</executable>
         <run_address>0x270c</run_address>
         <size>0x192</size>
         <alignment>0x4</alignment>
         <input_file_ref idref="fl-c6"/>
      </object_component>
      <object_component id="oc-284">
         <name>.text.__aeabi_idiv0</name>
         <load_address>0x289e</load_address>
         <readonly>true</readonly>
         <executable>true</executable>
         <run_address>0x289e</run_address>
         <size>0x2</size>
         <alignment>0x2</alignment>
         <input_file_ref idref="fl-e3"/>
      </object_component>
      <object_component id="oc-1af">
         <name>.text.sqrt</name>
         <load_address>0x28a0</load_address>
         <readonly>true</readonly>
         <executable>true</executable>
         <run_address>0x28a0</run_address>
         <size>0x184</size>
         <alignment>0x4</alignment>
         <input_file_ref idref="fl-38"/>
      </object_component>
      <object_component id="oc-280">
         <name>.text.OLED_ShowImage</name>
         <load_address>0x2a24</load_address>
         <readonly>true</readonly>
         <executable>true</executable>
         <run_address>0x2a24</run_address>
         <size>0x144</size>
         <alignment>0x4</alignment>
         <input_file_ref idref="fl-6"/>
      </object_component>
      <object_component id="oc-3f">
         <name>.text.UART0_IRQHandler</name>
         <load_address>0x2b68</load_address>
         <readonly>true</readonly>
         <executable>true</executable>
         <run_address>0x2b68</run_address>
         <size>0x13c</size>
         <alignment>0x4</alignment>
         <input_file_ref idref="fl-a"/>
      </object_component>
      <object_component id="oc-2af">
         <name>.text.fcvt</name>
         <load_address>0x2ca4</load_address>
         <readonly>true</readonly>
         <executable>true</executable>
         <run_address>0x2ca4</run_address>
         <size>0x13c</size>
         <alignment>0x4</alignment>
         <input_file_ref idref="fl-33"/>
      </object_component>
      <object_component id="oc-45">
         <name>.text.I2C1_IRQHandler</name>
         <load_address>0x2de0</load_address>
         <readonly>true</readonly>
         <executable>true</executable>
         <run_address>0x2de0</run_address>
         <size>0x12c</size>
         <alignment>0x4</alignment>
         <input_file_ref idref="fl-d"/>
      </object_component>
      <object_component id="oc-a1">
         <name>.text.Velocity_PID</name>
         <load_address>0x2f0c</load_address>
         <readonly>true</readonly>
         <executable>true</executable>
         <run_address>0x2f0c</run_address>
         <size>0x120</size>
         <alignment>0x4</alignment>
         <input_file_ref idref="fl-8"/>
      </object_component>
      <object_component id="oc-20e">
         <name>.text._pconv_e</name>
         <load_address>0x302c</load_address>
         <readonly>true</readonly>
         <executable>true</executable>
         <run_address>0x302c</run_address>
         <size>0x120</size>
         <alignment>0x4</alignment>
         <input_file_ref idref="fl-33"/>
      </object_component>
      <object_component id="oc-89">
         <name>.text.Get_TraceData</name>
         <load_address>0x314c</load_address>
         <readonly>true</readonly>
         <executable>true</executable>
         <run_address>0x314c</run_address>
         <size>0x110</size>
         <alignment>0x4</alignment>
         <input_file_ref idref="fl-8"/>
      </object_component>
      <object_component id="oc-98">
         <name>.text.MEASURE_MOTORS_SPEED</name>
         <load_address>0x325c</load_address>
         <readonly>true</readonly>
         <executable>true</executable>
         <run_address>0x325c</run_address>
         <size>0x10c</size>
         <alignment>0x4</alignment>
         <input_file_ref idref="fl-4"/>
      </object_component>
      <object_component id="oc-124">
         <name>.text.__divdf3</name>
         <load_address>0x3368</load_address>
         <readonly>true</readonly>
         <executable>true</executable>
         <run_address>0x3368</run_address>
         <size>0x10c</size>
         <alignment>0x4</alignment>
         <input_file_ref idref="fl-cb"/>
      </object_component>
      <object_component id="oc-263">
         <name>.text.DL_Timer_initTimerMode</name>
         <load_address>0x3474</load_address>
         <readonly>true</readonly>
         <executable>true</executable>
         <run_address>0x3474</run_address>
         <size>0xe8</size>
         <alignment>0x4</alignment>
         <input_file_ref idref="fl-21"/>
      </object_component>
      <object_component id="oc-10b">
         <name>.text.__muldf3</name>
         <load_address>0x355c</load_address>
         <readonly>true</readonly>
         <executable>true</executable>
         <run_address>0x355c</run_address>
         <size>0xe4</size>
         <alignment>0x4</alignment>
         <input_file_ref idref="fl-c7"/>
      </object_component>
      <object_component id="oc-39">
         <name>.text.UART1_IRQHandler</name>
         <load_address>0x3640</load_address>
         <readonly>true</readonly>
         <executable>true</executable>
         <run_address>0x3640</run_address>
         <size>0xe0</size>
         <alignment>0x4</alignment>
         <input_file_ref idref="fl-a"/>
      </object_component>
      <object_component id="oc-256">
         <name>.text.DL_SYSCTL_configSYSPLL</name>
         <load_address>0x3720</load_address>
         <readonly>true</readonly>
         <executable>true</executable>
         <run_address>0x3720</run_address>
         <size>0xdc</size>
         <alignment>0x4</alignment>
         <input_file_ref idref="fl-23"/>
      </object_component>
      <object_component id="oc-2c0">
         <name>.text.OLED_ClearArea</name>
         <load_address>0x37fc</load_address>
         <readonly>true</readonly>
         <executable>true</executable>
         <run_address>0x37fc</run_address>
         <size>0xdc</size>
         <alignment>0x4</alignment>
         <input_file_ref idref="fl-6"/>
      </object_component>
      <object_component id="oc-1aa">
         <name>.text.scalbn</name>
         <load_address>0x38d8</load_address>
         <readonly>true</readonly>
         <executable>true</executable>
         <run_address>0x38d8</run_address>
         <size>0xd8</size>
         <alignment>0x4</alignment>
         <input_file_ref idref="fl-3b"/>
      </object_component>
      <object_component id="oc-9d">
         <name>.text</name>
         <load_address>0x39b0</load_address>
         <readonly>true</readonly>
         <executable>true</executable>
         <run_address>0x39b0</run_address>
         <size>0xd8</size>
         <alignment>0x4</alignment>
         <input_file_ref idref="fl-c5"/>
      </object_component>
      <object_component id="oc-161">
         <name>.text.OLED_ShowSignedNum</name>
         <load_address>0x3a88</load_address>
         <readonly>true</readonly>
         <executable>true</executable>
         <run_address>0x3a88</run_address>
         <size>0xc6</size>
         <alignment>0x2</alignment>
         <input_file_ref idref="fl-6"/>
      </object_component>
      <object_component id="oc-2c7">
         <name>.text.__aeabi_ldiv0</name>
         <load_address>0x3b4e</load_address>
         <readonly>true</readonly>
         <executable>true</executable>
         <run_address>0x3b4e</run_address>
         <size>0x2</size>
         <alignment>0x2</alignment>
         <input_file_ref idref="fl-e3"/>
      </object_component>
      <object_component id="oc-2bd">
         <name>.text.DL_Timer_initPWMMode</name>
         <load_address>0x3b50</load_address>
         <readonly>true</readonly>
         <executable>true</executable>
         <run_address>0x3b50</run_address>
         <size>0xc4</size>
         <alignment>0x4</alignment>
         <input_file_ref idref="fl-21"/>
      </object_component>
      <object_component id="oc-1ca">
         <name>.text.SYSCFG_DL_initPower</name>
         <load_address>0x3c14</load_address>
         <readonly>true</readonly>
         <executable>true</executable>
         <run_address>0x3c14</run_address>
         <size>0xb0</size>
         <alignment>0x4</alignment>
         <input_file_ref idref="fl-2"/>
      </object_component>
      <object_component id="oc-298">
         <name>.text</name>
         <load_address>0x3cc4</load_address>
         <readonly>true</readonly>
         <executable>true</executable>
         <run_address>0x3cc4</run_address>
         <size>0xa2</size>
         <alignment>0x4</alignment>
         <input_file_ref idref="fl-df"/>
      </object_component>
      <object_component id="oc-184">
         <name>.text._nop</name>
         <load_address>0x3d66</load_address>
         <readonly>true</readonly>
         <executable>true</executable>
         <run_address>0x3d66</run_address>
         <size>0x2</size>
         <alignment>0x2</alignment>
         <input_file_ref idref="fl-3d"/>
      </object_component>
      <object_component id="oc-3e">
         <name>.text.UART2_IRQHandler</name>
         <load_address>0x3d68</load_address>
         <readonly>true</readonly>
         <executable>true</executable>
         <run_address>0x3d68</run_address>
         <size>0x9c</size>
         <alignment>0x4</alignment>
         <input_file_ref idref="fl-a"/>
      </object_component>
      <object_component id="oc-157">
         <name>.text.OLED_Init</name>
         <load_address>0x3e04</load_address>
         <readonly>true</readonly>
         <executable>true</executable>
         <run_address>0x3e04</run_address>
         <size>0x8e</size>
         <alignment>0x2</alignment>
         <input_file_ref idref="fl-6"/>
      </object_component>
      <object_component id="oc-117">
         <name>.text.__mulsf3</name>
         <load_address>0x3e94</load_address>
         <readonly>true</readonly>
         <executable>true</executable>
         <run_address>0x3e94</run_address>
         <size>0x8c</size>
         <alignment>0x4</alignment>
         <input_file_ref idref="fl-c9"/>
      </object_component>
      <object_component id="oc-1cd">
         <name>.text.SYSCFG_DL_PWM_MOTOR_init</name>
         <load_address>0x3f20</load_address>
         <readonly>true</readonly>
         <executable>true</executable>
         <run_address>0x3f20</run_address>
         <size>0x84</size>
         <alignment>0x4</alignment>
         <input_file_ref idref="fl-2"/>
      </object_component>
      <object_component id="oc-259">
         <name>.text.__NVIC_SetPriority</name>
         <load_address>0x3fa4</load_address>
         <readonly>true</readonly>
         <executable>true</executable>
         <run_address>0x3fa4</run_address>
         <size>0x84</size>
         <alignment>0x4</alignment>
         <input_file_ref idref="fl-2"/>
      </object_component>
      <object_component id="oc-101">
         <name>.text.__divsf3</name>
         <load_address>0x4028</load_address>
         <readonly>true</readonly>
         <executable>true</executable>
         <run_address>0x4028</run_address>
         <size>0x82</size>
         <alignment>0x4</alignment>
         <input_file_ref idref="fl-ca"/>
      </object_component>
      <object_component id="oc-1e1">
         <name>.text.OLED_ShowChar</name>
         <load_address>0x40ac</load_address>
         <readonly>true</readonly>
         <executable>true</executable>
         <run_address>0x40ac</run_address>
         <size>0x7c</size>
         <alignment>0x4</alignment>
         <input_file_ref idref="fl-6"/>
      </object_component>
      <object_component id="oc-25c">
         <name>.text.DL_TimerA_initPWMMode</name>
         <load_address>0x4128</load_address>
         <readonly>true</readonly>
         <executable>true</executable>
         <run_address>0x4128</run_address>
         <size>0x78</size>
         <alignment>0x4</alignment>
         <input_file_ref idref="fl-21"/>
      </object_component>
      <object_component id="oc-1c">
         <name>.text:decompress:lzss</name>
         <load_address>0x41a0</load_address>
         <readonly>true</readonly>
         <executable>true</executable>
         <run_address>0x41a0</run_address>
         <size>0x78</size>
         <alignment>0x4</alignment>
         <input_file_ref idref="fl-4f"/>
      </object_component>
      <object_component id="oc-27f">
         <name>.text.I2C_WriteByte</name>
         <load_address>0x4218</load_address>
         <readonly>true</readonly>
         <executable>true</executable>
         <run_address>0x4218</run_address>
         <size>0x74</size>
         <alignment>0x4</alignment>
         <input_file_ref idref="fl-6"/>
      </object_component>
      <object_component id="oc-33">
         <name>.text.Default_Handler</name>
         <load_address>0x428c</load_address>
         <readonly>true</readonly>
         <executable>true</executable>
         <run_address>0x428c</run_address>
         <size>0x4</size>
         <alignment>0x2</alignment>
         <input_file_ref idref="fl-3"/>
      </object_component>
      <object_component id="oc-10f">
         <name>.text.__truncdfsf2</name>
         <load_address>0x4290</load_address>
         <readonly>true</readonly>
         <executable>true</executable>
         <run_address>0x4290</run_address>
         <size>0x74</size>
         <alignment>0x10</alignment>
         <input_file_ref idref="fl-d5"/>
      </object_component>
      <object_component id="oc-228">
         <name>.text.__gedf2</name>
         <load_address>0x4304</load_address>
         <readonly>true</readonly>
         <executable>true</executable>
         <run_address>0x4304</run_address>
         <size>0x70</size>
         <alignment>0x4</alignment>
         <input_file_ref idref="fl-e1"/>
      </object_component>
      <object_component id="oc-222">
         <name>.text.__ledf2</name>
         <load_address>0x4374</load_address>
         <readonly>true</readonly>
         <executable>true</executable>
         <run_address>0x4374</run_address>
         <size>0x6c</size>
         <alignment>0x4</alignment>
         <input_file_ref idref="fl-e1"/>
      </object_component>
      <object_component id="oc-11f">
         <name>.text.Motor2_Get_Speed</name>
         <load_address>0x43e0</load_address>
         <readonly>true</readonly>
         <executable>true</executable>
         <run_address>0x43e0</run_address>
         <size>0x68</size>
         <alignment>0x4</alignment>
         <input_file_ref idref="fl-4"/>
      </object_component>
      <object_component id="oc-87">
         <name>.text.Screen_RxPro</name>
         <load_address>0x4448</load_address>
         <readonly>true</readonly>
         <executable>true</executable>
         <run_address>0x4448</run_address>
         <size>0x68</size>
         <alignment>0x4</alignment>
         <input_file_ref idref="fl-1"/>
      </object_component>
      <object_component id="oc-2ad">
         <name>.text._mcpy</name>
         <load_address>0x44b0</load_address>
         <readonly>true</readonly>
         <executable>true</executable>
         <run_address>0x44b0</run_address>
         <size>0x66</size>
         <alignment>0x2</alignment>
         <input_file_ref idref="fl-33"/>
      </object_component>
      <object_component id="oc-250">
         <name>.text.DL_SYSCTL_setHFCLKSourceHFXTParams</name>
         <load_address>0x4518</load_address>
         <readonly>true</readonly>
         <executable>true</executable>
         <run_address>0x4518</run_address>
         <size>0x64</size>
         <alignment>0x4</alignment>
         <input_file_ref idref="fl-23"/>
      </object_component>
      <object_component id="oc-11e">
         <name>.text.Motor1_Get_Speed</name>
         <load_address>0x457c</load_address>
         <readonly>true</readonly>
         <executable>true</executable>
         <run_address>0x457c</run_address>
         <size>0x64</size>
         <alignment>0x4</alignment>
         <input_file_ref idref="fl-4"/>
      </object_component>
      <object_component id="oc-1d0">
         <name>.text.SYSCFG_DL_I2C_MPU6050_init</name>
         <load_address>0x45e0</load_address>
         <readonly>true</readonly>
         <executable>true</executable>
         <run_address>0x45e0</run_address>
         <size>0x64</size>
         <alignment>0x4</alignment>
         <input_file_ref idref="fl-2"/>
      </object_component>
      <object_component id="oc-1a4">
         <name>.text.__aeabi_dcmp</name>
         <load_address>0x4644</load_address>
         <readonly>true</readonly>
         <executable>true</executable>
         <run_address>0x4644</run_address>
         <size>0x62</size>
         <alignment>0x4</alignment>
         <input_file_ref idref="fl-d6"/>
      </object_component>
      <object_component id="oc-a2">
         <name>.text.__aeabi_fcmp</name>
         <load_address>0x46a8</load_address>
         <readonly>true</readonly>
         <executable>true</executable>
         <run_address>0x46a8</run_address>
         <size>0x62</size>
         <alignment>0x4</alignment>
         <input_file_ref idref="fl-d7"/>
      </object_component>
      <object_component id="oc-bd">
         <name>.text.DL_I2C_fillControllerTXFIFO</name>
         <load_address>0x470a</load_address>
         <readonly>true</readonly>
         <executable>true</executable>
         <run_address>0x470a</run_address>
         <size>0x5e</size>
         <alignment>0x2</alignment>
         <input_file_ref idref="fl-20"/>
      </object_component>
      <object_component id="oc-29d">
         <name>.text.frexp</name>
         <load_address>0x4768</load_address>
         <readonly>true</readonly>
         <executable>true</executable>
         <run_address>0x4768</run_address>
         <size>0x5c</size>
         <alignment>0x4</alignment>
         <input_file_ref idref="fl-3a"/>
      </object_component>
      <object_component id="oc-91">
         <name>.text.printf</name>
         <load_address>0x47c4</load_address>
         <readonly>true</readonly>
         <executable>true</executable>
         <run_address>0x47c4</run_address>
         <size>0x5c</size>
         <alignment>0x4</alignment>
         <input_file_ref idref="fl-32"/>
      </object_component>
      <object_component id="oc-1cf">
         <name>.text.SYSCFG_DL_I2C_OLED_init</name>
         <load_address>0x4820</load_address>
         <readonly>true</readonly>
         <executable>true</executable>
         <run_address>0x4820</run_address>
         <size>0x58</size>
         <alignment>0x4</alignment>
         <input_file_ref idref="fl-2"/>
      </object_component>
      <object_component id="oc-2a5">
         <name>.text.__TI_ltoa</name>
         <load_address>0x4878</load_address>
         <readonly>true</readonly>
         <executable>true</executable>
         <run_address>0x4878</run_address>
         <size>0x58</size>
         <alignment>0x2</alignment>
         <input_file_ref idref="fl-3e"/>
      </object_component>
      <object_component id="oc-20f">
         <name>.text._pconv_f</name>
         <load_address>0x48d0</load_address>
         <readonly>true</readonly>
         <executable>true</executable>
         <run_address>0x48d0</run_address>
         <size>0x58</size>
         <alignment>0x2</alignment>
         <input_file_ref idref="fl-33"/>
      </object_component>
      <object_component id="oc-2d1">
         <name>.text.__aeabi_idivmod</name>
         <load_address>0x4928</load_address>
         <readonly>true</readonly>
         <executable>true</executable>
         <run_address>0x4928</run_address>
         <size>0x56</size>
         <alignment>0x4</alignment>
         <input_file_ref idref="fl-d8"/>
      </object_component>
      <object_component id="oc-88">
         <name>.text.SOC_RxPro</name>
         <load_address>0x4980</load_address>
         <readonly>true</readonly>
         <executable>true</executable>
         <run_address>0x4980</run_address>
         <size>0x54</size>
         <alignment>0x4</alignment>
         <input_file_ref idref="fl-1"/>
      </object_component>
      <object_component id="oc-1cc">
         <name>.text.SYSCFG_DL_SYSCTL_init</name>
         <load_address>0x49d4</load_address>
         <readonly>true</readonly>
         <executable>true</executable>
         <run_address>0x49d4</run_address>
         <size>0x54</size>
         <alignment>0x4</alignment>
         <input_file_ref idref="fl-2"/>
      </object_component>
      <object_component id="oc-1d3">
         <name>.text.SYSCFG_DL_UART_Screen_init</name>
         <load_address>0x4a28</load_address>
         <readonly>true</readonly>
         <executable>true</executable>
         <run_address>0x4a28</run_address>
         <size>0x54</size>
         <alignment>0x4</alignment>
         <input_file_ref idref="fl-2"/>
      </object_component>
      <object_component id="oc-2ab">
         <name>.text._ecpy</name>
         <load_address>0x4a7c</load_address>
         <readonly>true</readonly>
         <executable>true</executable>
         <run_address>0x4a7c</run_address>
         <size>0x52</size>
         <alignment>0x2</alignment>
         <input_file_ref idref="fl-33"/>
      </object_component>
      <object_component id="oc-2bf">
         <name>.text.DL_I2C_startControllerTransfer</name>
         <load_address>0x4ad0</load_address>
         <readonly>true</readonly>
         <executable>true</executable>
         <run_address>0x4ad0</run_address>
         <size>0x50</size>
         <alignment>0x4</alignment>
         <input_file_ref idref="fl-6"/>
      </object_component>
      <object_component id="oc-18d">
         <name>.text.fputs</name>
         <load_address>0x4b20</load_address>
         <readonly>true</readonly>
         <executable>true</executable>
         <run_address>0x4b20</run_address>
         <size>0x50</size>
         <alignment>0x4</alignment>
         <input_file_ref idref="fl-c"/>
      </object_component>
      <object_component id="oc-d9">
         <name>.text.main</name>
         <load_address>0x4b70</load_address>
         <readonly>true</readonly>
         <executable>true</executable>
         <run_address>0x4b70</run_address>
         <size>0x50</size>
         <alignment>0x4</alignment>
         <input_file_ref idref="fl-1"/>
      </object_component>
      <object_component id="oc-276">
         <name>.text.DL_UART_setBaudRateDivisor</name>
         <load_address>0x4bc0</load_address>
         <readonly>true</readonly>
         <executable>true</executable>
         <run_address>0x4bc0</run_address>
         <size>0x4c</size>
         <alignment>0x4</alignment>
         <input_file_ref idref="fl-2"/>
      </object_component>
      <object_component id="oc-2a1">
         <name>.text.__fixdfsi</name>
         <load_address>0x4c0c</load_address>
         <readonly>true</readonly>
         <executable>true</executable>
         <run_address>0x4c0c</run_address>
         <size>0x4a</size>
         <alignment>0x4</alignment>
         <input_file_ref idref="fl-cd"/>
      </object_component>
      <object_component id="oc-274">
         <name>.text.DL_UART_init</name>
         <load_address>0x4c58</load_address>
         <readonly>true</readonly>
         <executable>true</executable>
         <run_address>0x4c58</run_address>
         <size>0x48</size>
         <alignment>0x4</alignment>
         <input_file_ref idref="fl-22"/>
      </object_component>
      <object_component id="oc-100">
         <name>.text.I_amplitude_limiting</name>
         <load_address>0x4ca0</load_address>
         <readonly>true</readonly>
         <executable>true</executable>
         <run_address>0x4ca0</run_address>
         <size>0x48</size>
         <alignment>0x2</alignment>
         <input_file_ref idref="fl-8"/>
      </object_component>
      <object_component id="oc-ef">
         <name>.text.Motor_Off</name>
         <load_address>0x4ce8</load_address>
         <readonly>true</readonly>
         <executable>true</executable>
         <run_address>0x4ce8</run_address>
         <size>0x48</size>
         <alignment>0x4</alignment>
         <input_file_ref idref="fl-b"/>
      </object_component>
      <object_component id="oc-162">
         <name>.text.OLED_Update</name>
         <load_address>0x4d30</load_address>
         <readonly>true</readonly>
         <executable>true</executable>
         <run_address>0x4d30</run_address>
         <size>0x48</size>
         <alignment>0x4</alignment>
         <input_file_ref idref="fl-6"/>
      </object_component>
      <object_component id="oc-1d1">
         <name>.text.SYSCFG_DL_UART_0_init</name>
         <load_address>0x4d78</load_address>
         <readonly>true</readonly>
         <executable>true</executable>
         <run_address>0x4d78</run_address>
         <size>0x48</size>
         <alignment>0x4</alignment>
         <input_file_ref idref="fl-2"/>
      </object_component>
      <object_component id="oc-1d2">
         <name>.text.SYSCFG_DL_UART_SOC_init</name>
         <load_address>0x4dc0</load_address>
         <readonly>true</readonly>
         <executable>true</executable>
         <run_address>0x4dc0</run_address>
         <size>0x48</size>
         <alignment>0x4</alignment>
         <input_file_ref idref="fl-2"/>
      </object_component>
      <object_component id="oc-258">
         <name>.text.DL_SYSCTL_switchMCLKfromSYSOSCtoHSCLK</name>
         <load_address>0x4e08</load_address>
         <readonly>true</readonly>
         <executable>true</executable>
         <run_address>0x4e08</run_address>
         <size>0x44</size>
         <alignment>0x4</alignment>
         <input_file_ref idref="fl-23"/>
      </object_component>
      <object_component id="oc-136">
         <name>.text.__fixunsdfsi</name>
         <load_address>0x4e4c</load_address>
         <readonly>true</readonly>
         <executable>true</executable>
         <run_address>0x4e4c</run_address>
         <size>0x42</size>
         <alignment>0x4</alignment>
         <input_file_ref idref="fl-cf"/>
      </object_component>
      <object_component id="oc-1e3">
         <name>.text.__aeabi_uidivmod</name>
         <load_address>0x4e90</load_address>
         <readonly>true</readonly>
         <executable>true</executable>
         <run_address>0x4e90</run_address>
         <size>0x40</size>
         <alignment>0x4</alignment>
         <input_file_ref idref="fl-dc"/>
      </object_component>
      <object_component id="oc-8d">
         <name>.text.__extendsfdf2</name>
         <load_address>0x4ed0</load_address>
         <readonly>true</readonly>
         <executable>true</executable>
         <run_address>0x4ed0</run_address>
         <size>0x40</size>
         <alignment>0x4</alignment>
         <input_file_ref idref="fl-cc"/>
      </object_component>
      <object_component id="oc-1fc">
         <name>.text.atoi</name>
         <load_address>0x4f10</load_address>
         <readonly>true</readonly>
         <executable>true</executable>
         <run_address>0x4f10</run_address>
         <size>0x40</size>
         <alignment>0x4</alignment>
         <input_file_ref idref="fl-40"/>
      </object_component>
      <object_component id="oc-1e8">
         <name>.text.OLED_WriteData</name>
         <load_address>0x4f50</load_address>
         <readonly>true</readonly>
         <executable>true</executable>
         <run_address>0x4f50</run_address>
         <size>0x3e</size>
         <alignment>0x2</alignment>
         <input_file_ref idref="fl-6"/>
      </object_component>
      <object_component id="oc-241">
         <name>.text.DL_GPIO_initPeripheralInputFunctionFeatures</name>
         <load_address>0x4f90</load_address>
         <readonly>true</readonly>
         <executable>true</executable>
         <run_address>0x4f90</run_address>
         <size>0x3c</size>
         <alignment>0x4</alignment>
         <input_file_ref idref="fl-2"/>
      </object_component>
      <object_component id="oc-99">
         <name>.text.__floatsisf</name>
         <load_address>0x4fcc</load_address>
         <readonly>true</readonly>
         <executable>true</executable>
         <run_address>0x4fcc</run_address>
         <size>0x3c</size>
         <alignment>0x4</alignment>
         <input_file_ref idref="fl-d1"/>
      </object_component>
      <object_component id="oc-134">
         <name>.text.__gtsf2</name>
         <load_address>0x5008</load_address>
         <readonly>true</readonly>
         <executable>true</executable>
         <run_address>0x5008</run_address>
         <size>0x3c</size>
         <alignment>0x4</alignment>
         <input_file_ref idref="fl-de"/>
      </object_component>
      <object_component id="oc-16a">
         <name>.text:__TI_auto_init_nobinit_nopinit</name>
         <load_address>0x5044</load_address>
         <readonly>true</readonly>
         <executable>true</executable>
         <run_address>0x5044</run_address>
         <size>0x3c</size>
         <alignment>0x4</alignment>
         <input_file_ref idref="fl-4a"/>
      </object_component>
      <object_component id="oc-12f">
         <name>.text.__eqsf2</name>
         <load_address>0x5080</load_address>
         <readonly>true</readonly>
         <executable>true</executable>
         <run_address>0x5080</run_address>
         <size>0x3a</size>
         <alignment>0x4</alignment>
         <input_file_ref idref="fl-de"/>
      </object_component>
      <object_component id="oc-1b5">
         <name>.text.__muldsi3</name>
         <load_address>0x50bc</load_address>
         <readonly>true</readonly>
         <executable>true</executable>
         <run_address>0x50bc</run_address>
         <size>0x3a</size>
         <alignment>0x4</alignment>
         <input_file_ref idref="fl-c8"/>
      </object_component>
      <object_component id="oc-150">
         <name>.text.SYSCFG_DL_init</name>
         <load_address>0x50f8</load_address>
         <readonly>true</readonly>
         <executable>true</executable>
         <run_address>0x50f8</run_address>
         <size>0x38</size>
         <alignment>0x4</alignment>
         <input_file_ref idref="fl-2"/>
      </object_component>
      <object_component id="oc-113">
         <name>.text.__fixsfsi</name>
         <load_address>0x5130</load_address>
         <readonly>true</readonly>
         <executable>true</executable>
         <run_address>0x5130</run_address>
         <size>0x38</size>
         <alignment>0x4</alignment>
         <input_file_ref idref="fl-ce"/>
      </object_component>
      <object_component id="oc-1e7">
         <name>.text.OLED_SetCursor</name>
         <load_address>0x5168</load_address>
         <readonly>true</readonly>
         <executable>true</executable>
         <run_address>0x5168</run_address>
         <size>0x36</size>
         <alignment>0x2</alignment>
         <input_file_ref idref="fl-6"/>
      </object_component>
      <object_component id="oc-244">
         <name>.text.DL_GPIO_initDigitalInputFeatures</name>
         <load_address>0x51a0</load_address>
         <readonly>true</readonly>
         <executable>true</executable>
         <run_address>0x51a0</run_address>
         <size>0x34</size>
         <alignment>0x4</alignment>
         <input_file_ref idref="fl-2"/>
      </object_component>
      <object_component id="oc-1ce">
         <name>.text.SYSCFG_DL_TIMER_1_init</name>
         <load_address>0x51d4</load_address>
         <readonly>true</readonly>
         <executable>true</executable>
         <run_address>0x51d4</run_address>
         <size>0x34</size>
         <alignment>0x4</alignment>
         <input_file_ref idref="fl-2"/>
      </object_component>
      <object_component id="oc-2ac">
         <name>.text._fcpy</name>
         <load_address>0x5208</load_address>
         <readonly>true</readonly>
         <executable>true</executable>
         <run_address>0x5208</run_address>
         <size>0x30</size>
         <alignment>0x2</alignment>
         <input_file_ref idref="fl-33"/>
      </object_component>
      <object_component id="oc-1dc">
         <name>.text.__NVIC_ClearPendingIRQ</name>
         <load_address>0x5238</load_address>
         <readonly>true</readonly>
         <executable>true</executable>
         <run_address>0x5238</run_address>
         <size>0x2c</size>
         <alignment>0x4</alignment>
         <input_file_ref idref="fl-a"/>
      </object_component>
      <object_component id="oc-1e0">
         <name>.text.__NVIC_EnableIRQ</name>
         <load_address>0x5264</load_address>
         <readonly>true</readonly>
         <executable>true</executable>
         <run_address>0x5264</run_address>
         <size>0x2c</size>
         <alignment>0x4</alignment>
         <input_file_ref idref="fl-4"/>
      </object_component>
      <object_component id="oc-1dd">
         <name>.text.__NVIC_EnableIRQ</name>
         <load_address>0x5290</load_address>
         <readonly>true</readonly>
         <executable>true</executable>
         <run_address>0x5290</run_address>
         <size>0x2c</size>
         <alignment>0x4</alignment>
         <input_file_ref idref="fl-a"/>
      </object_component>
      <object_component id="oc-1d7">
         <name>.text.__NVIC_EnableIRQ</name>
         <load_address>0x52bc</load_address>
         <readonly>true</readonly>
         <executable>true</executable>
         <run_address>0x52bc</run_address>
         <size>0x2c</size>
         <alignment>0x4</alignment>
         <input_file_ref idref="fl-11"/>
      </object_component>
      <object_component id="oc-19f">
         <name>.text.__floatsidf</name>
         <load_address>0x52e8</load_address>
         <readonly>true</readonly>
         <executable>true</executable>
         <run_address>0x52e8</run_address>
         <size>0x2c</size>
         <alignment>0x4</alignment>
         <input_file_ref idref="fl-d0"/>
      </object_component>
      <object_component id="oc-2d8">
         <name>.text.DL_Common_updateReg</name>
         <load_address>0x5314</load_address>
         <readonly>true</readonly>
         <executable>true</executable>
         <run_address>0x5314</run_address>
         <size>0x28</size>
         <alignment>0x2</alignment>
         <input_file_ref idref="fl-6"/>
      </object_component>
      <object_component id="oc-2ba">
         <name>.text.DL_Common_updateReg</name>
         <load_address>0x533c</load_address>
         <readonly>true</readonly>
         <executable>true</executable>
         <run_address>0x533c</run_address>
         <size>0x28</size>
         <alignment>0x2</alignment>
         <input_file_ref idref="fl-2"/>
      </object_component>
      <object_component id="oc-26d">
         <name>.text.DL_I2C_setControllerRXFIFOThreshold</name>
         <load_address>0x5364</load_address>
         <readonly>true</readonly>
         <executable>true</executable>
         <run_address>0x5364</run_address>
         <size>0x28</size>
         <alignment>0x4</alignment>
         <input_file_ref idref="fl-2"/>
      </object_component>
      <object_component id="oc-26c">
         <name>.text.DL_I2C_setControllerTXFIFOThreshold</name>
         <load_address>0x538c</load_address>
         <readonly>true</readonly>
         <executable>true</executable>
         <run_address>0x538c</run_address>
         <size>0x28</size>
         <alignment>0x4</alignment>
         <input_file_ref idref="fl-2"/>
      </object_component>
      <object_component id="oc-1e2">
         <name>.text.OLED_Pow</name>
         <load_address>0x53b4</load_address>
         <readonly>true</readonly>
         <executable>true</executable>
         <run_address>0x53b4</run_address>
         <size>0x28</size>
         <alignment>0x2</alignment>
         <input_file_ref idref="fl-6"/>
      </object_component>
      <object_component id="oc-65">
         <name>.text:_c_int00_noargs</name>
         <load_address>0x53dc</load_address>
         <readonly>true</readonly>
         <executable>true</executable>
         <run_address>0x53dc</run_address>
         <size>0x28</size>
         <alignment>0x4</alignment>
         <input_file_ref idref="fl-48"/>
      </object_component>
      <object_component id="oc-268">
         <name>.text.DL_I2C_setAnalogGlitchFilterPulseWidth</name>
         <load_address>0x5404</load_address>
         <readonly>true</readonly>
         <executable>true</executable>
         <run_address>0x5404</run_address>
         <size>0x26</size>
         <alignment>0x2</alignment>
         <input_file_ref idref="fl-2"/>
      </object_component>
      <object_component id="oc-267">
         <name>.text.DL_I2C_setClockConfig</name>
         <load_address>0x542a</load_address>
         <readonly>true</readonly>
         <executable>true</executable>
         <run_address>0x542a</run_address>
         <size>0x26</size>
         <alignment>0x2</alignment>
         <input_file_ref idref="fl-20"/>
      </object_component>
      <object_component id="oc-15d">
         <name>.text.SOC_UART1_Init</name>
         <load_address>0x5450</load_address>
         <readonly>true</readonly>
         <executable>true</executable>
         <run_address>0x5450</run_address>
         <size>0x24</size>
         <alignment>0x4</alignment>
         <input_file_ref idref="fl-a"/>
      </object_component>
      <object_component id="oc-15c">
         <name>.text.SYS_UART0_Init</name>
         <load_address>0x5474</load_address>
         <readonly>true</readonly>
         <executable>true</executable>
         <run_address>0x5474</run_address>
         <size>0x24</size>
         <alignment>0x4</alignment>
         <input_file_ref idref="fl-a"/>
      </object_component>
      <object_component id="oc-15e">
         <name>.text.Screen_UART2_Init</name>
         <load_address>0x5498</load_address>
         <readonly>true</readonly>
         <executable>true</executable>
         <run_address>0x5498</run_address>
         <size>0x24</size>
         <alignment>0x4</alignment>
         <input_file_ref idref="fl-a"/>
      </object_component>
      <object_component id="oc-204">
         <name>.text.__muldi3</name>
         <load_address>0x54bc</load_address>
         <readonly>true</readonly>
         <executable>true</executable>
         <run_address>0x54bc</run_address>
         <size>0x24</size>
         <alignment>0x4</alignment>
         <input_file_ref idref="fl-d4"/>
      </object_component>
      <object_component id="oc-1f5">
         <name>.text.memccpy</name>
         <load_address>0x54e0</load_address>
         <readonly>true</readonly>
         <executable>true</executable>
         <run_address>0x54e0</run_address>
         <size>0x22</size>
         <alignment>0x2</alignment>
         <input_file_ref idref="fl-42"/>
      </object_component>
      <object_component id="oc-243">
         <name>.text.DL_GPIO_initPeripheralInputFunction</name>
         <load_address>0x5504</load_address>
         <readonly>true</readonly>
         <executable>true</executable>
         <run_address>0x5504</run_address>
         <size>0x20</size>
         <alignment>0x4</alignment>
         <input_file_ref idref="fl-2"/>
      </object_component>
      <object_component id="oc-6c">
         <name>.text.DL_Interrupt_getStatusGroup</name>
         <load_address>0x5524</load_address>
         <readonly>true</readonly>
         <executable>true</executable>
         <run_address>0x5524</run_address>
         <size>0x20</size>
         <alignment>0x4</alignment>
         <input_file_ref idref="fl-4"/>
      </object_component>
      <object_component id="oc-24c">
         <name>.text.DL_SYSCTL_setFlashWaitState</name>
         <load_address>0x5544</load_address>
         <readonly>true</readonly>
         <executable>true</executable>
         <run_address>0x5544</run_address>
         <size>0x20</size>
         <alignment>0x4</alignment>
         <input_file_ref idref="fl-2"/>
      </object_component>
      <object_component id="oc-215">
         <name>.text.DL_UART_transmitDataBlocking</name>
         <load_address>0x5564</load_address>
         <readonly>true</readonly>
         <executable>true</executable>
         <run_address>0x5564</run_address>
         <size>0x20</size>
         <alignment>0x4</alignment>
         <input_file_ref idref="fl-22"/>
      </object_component>
      <object_component id="oc-12d">
         <name>.text.Velocity_PID_Init</name>
         <load_address>0x5584</load_address>
         <readonly>true</readonly>
         <executable>true</executable>
         <run_address>0x5584</run_address>
         <size>0x20</size>
         <alignment>0x4</alignment>
         <input_file_ref idref="fl-8"/>
      </object_component>
      <object_component id="oc-275">
         <name>.text.DL_UART_setOversampling</name>
         <load_address>0x55a4</load_address>
         <readonly>true</readonly>
         <executable>true</executable>
         <run_address>0x55a4</run_address>
         <size>0x1e</size>
         <alignment>0x2</alignment>
         <input_file_ref idref="fl-2"/>
      </object_component>
      <object_component id="oc-2c8">
         <name>.text.__ashldi3</name>
         <load_address>0x55c4</load_address>
         <readonly>true</readonly>
         <executable>true</executable>
         <run_address>0x55c4</run_address>
         <size>0x1e</size>
         <alignment>0x4</alignment>
         <input_file_ref idref="fl-e0"/>
      </object_component>
      <object_component id="oc-6e">
         <name>.text.DL_GPIO_clearInterruptStatus</name>
         <load_address>0x55e4</load_address>
         <readonly>true</readonly>
         <executable>true</executable>
         <run_address>0x55e4</run_address>
         <size>0x1c</size>
         <alignment>0x4</alignment>
         <input_file_ref idref="fl-4"/>
      </object_component>
      <object_component id="oc-249">
         <name>.text.DL_GPIO_clearInterruptStatus</name>
         <load_address>0x5600</load_address>
         <readonly>true</readonly>
         <executable>true</executable>
         <run_address>0x5600</run_address>
         <size>0x1c</size>
         <alignment>0x4</alignment>
         <input_file_ref idref="fl-2"/>
      </object_component>
      <object_component id="oc-242">
         <name>.text.DL_GPIO_enableHiZ</name>
         <load_address>0x561c</load_address>
         <readonly>true</readonly>
         <executable>true</executable>
         <run_address>0x561c</run_address>
         <size>0x1c</size>
         <alignment>0x4</alignment>
         <input_file_ref idref="fl-2"/>
      </object_component>
      <object_component id="oc-24a">
         <name>.text.DL_GPIO_enableInterrupt</name>
         <load_address>0x5638</load_address>
         <readonly>true</readonly>
         <executable>true</executable>
         <run_address>0x5638</run_address>
         <size>0x1c</size>
         <alignment>0x4</alignment>
         <input_file_ref idref="fl-2"/>
      </object_component>
      <object_component id="oc-246">
         <name>.text.DL_GPIO_initDigitalInput</name>
         <load_address>0x5654</load_address>
         <readonly>true</readonly>
         <executable>true</executable>
         <run_address>0x5654</run_address>
         <size>0x1c</size>
         <alignment>0x4</alignment>
         <input_file_ref idref="fl-2"/>
      </object_component>
      <object_component id="oc-23f">
         <name>.text.DL_GPIO_initPeripheralOutputFunction</name>
         <load_address>0x5670</load_address>
         <readonly>true</readonly>
         <executable>true</executable>
         <run_address>0x5670</run_address>
         <size>0x1c</size>
         <alignment>0x4</alignment>
         <input_file_ref idref="fl-2"/>
      </object_component>
      <object_component id="oc-248">
         <name>.text.DL_GPIO_setLowerPinsPolarity</name>
         <load_address>0x568c</load_address>
         <readonly>true</readonly>
         <executable>true</executable>
         <run_address>0x568c</run_address>
         <size>0x1c</size>
         <alignment>0x4</alignment>
         <input_file_ref idref="fl-2"/>
      </object_component>
      <object_component id="oc-ba">
         <name>.text.DL_I2C_disableInterrupt</name>
         <load_address>0x56a8</load_address>
         <readonly>true</readonly>
         <executable>true</executable>
         <run_address>0x56a8</run_address>
         <size>0x1c</size>
         <alignment>0x4</alignment>
         <input_file_ref idref="fl-d"/>
      </object_component>
      <object_component id="oc-271">
         <name>.text.DL_I2C_enableInterrupt</name>
         <load_address>0x56c4</load_address>
         <readonly>true</readonly>
         <executable>true</executable>
         <run_address>0x56c4</run_address>
         <size>0x1c</size>
         <alignment>0x4</alignment>
         <input_file_ref idref="fl-2"/>
      </object_component>
      <object_component id="oc-bb">
         <name>.text.DL_I2C_isControllerRXFIFOEmpty</name>
         <load_address>0x56e0</load_address>
         <readonly>true</readonly>
         <executable>true</executable>
         <run_address>0x56e0</run_address>
         <size>0x1c</size>
         <alignment>0x4</alignment>
         <input_file_ref idref="fl-d"/>
      </object_component>
      <object_component id="oc-24d">
         <name>.text.DL_SYSCTL_setSYSOSCFreq</name>
         <load_address>0x56fc</load_address>
         <readonly>true</readonly>
         <executable>true</executable>
         <run_address>0x56fc</run_address>
         <size>0x1c</size>
         <alignment>0x4</alignment>
         <input_file_ref idref="fl-2"/>
      </object_component>
      <object_component id="oc-257">
         <name>.text.DL_SYSCTL_setULPCLKDivider</name>
         <load_address>0x5718</load_address>
         <readonly>true</readonly>
         <executable>true</executable>
         <run_address>0x5718</run_address>
         <size>0x1c</size>
         <alignment>0x4</alignment>
         <input_file_ref idref="fl-2"/>
[...]
      <symbol id="sm-302">
         <name>DL_Timer_setCaptureCompareOutCtl</name>
         <value>0x595d</value>
         <object_component_ref idref="oc-25d"/>
      </symbol>
      <symbol id="sm-303">
         <name>DL_Timer_setCaptCompUpdateMethod</name>
         <value>0x5751</value>
         <object_component_ref idref="oc-25e"/>
      </symbol>
      <symbol id="sm-304">
         <name>DL_TimerA_initPWMMode</name>
         <value>0x4129</value>
         <object_component_ref idref="oc-25c"/>
      </symbol>
      <symbol id="sm-314">
         <name>DL_UART_init</name>
         <value>0x4c59</value>
         <object_component_ref idref="oc-274"/>
      </symbol>
      <symbol id="sm-315">
         <name>DL_UART_setClockConfig</name>
         <value>0x5b7f</value>
         <object_component_ref idref="oc-273"/>
      </symbol>
      <symbol id="sm-316">
         <name>DL_UART_transmitDataBlocking</name>
         <value>0x5565</value>
         <object_component_ref idref="oc-215"/>
      </symbol>
      <symbol id="sm-327">
         <name>DL_SYSCTL_configSYSPLL</name>
         <value>0x3721</value>
         <object_component_ref idref="oc-256"/>
      </symbol>
      <symbol id="sm-328">
         <name>DL_SYSCTL_switchMCLKfromSYSOSCtoHSCLK</name>
         <value>0x4e09</value>
         <object_component_ref idref="oc-258"/>
      </symbol>
      <symbol id="sm-329">
         <name>DL_SYSCTL_setHFCLKSourceHFXTParams</name>
         <value>0x4519</value>
         <object_component_ref idref="oc-250"/>
      </symbol>
      <symbol id="sm-33a">
         <name>printf</name>
         <value>0x47c5</value>
         <object_component_ref idref="oc-91"/>
      </symbol>
      <symbol id="sm-383">
         <name>__TI_printfi</name>
         <value>0xb31</value>
         <object_component_ref idref="oc-183"/>
      </symbol>
      <symbol id="sm-3b4">
         <name>pow</name>
         <value>0xc1</value>
         <object_component_ref idref="oc-105"/>
      </symbol>
      <symbol id="sm-3b5">
         <name>powl</name>
         <value>0xc1</value>
         <object_component_ref idref="oc-105"/>
      </symbol>
      <symbol id="sm-3bf">
         <name>sqrt</name>
         <value>0x28a1</value>
         <object_component_ref idref="oc-1af"/>
      </symbol>
      <symbol id="sm-3c0">
         <name>sqrtl</name>
         <value>0x28a1</value>
         <object_component_ref idref="oc-1af"/>
      </symbol>
      <symbol id="sm-3cb">
         <name>frexp</name>
         <value>0x4769</value>
         <object_component_ref idref="oc-29d"/>
      </symbol>
      <symbol id="sm-3cc">
         <name>frexpl</name>
         <value>0x4769</value>
         <object_component_ref idref="oc-29d"/>
      </symbol>
      <symbol id="sm-3d6">
         <name>scalbn</name>
         <value>0x38d9</value>
         <object_component_ref idref="oc-1aa"/>
      </symbol>
      <symbol id="sm-3d7">
         <name>ldexp</name>
         <value>0x38d9</value>
         <object_component_ref idref="oc-1aa"/>
      </symbol>
      <symbol id="sm-3d8">
         <name>scalbnl</name>
         <value>0x38d9</value>
         <object_component_ref idref="oc-1aa"/>
      </symbol>
      <symbol id="sm-3d9">
         <name>ldexpl</name>
         <value>0x38d9</value>
         <object_component_ref idref="oc-1aa"/>
      </symbol>
      <symbol id="sm-3e4">
         <name>__aeabi_errno_addr</name>
         <value>0x5cad</value>
         <object_component_ref idref="oc-195"/>
      </symbol>
      <symbol id="sm-3e5">
         <name>__aeabi_errno</name>
         <value>0x202007cc</value>
         <object_component_ref idref="oc-21d"/>
      </symbol>
      <symbol id="sm-3ee">
         <name>_nop</name>
         <value>0x3d67</value>
         <object_component_ref idref="oc-184"/>
      </symbol>
      <symbol id="sm-3ef">
         <name>_lock</name>
         <value>0x202007d0</value>
         <object_component_ref idref="oc-f7"/>
      </symbol>
      <symbol id="sm-3f0">
         <name>_unlock</name>
         <value>0x202007d4</value>
         <object_component_ref idref="oc-fd"/>
      </symbol>
      <symbol id="sm-3f9">
         <name>__TI_ltoa</name>
         <value>0x4879</value>
         <object_component_ref idref="oc-2a5"/>
      </symbol>
      <symbol id="sm-404">
         <name>atoi</name>
         <value>0x4f11</value>
         <object_component_ref idref="oc-1fc"/>
      </symbol>
      <symbol id="sm-409">
         <name>_ftable</name>
         <value>0x202006b8</value>
         <object_component_ref idref="oc-f9"/>
      </symbol>
      <symbol id="sm-412">
         <name>memccpy</name>
         <value>0x54e1</value>
         <object_component_ref idref="oc-1f5"/>
      </symbol>
      <symbol id="sm-41e">
         <name>strlen</name>
         <value>0x5c11</value>
         <object_component_ref idref="oc-211"/>
      </symbol>
      <symbol id="sm-42a">
         <name>_c_int00_noargs</name>
         <value>0x53dd</value>
         <object_component_ref idref="oc-65"/>
      </symbol>
      <symbol id="sm-42b">
         <name>__stack</name>
         <value>0x20207e00</value>
         <object_component_ref idref="oc-1a"/>
      </symbol>
      <symbol id="sm-43a">
         <name>__TI_auto_init_nobinit_nopinit</name>
         <value>0x5045</value>
         <object_component_ref idref="oc-16a"/>
      </symbol>
      <symbol id="sm-442">
         <name>_system_pre_init</name>
         <value>0x5d11</value>
         <object_component_ref idref="oc-d5"/>
      </symbol>
      <symbol id="sm-44d">
         <name>__TI_zero_init</name>
         <value>0x5be5</value>
         <object_component_ref idref="oc-62"/>
      </symbol>
      <symbol id="sm-456">
         <name>__TI_decompress_none</name>
         <value>0x5ba3</value>
         <object_component_ref idref="oc-20"/>
      </symbol>
      <symbol id="sm-461">
         <name>__TI_decompress_lzss</name>
         <value>0x41a1</value>
         <object_component_ref idref="oc-1c"/>
      </symbol>
      <symbol id="sm-46a">
         <name>wcslen</name>
         <value>0x5bd5</value>
         <object_component_ref idref="oc-200"/>
      </symbol>
      <symbol id="sm-46d">
         <name>__aeabi_ctype_table_</name>
         <value>0x6550</value>
         <object_component_ref idref="oc-290"/>
      </symbol>
      <symbol id="sm-46e">
         <name>__aeabi_ctype_table_C</name>
         <value>0x6550</value>
         <object_component_ref idref="oc-290"/>
      </symbol>
      <symbol id="sm-478">
         <name>abort</name>
         <value>0x5d15</value>
         <object_component_ref idref="oc-163"/>
      </symbol>
      <symbol id="sm-479">
         <name>C$$EXIT</name>
         <value>0x5d14</value>
         <object_component_ref idref="oc-163"/>
      </symbol>
      <symbol id="sm-48a">
         <name>__aeabi_fadd</name>
         <value>0x39bb</value>
         <object_component_ref idref="oc-9d"/>
      </symbol>
      <symbol id="sm-48b">
         <name>__addsf3</name>
         <value>0x39bb</value>
         <object_component_ref idref="oc-9d"/>
      </symbol>
      <symbol id="sm-48c">
         <name>__aeabi_fsub</name>
         <value>0x39b1</value>
         <object_component_ref idref="oc-9d"/>
      </symbol>
      <symbol id="sm-48d">
         <name>__subsf3</name>
         <value>0x39b1</value>
         <object_component_ref idref="oc-9d"/>
      </symbol>
      <symbol id="sm-493">
         <name>__aeabi_dadd</name>
         <value>0x2717</value>
         <object_component_ref idref="oc-120"/>
      </symbol>
      <symbol id="sm-494">
         <name>__adddf3</name>
         <value>0x2717</value>
         <object_component_ref idref="oc-120"/>
      </symbol>
      <symbol id="sm-495">
         <name>__aeabi_dsub</name>
         <value>0x270d</value>
         <object_component_ref idref="oc-120"/>
      </symbol>
      <symbol id="sm-496">
         <name>__subdf3</name>
         <value>0x270d</value>
         <object_component_ref idref="oc-120"/>
      </symbol>
      <symbol id="sm-4a2">
         <name>__aeabi_dmul</name>
         <value>0x355d</value>
         <object_component_ref idref="oc-10b"/>
      </symbol>
      <symbol id="sm-4a3">
         <name>__muldf3</name>
         <value>0x355d</value>
         <object_component_ref idref="oc-10b"/>
      </symbol>
      <symbol id="sm-4ac">
         <name>__muldsi3</name>
         <value>0x50bd</value>
         <object_component_ref idref="oc-1b5"/>
      </symbol>
      <symbol id="sm-4b2">
         <name>__aeabi_fmul</name>
         <value>0x3e95</value>
         <object_component_ref idref="oc-117"/>
      </symbol>
      <symbol id="sm-4b3">
         <name>__mulsf3</name>
         <value>0x3e95</value>
         <object_component_ref idref="oc-117"/>
      </symbol>
      <symbol id="sm-4b9">
         <name>__aeabi_fdiv</name>
         <value>0x4029</value>
         <object_component_ref idref="oc-101"/>
      </symbol>
      <symbol id="sm-4ba">
         <name>__divsf3</name>
         <value>0x4029</value>
         <object_component_ref idref="oc-101"/>
      </symbol>
      <symbol id="sm-4c0">
         <name>__aeabi_ddiv</name>
         <value>0x3369</value>
         <object_component_ref idref="oc-124"/>
      </symbol>
      <symbol id="sm-4c1">
         <name>__divdf3</name>
         <value>0x3369</value>
         <object_component_ref idref="oc-124"/>
      </symbol>
      <symbol id="sm-4c7">
         <name>__aeabi_f2d</name>
         <value>0x4ed1</value>
         <object_component_ref idref="oc-8d"/>
      </symbol>
      <symbol id="sm-4c8">
         <name>__extendsfdf2</name>
         <value>0x4ed1</value>
         <object_component_ref idref="oc-8d"/>
      </symbol>
      <symbol id="sm-4ce">
         <name>__aeabi_d2iz</name>
         <value>0x4c0d</value>
         <object_component_ref idref="oc-2a1"/>
      </symbol>
      <symbol id="sm-4cf">
         <name>__fixdfsi</name>
         <value>0x4c0d</value>
         <object_component_ref idref="oc-2a1"/>
      </symbol>
      <symbol id="sm-4d5">
         <name>__aeabi_f2iz</name>
         <value>0x5131</value>
         <object_component_ref idref="oc-113"/>
      </symbol>
      <symbol id="sm-4d6">
         <name>__fixsfsi</name>
         <value>0x5131</value>
         <object_component_ref idref="oc-113"/>
      </symbol>
      <symbol id="sm-4dc">
         <name>__aeabi_d2uiz</name>
         <value>0x4e4d</value>
         <object_component_ref idref="oc-136"/>
      </symbol>
      <symbol id="sm-4dd">
         <name>__fixunsdfsi</name>
         <value>0x4e4d</value>
         <object_component_ref idref="oc-136"/>
      </symbol>
      <symbol id="sm-4e3">
         <name>__aeabi_i2d</name>
         <value>0x52e9</value>
         <object_component_ref idref="oc-19f"/>
      </symbol>
      <symbol id="sm-4e4">
         <name>__floatsidf</name>
         <value>0x52e9</value>
         <object_component_ref idref="oc-19f"/>
      </symbol>
      <symbol id="sm-4ea">
         <name>__aeabi_i2f</name>
         <value>0x4fcd</value>
         <object_component_ref idref="oc-99"/>
      </symbol>
      <symbol id="sm-4eb">
         <name>__floatsisf</name>
         <value>0x4fcd</value>
         <object_component_ref idref="oc-99"/>
      </symbol>
      <symbol id="sm-4f1">
         <name>__aeabi_lmul</name>
         <value>0x54bd</value>
         <object_component_ref idref="oc-204"/>
      </symbol>
      <symbol id="sm-4f2">
         <name>__muldi3</name>
         <value>0x54bd</value>
         <object_component_ref idref="oc-204"/>
      </symbol>
      <symbol id="sm-4f9">
         <name>__aeabi_d2f</name>
         <value>0x4291</value>
         <object_component_ref idref="oc-10f"/>
      </symbol>
      <symbol id="sm-4fa">
         <name>__truncdfsf2</name>
         <value>0x4291</value>
         <object_component_ref idref="oc-10f"/>
      </symbol>
      <symbol id="sm-500">
         <name>__aeabi_dcmpeq</name>
         <value>0x4645</value>
         <object_component_ref idref="oc-1a4"/>
      </symbol>
      <symbol id="sm-501">
         <name>__aeabi_dcmplt</name>
         <value>0x4659</value>
         <object_component_ref idref="oc-1a4"/>
      </symbol>
      <symbol id="sm-502">
         <name>__aeabi_dcmple</name>
         <value>0x466d</value>
         <object_component_ref idref="oc-1a4"/>
      </symbol>
      <symbol id="sm-503">
         <name>__aeabi_dcmpge</name>
         <value>0x4681</value>
         <object_component_ref idref="oc-1a4"/>
      </symbol>
      <symbol id="sm-504">
         <name>__aeabi_dcmpgt</name>
         <value>0x4695</value>
         <object_component_ref idref="oc-1a4"/>
      </symbol>
      <symbol id="sm-50a">
         <name>__aeabi_fcmpeq</name>
         <value>0x46a9</value>
         <object_component_ref idref="oc-a2"/>
      </symbol>
      <symbol id="sm-50b">
         <name>__aeabi_fcmplt</name>
         <value>0x46bd</value>
         <object_component_ref idref="oc-a2"/>
      </symbol>
      <symbol id="sm-50c">
         <name>__aeabi_fcmple</name>
         <value>0x46d1</value>
         <object_component_ref idref="oc-a2"/>
      </symbol>
      <symbol id="sm-50d">
         <name>__aeabi_fcmpge</name>
         <value>0x46e5</value>
         <object_component_ref idref="oc-a2"/>
      </symbol>
      <symbol id="sm-50e">
         <name>__aeabi_fcmpgt</name>
         <value>0x46f9</value>
         <object_component_ref idref="oc-a2"/>
      </symbol>
      <symbol id="sm-514">
         <name>__aeabi_idiv</name>
         <value>0x4929</value>
         <object_component_ref idref="oc-2d1"/>
      </symbol>
      <symbol id="sm-515">
         <name>__aeabi_idivmod</name>
         <value>0x4929</value>
         <object_component_ref idref="oc-2d1"/>
      </symbol>
      <symbol id="sm-51b">
         <name>__aeabi_memcpy</name>
         <value>0x5cb5</value>
         <object_component_ref idref="oc-55"/>
      </symbol>
      <symbol id="sm-51c">
         <name>__aeabi_memcpy4</name>
         <value>0x5cb5</value>
         <object_component_ref idref="oc-55"/>
      </symbol>
      <symbol id="sm-51d">
         <name>__aeabi_memcpy8</name>
         <value>0x5cb5</value>
         <object_component_ref idref="oc-55"/>
      </symbol>
      <symbol id="sm-526">
         <name>__aeabi_memset</name>
         <value>0x5bf5</value>
         <object_component_ref idref="oc-1f4"/>
      </symbol>
      <symbol id="sm-527">
         <name>__aeabi_memset4</name>
         <value>0x5bf5</value>
         <object_component_ref idref="oc-1f4"/>
      </symbol>
      <symbol id="sm-528">
         <name>__aeabi_memset8</name>
         <value>0x5bf5</value>
         <object_component_ref idref="oc-1f4"/>
      </symbol>
      <symbol id="sm-529">
         <name>__aeabi_memclr</name>
         <value>0x5c39</value>
         <object_component_ref idref="oc-d0"/>
      </symbol>
      <symbol id="sm-52a">
         <name>__aeabi_memclr4</name>
         <value>0x5c39</value>
         <object_component_ref idref="oc-d0"/>
      </symbol>
      <symbol id="sm-52b">
         <name>__aeabi_memclr8</name>
         <value>0x5c39</value>
         <object_component_ref idref="oc-d0"/>
      </symbol>
      <symbol id="sm-531">
         <name>__aeabi_uidiv</name>
         <value>0x4e91</value>
         <object_component_ref idref="oc-1e3"/>
      </symbol>
      <symbol id="sm-532">
         <name>__aeabi_uidivmod</name>
         <value>0x4e91</value>
         <object_component_ref idref="oc-1e3"/>
      </symbol>
      <symbol id="sm-538">
         <name>__aeabi_uldivmod</name>
         <value>0x5b21</value>
         <object_component_ref idref="oc-209"/>
      </symbol>
      <symbol id="sm-541">
         <name>__eqsf2</name>
         <value>0x5081</value>
         <object_component_ref idref="oc-12f"/>
      </symbol>
      <symbol id="sm-542">
         <name>__lesf2</name>
         <value>0x5081</value>
         <object_component_ref idref="oc-12f"/>
      </symbol>
      <symbol id="sm-543">
         <name>__ltsf2</name>
         <value>0x5081</value>
         <object_component_ref idref="oc-12f"/>
      </symbol>
      <symbol id="sm-544">
         <name>__nesf2</name>
         <value>0x5081</value>
         <object_component_ref idref="oc-12f"/>
      </symbol>
      <symbol id="sm-545">
         <name>__cmpsf2</name>
         <value>0x5081</value>
         <object_component_ref idref="oc-12f"/>
      </symbol>
      <symbol id="sm-546">
         <name>__gtsf2</name>
         <value>0x5009</value>
         <object_component_ref idref="oc-134"/>
      </symbol>
      <symbol id="sm-547">
         <name>__gesf2</name>
         <value>0x5009</value>
         <object_component_ref idref="oc-134"/>
      </symbol>
      <symbol id="sm-54d">
         <name>__udivmoddi4</name>
         <value>0x3cc5</value>
         <object_component_ref idref="oc-298"/>
      </symbol>
      <symbol id="sm-553">
         <name>__aeabi_llsl</name>
         <value>0x55c5</value>
         <object_component_ref idref="oc-2c8"/>
      </symbol>
      <symbol id="sm-554">
         <name>__ashldi3</name>
         <value>0x55c5</value>
         <object_component_ref idref="oc-2c8"/>
      </symbol>
      <symbol id="sm-562">
         <name>__ledf2</name>
         <value>0x4375</value>
         <object_component_ref idref="oc-222"/>
      </symbol>
      <symbol id="sm-563">
         <name>__gedf2</name>
         <value>0x4305</value>
         <object_component_ref idref="oc-228"/>
      </symbol>
      <symbol id="sm-564">
         <name>__cmpdf2</name>
         <value>0x4375</value>
         <object_component_ref idref="oc-222"/>
      </symbol>
      <symbol id="sm-565">
         <name>__eqdf2</name>
         <value>0x4375</value>
         <object_component_ref idref="oc-222"/>
      </symbol>
      <symbol id="sm-566">
         <name>__ltdf2</name>
         <value>0x4375</value>
         <object_component_ref idref="oc-222"/>
      </symbol>
      <symbol id="sm-567">
         <name>__nedf2</name>
         <value>0x4375</value>
         <object_component_ref idref="oc-222"/>
      </symbol>
      <symbol id="sm-568">
         <name>__gtdf2</name>
         <value>0x4305</value>
         <object_component_ref idref="oc-228"/>
      </symbol>
      <symbol id="sm-575">
         <name>__aeabi_idiv0</name>
         <value>0x289f</value>
         <object_component_ref idref="oc-284"/>
      </symbol>
      <symbol id="sm-576">
         <name>__aeabi_ldiv0</name>
         <value>0x3b4f</value>
         <object_component_ref idref="oc-2c7"/>
      </symbol>
      <symbol id="sm-57f">
         <name>TI_memcpy_small</name>
         <value>0x5b91</value>
         <object_component_ref idref="oc-146"/>
      </symbol>
      <symbol id="sm-588">
         <name>TI_memset_small</name>
         <value>0x5c1f</value>
         <object_component_ref idref="oc-1c4"/>
      </symbol>
      <symbol id="sm-589">
         <name>__TI_static_base__</name>
         <value>0x0</value>
      </symbol>
      <symbol id="sm-58d">
         <name>__mpu_init</name>
         <value>0x0</value>
      </symbol>
      <symbol id="sm-58e">
         <name>_system_post_cinit</name>
         <value>0x0</value>
      </symbol>
   </symbol_table>
   <title>Link successful</title>
</link_info>
