******************************************************************************
            TI ARM Clang Linker PC v3.2.2                      
******************************************************************************
>> Linked Thu Jul 25 21:54:34 2024

OUTPUT FILE NAME:   <empty_LP_MSPM0G3507_nortos_ticlang.out>
ENTRY POINT SYMBOL: "_c_int00_noargs"  address: 000053dd


MEMORY CONFIGURATION

         name            origin    length      used     unused   attr    fill
----------------------  --------  ---------  --------  --------  ----  --------
  FLASH                 00000000   00020000  00006788  00019878  R  X
  SRAM                  20200000   00008000  000009d9  00007627  RW X
  BCR_CONFIG            41c00000   00000080  00000000  00000080  R   
  BSL_CONFIG            41c00100   00000080  00000000  00000080  R   


SEGMENT ALLOCATION MAP

run origin  load origin   length   init length attrs members
----------  ----------- ---------- ----------- ----- -------
00000000    00000000    00006788   00006788    r-x
  00000000    00000000    000000c0   000000c0    r-- .intvecs
  000000c0    000000c0    00005c60   00005c60    r-x .text
  00005d20    00005d20    00000a00   00000a00    r-- .rodata
  00006720    00006720    00000068   00000068    r-- .cinit
20200000    20200000    000007dc   00000000    rw-
  20200000    20200000    000006b5   00000000    rw- .bss
  202006b8    202006b8    00000124   00000000    rw- .data
20207e00    20207e00    00000200   00000000    rw-
  20207e00    20207e00    00000200   00000000    rw- .stack


SECTION ALLOCATION MAP

 output                                  attributes/
section   page    origin      length       input sections
--------  ----  ----------  ----------   ----------------
.intvecs   0    00000000    000000c0     
                  00000000    000000c0     startup_mspm0g350x_ticlang.o (.intvecs)

.text      0    000000c0    00005c60     
                  000000c0    00000a70     libc.a : e_pow.c.obj (.text.pow)
                  00000b30    00000a00            : _printfi.c.obj (.text:__TI_printfi)
                  00001530    00000434     Encoder.o (.text.GROUP1_IRQHandler)
                  00001964    00000270     PID.o (.text.Turn_hd_PID)
                  00001bd4    00000230     main.o (.text.SYS_RxPro)
                  00001e04    00000220     libc.a : _printfi.c.obj (.text._pconv_a)
                  00002024    000001dc            : _printfi.c.obj (.text._pconv_g)
                  00002200    000001b8     motor.o (.text.Set_Speed)
                  000023b8    000001ac     main.o (.text.TIMG0_IRQHandler)
                  00002564    000001a8     ti_msp_dl_config.o (.text.SYSCFG_DL_GPIO_init)
                  0000270c    00000192     libclang_rt.builtins.a : adddf3.S.obj (.text.adddf3_subdf3)
                  0000289e    00000002                            : aeabi_div0.c.obj (.text.__aeabi_idiv0)
                  000028a0    00000184     libc.a : e_sqrt.c.obj (.text.sqrt)
                  00002a24    00000144     OLED.o (.text.OLED_ShowImage)
                  00002b68    0000013c     Serial.o (.text.UART0_IRQHandler)
                  00002ca4    0000013c     libc.a : _printfi.c.obj (.text.fcvt)
                  00002de0    0000012c     bsp_mpu6050.o (.text.I2C1_IRQHandler)
                  00002f0c    00000120     PID.o (.text.Velocity_PID)
                  0000302c    00000120     libc.a : _printfi.c.obj (.text._pconv_e)
                  0000314c    00000110     PID.o (.text.Get_TraceData)
                  0000325c    0000010c     Encoder.o (.text.MEASURE_MOTORS_SPEED)
                  00003368    0000010c     libclang_rt.builtins.a : divdf3.S.obj (.text.__divdf3)
                  00003474    000000e8     driverlib.a : dl_timer.o (.text.DL_Timer_initTimerMode)
                  0000355c    000000e4     libclang_rt.builtins.a : muldf3.S.obj (.text.__muldf3)
                  00003640    000000e0     Serial.o (.text.UART1_IRQHandler)
                  00003720    000000dc     driverlib.a : dl_sysctl_mspm0g1x0x_g3x0x.o (.text.DL_SYSCTL_configSYSPLL)
                  000037fc    000000dc     OLED.o (.text.OLED_ClearArea)
                  000038d8    000000d8     libc.a : s_scalbn.c.obj (.text.scalbn)
                  000039b0    000000d8     libclang_rt.builtins.a : addsf3.S.obj (.text)
                  00003a88    000000c6     OLED.o (.text.OLED_ShowSignedNum)
                  00003b4e    00000002     libclang_rt.builtins.a : aeabi_div0.c.obj (.text.__aeabi_ldiv0)
                  00003b50    000000c4     driverlib.a : dl_timer.o (.text.DL_Timer_initPWMMode)
                  00003c14    000000b0     ti_msp_dl_config.o (.text.SYSCFG_DL_initPower)
                  00003cc4    000000a2     libclang_rt.builtins.a : udivmoddi4.S.obj (.text)
                  00003d66    00000002     libc.a : _lock.c.obj (.text._nop)
                  00003d68    0000009c     Serial.o (.text.UART2_IRQHandler)
                  00003e04    0000008e     OLED.o (.text.OLED_Init)
                  00003e92    00000002     --HOLE-- [fill = 0]
                  00003e94    0000008c     libclang_rt.builtins.a : mulsf3.S.obj (.text.__mulsf3)
                  00003f20    00000084     ti_msp_dl_config.o (.text.SYSCFG_DL_PWM_MOTOR_init)
                  00003fa4    00000084     ti_msp_dl_config.o (.text.__NVIC_SetPriority)
                  00004028    00000082     libclang_rt.builtins.a : divsf3.S.obj (.text.__divsf3)
                  000040aa    00000002     --HOLE-- [fill = 0]
                  000040ac    0000007c     OLED.o (.text.OLED_ShowChar)
                  00004128    00000078     driverlib.a : dl_timer.o (.text.DL_TimerA_initPWMMode)
                  000041a0    00000078     libc.a : copy_decompress_lzss.c.obj (.text:decompress:lzss)
                  00004218    00000074     OLED.o (.text.I2C_WriteByte)
                  0000428c    00000004     startup_mspm0g350x_ticlang.o (.text.Default_Handler)
                  00004290    00000074     libclang_rt.builtins.a : truncdfsf2.S.obj (.text.__truncdfsf2)
                  00004304    00000070                            : comparedf2.c.obj (.text.__gedf2)
                  00004374    0000006c                            : comparedf2.c.obj (.text.__ledf2)
                  000043e0    00000068     Encoder.o (.text.Motor2_Get_Speed)
                  00004448    00000068     main.o (.text.Screen_RxPro)
                  000044b0    00000066     libc.a : _printfi.c.obj (.text._mcpy)
                  00004516    00000002     --HOLE-- [fill = 0]
                  00004518    00000064     driverlib.a : dl_sysctl_mspm0g1x0x_g3x0x.o (.text.DL_SYSCTL_setHFCLKSourceHFXTParams)
                  0000457c    00000064     Encoder.o (.text.Motor1_Get_Speed)
                  000045e0    00000064     ti_msp_dl_config.o (.text.SYSCFG_DL_I2C_MPU6050_init)
                  00004644    00000062     libclang_rt.builtins.a : aeabi_dcmp.S.obj (.text.__aeabi_dcmp)
                  000046a6    00000002     --HOLE-- [fill = 0]
                  000046a8    00000062                            : aeabi_fcmp.S.obj (.text.__aeabi_fcmp)
                  0000470a    0000005e     driverlib.a : dl_i2c.o (.text.DL_I2C_fillControllerTXFIFO)
                  00004768    0000005c     libc.a : s_frexp.c.obj (.text.frexp)
                  000047c4    0000005c            : printf.c.obj (.text.printf)
                  00004820    00000058     ti_msp_dl_config.o (.text.SYSCFG_DL_I2C_OLED_init)
                  00004878    00000058     libc.a : _ltoa.c.obj (.text.__TI_ltoa)
                  000048d0    00000058            : _printfi.c.obj (.text._pconv_f)
                  00004928    00000056     libclang_rt.builtins.a : aeabi_idivmod.S.obj (.text.__aeabi_idivmod)
                  0000497e    00000002     --HOLE-- [fill = 0]
                  00004980    00000054     main.o (.text.SOC_RxPro)
                  000049d4    00000054     ti_msp_dl_config.o (.text.SYSCFG_DL_SYSCTL_init)
                  00004a28    00000054     ti_msp_dl_config.o (.text.SYSCFG_DL_UART_Screen_init)
                  00004a7c    00000052     libc.a : _printfi.c.obj (.text._ecpy)
                  00004ace    00000002     --HOLE-- [fill = 0]
                  00004ad0    00000050     OLED.o (.text.DL_I2C_startControllerTransfer)
                  00004b20    00000050     board.o (.text.fputs)
                  00004b70    00000050     main.o (.text.main)
                  00004bc0    0000004c     ti_msp_dl_config.o (.text.DL_UART_setBaudRateDivisor)
                  00004c0c    0000004a     libclang_rt.builtins.a : fixdfsi.S.obj (.text.__fixdfsi)
                  00004c56    00000002     --HOLE-- [fill = 0]
                  00004c58    00000048     driverlib.a : dl_uart.o (.text.DL_UART_init)
                  00004ca0    00000048     PID.o (.text.I_amplitude_limiting)
                  00004ce8    00000048     motor.o (.text.Motor_Off)
                  00004d30    00000048     OLED.o (.text.OLED_Update)
                  00004d78    00000048     ti_msp_dl_config.o (.text.SYSCFG_DL_UART_0_init)
                  00004dc0    00000048     ti_msp_dl_config.o (.text.SYSCFG_DL_UART_SOC_init)
                  00004e08    00000044     driverlib.a : dl_sysctl_mspm0g1x0x_g3x0x.o (.text.DL_SYSCTL_switchMCLKfromSYSOSCtoHSCLK)
                  00004e4c    00000042     libclang_rt.builtins.a : fixunsdfsi.S.obj (.text.__fixunsdfsi)
                  00004e8e    00000002     --HOLE-- [fill = 0]
                  00004e90    00000040                            : aeabi_uidivmod.S.obj (.text.__aeabi_uidivmod)
                  00004ed0    00000040                            : extendsfdf2.S.obj (.text.__extendsfdf2)
                  00004f10    00000040     libc.a : atoi.c.obj (.text.atoi)
                  00004f50    0000003e     OLED.o (.text.OLED_WriteData)
                  00004f8e    00000002     --HOLE-- [fill = 0]
                  00004f90    0000003c     ti_msp_dl_config.o (.text.DL_GPIO_initPeripheralInputFunctionFeatures)
                  00004fcc    0000003c     libclang_rt.builtins.a : floatsisf.S.obj (.text.__floatsisf)
                  00005008    0000003c                            : comparesf2.S.obj (.text.__gtsf2)
                  00005044    0000003c     libc.a : autoinit.c.obj (.text:__TI_auto_init_nobinit_nopinit)
                  00005080    0000003a     libclang_rt.builtins.a : comparesf2.S.obj (.text.__eqsf2)
                  000050ba    00000002     --HOLE-- [fill = 0]
                  000050bc    0000003a                            : muldsi3.S.obj (.text.__muldsi3)
                  000050f6    00000002     --HOLE-- [fill = 0]
                  000050f8    00000038     ti_msp_dl_config.o (.text.SYSCFG_DL_init)
                  00005130    00000038     libclang_rt.builtins.a : fixsfsi.S.obj (.text.__fixsfsi)
                  00005168    00000036     OLED.o (.text.OLED_SetCursor)
                  0000519e    00000002     --HOLE-- [fill = 0]
                  000051a0    00000034     ti_msp_dl_config.o (.text.DL_GPIO_initDigitalInputFeatures)
                  000051d4    00000034     ti_msp_dl_config.o (.text.SYSCFG_DL_TIMER_1_init)
                  00005208    00000030     libc.a : _printfi.c.obj (.text._fcpy)
                  00005238    0000002c     Serial.o (.text.__NVIC_ClearPendingIRQ)
                  00005264    0000002c     Encoder.o (.text.__NVIC_EnableIRQ)
                  00005290    0000002c     Serial.o (.text.__NVIC_EnableIRQ)
                  000052bc    0000002c     Timer.o (.text.__NVIC_EnableIRQ)
                  000052e8    0000002c     libclang_rt.builtins.a : floatsidf.S.obj (.text.__floatsidf)
                  00005314    00000028     OLED.o (.text.DL_Common_updateReg)
                  0000533c    00000028     ti_msp_dl_config.o (.text.DL_Common_updateReg)
                  00005364    00000028     ti_msp_dl_config.o (.text.DL_I2C_setControllerRXFIFOThreshold)
                  0000538c    00000028     ti_msp_dl_config.o (.text.DL_I2C_setControllerTXFIFOThreshold)
                  000053b4    00000028     OLED.o (.text.OLED_Pow)
                  000053dc    00000028     libc.a : boot_cortex_m.c.obj (.text:_c_int00_noargs)
                  00005404    00000026     ti_msp_dl_config.o (.text.DL_I2C_setAnalogGlitchFilterPulseWidth)
                  0000542a    00000026     driverlib.a : dl_i2c.o (.text.DL_I2C_setClockConfig)
                  00005450    00000024     Serial.o (.text.SOC_UART1_Init)
                  00005474    00000024     Serial.o (.text.SYS_UART0_Init)
                  00005498    00000024     Serial.o (.text.Screen_UART2_Init)
                  000054bc    00000024     libclang_rt.builtins.a : muldi3.S.obj (.text.__muldi3)
                  000054e0    00000022     libc.a : memccpy.c.obj (.text.memccpy)
                  00005502    00000002     --HOLE-- [fill = 0]
                  00005504    00000020     ti_msp_dl_config.o (.text.DL_GPIO_initPeripheralInputFunction)
                  00005524    00000020     Encoder.o (.text.DL_Interrupt_getStatusGroup)
                  00005544    00000020     ti_msp_dl_config.o (.text.DL_SYSCTL_setFlashWaitState)
                  00005564    00000020     driverlib.a : dl_uart.o (.text.DL_UART_transmitDataBlocking)
                  00005584    00000020     PID.o (.text.Velocity_PID_Init)
                  000055a4    0000001e     ti_msp_dl_config.o (.text.DL_UART_setOversampling)
                  000055c2    00000002     --HOLE-- [fill = 0]
                  000055c4    0000001e     libclang_rt.builtins.a : ashldi3.S.obj (.text.__ashldi3)
                  000055e2    00000002     --HOLE-- [fill = 0]
                  000055e4    0000001c     Encoder.o (.text.DL_GPIO_clearInterruptStatus)
                  00005600    0000001c     ti_msp_dl_config.o (.text.DL_GPIO_clearInterruptStatus)
                  0000561c    0000001c     ti_msp_dl_config.o (.text.DL_GPIO_enableHiZ)
                  00005638    0000001c     ti_msp_dl_config.o (.text.DL_GPIO_enableInterrupt)
                  00005654    0000001c     ti_msp_dl_config.o (.text.DL_GPIO_initDigitalInput)
                  00005670    0000001c     ti_msp_dl_config.o (.text.DL_GPIO_initPeripheralOutputFunction)
                  0000568c    0000001c     ti_msp_dl_config.o (.text.DL_GPIO_setLowerPinsPolarity)
                  000056a8    0000001c     bsp_mpu6050.o (.text.DL_I2C_disableInterrupt)
                  000056c4    0000001c     ti_msp_dl_config.o (.text.DL_I2C_enableInterrupt)
                  000056e0    0000001c     bsp_mpu6050.o (.text.DL_I2C_isControllerRXFIFOEmpty)
                  000056fc    0000001c     ti_msp_dl_config.o (.text.DL_SYSCTL_setSYSOSCFreq)
                  00005718    0000001c     ti_msp_dl_config.o (.text.DL_SYSCTL_setULPCLKDivider)
                  00005734    0000001c     ti_msp_dl_config.o (.text.DL_Timer_enableInterrupt)
                  00005750    0000001c     driverlib.a : dl_timer.o (.text.DL_Timer_setCaptCompUpdateMethod)
                  0000576c    0000001c                 : dl_timer.o (.text.DL_Timer_setClockConfig)
                  00005788    0000001c     ti_msp_dl_config.o (.text.DL_UART_enableInterrupt)
                  000057a4    0000001c     board.o (.text.fputc)
                  000057c0    0000001c     PID.o (.text.trace_hd_PID_Init)
                  000057dc    00000018     ti_msp_dl_config.o (.text.DL_GPIO_enableOutput)
                  000057f4    00000018     ti_msp_dl_config.o (.text.DL_GPIO_enablePower)
                  0000580c    00000018     Encoder.o (.text.DL_GPIO_getEnabledInterruptStatus)
                  00005824    00000018     ti_msp_dl_config.o (.text.DL_GPIO_initDigitalOutput)
                  0000583c    00000018     ti_msp_dl_config.o (.text.DL_GPIO_initPeripheralAnalogFunction)
                  00005854    00000018     ti_msp_dl_config.o (.text.DL_GPIO_reset)
                  0000586c    00000018     motor.o (.text.DL_GPIO_setPins)
                  00005884    00000018     ti_msp_dl_config.o (.text.DL_I2C_enableAnalogGlitchFilter)
                  0000589c    00000018     ti_msp_dl_config.o (.text.DL_I2C_enableController)
                  000058b4    00000018     ti_msp_dl_config.o (.text.DL_I2C_enableControllerClockStretching)
                  000058cc    00000018     ti_msp_dl_config.o (.text.DL_I2C_enablePower)
                  000058e4    00000018     ti_msp_dl_config.o (.text.DL_I2C_reset)
                  000058fc    00000018     ti_msp_dl_config.o (.text.DL_I2C_setTimerPeriod)
                  00005914    00000018     ti_msp_dl_config.o (.text.DL_SYSCTL_setBORThreshold)
                  0000592c    00000018     ti_msp_dl_config.o (.text.DL_Timer_enablePower)
                  00005944    00000018     ti_msp_dl_config.o (.text.DL_Timer_reset)
                  0000595c    00000018     driverlib.a : dl_timer.o (.text.DL_Timer_setCaptureCompareOutCtl)
                  00005974    00000018     Timer.o (.text.DL_Timer_startCounter)
                  0000598c    00000018     Serial.o (.text.DL_UART_clearInterruptStatus)
                  000059a4    00000018     ti_msp_dl_config.o (.text.DL_UART_enablePower)
                  000059bc    00000018     ti_msp_dl_config.o (.text.DL_UART_reset)
                  000059d4    00000016     Encoder.o (.text.DL_GPIO_readPins)
                  000059ea    00000016     PID.o (.text.DL_GPIO_readPins)
                  00005a00    00000016     ti_msp_dl_config.o (.text.DL_UART_enable)
                  00005a16    00000016     main.o (.text.DL_UART_transmitData)
                  00005a2c    00000016     OLED.o (.text.OLED_WriteCommand)
                  00005a42    00000014     motor.o (.text.DL_GPIO_clearPins)
                  00005a56    00000014     ti_msp_dl_config.o (.text.DL_GPIO_clearPins)
                  00005a6a    00000002     --HOLE-- [fill = 0]
                  00005a6c    00000014     OLED.o (.text.DL_I2C_getControllerStatus)
                  00005a80    00000014     bsp_mpu6050.o (.text.DL_I2C_receiveControllerData)
                  00005a94    00000014     ti_msp_dl_config.o (.text.DL_I2C_resetControllerTransfer)
                  00005aa8    00000014     ti_msp_dl_config.o (.text.DL_SYSCTL_disableSYSPLL)
                  00005abc    00000014     ti_msp_dl_config.o (.text.DL_Timer_enableClock)
                  00005ad0    00000014     ti_msp_dl_config.o (.text.DL_Timer_setCCPDirection)
                  00005ae4    00000014     Serial.o (.text.DL_UART_receiveData)
                  00005af8    00000014     motor.o (.text.Motor_On)
                  00005b0c    00000014     Timer.o (.text.TIMER_1_Init)
                  00005b20    00000014     libclang_rt.builtins.a : aeabi_uldivmod.S.obj (.text.__aeabi_uldivmod)
                  00005b34    00000014     libc.a : _printfi.c.obj (.text.strchr)
                  00005b48    00000012     bsp_mpu6050.o (.text.DL_I2C_getPendingInterrupt)
                  00005b5a    00000012     main.o (.text.DL_Timer_getPendingInterrupt)
                  00005b6c    00000012     Serial.o (.text.DL_UART_getPendingInterrupt)
                  00005b7e    00000012     driverlib.a : dl_uart.o (.text.DL_UART_setClockConfig)
                  00005b90    00000012     libc.a : memcpy16.S.obj (.text:TI_memcpy_small)
                  00005ba2    00000012            : copy_decompress_none.c.obj (.text:decompress:none)
                  00005bb4    00000010     ti_msp_dl_config.o (.text.DL_SYSCTL_disableHFXT)
                  00005bc4    00000010     driverlib.a : dl_timer.o (.text.DL_Timer_setCaptureCompareValue)
                  00005bd4    00000010     libc.a : wcslen.c.obj (.text.wcslen)
                  00005be4    00000010            : copy_zero_init.c.obj (.text:decompress:ZI)
                  00005bf4    0000000e     libclang_rt.builtins.a : aeabi_memset.S.obj (.text.__aeabi_memset)
                  00005c02    0000000e     libc.a : _printfi.c.obj (.text.strlen)
                  00005c10    0000000e            : strlen.c.obj (.text.strlen)
                  00005c1e    0000000e            : memset16.S.obj (.text:TI_memset_small)
                  00005c2c    0000000c     PID.o (.text.PID_Init)
                  00005c38    0000000c     libclang_rt.builtins.a : aeabi_memset.S.obj (.text.__aeabi_memclr)
                  00005c44    0000000a     driverlib.a : dl_common.o (.text.DL_Common_delayCycles)
                  00005c4e    0000000a     Encoder.o (.text.Encoder_Init)
                  00005c58    0000000a     libc.a : _printfi.c.obj (.text.OUTLINED_FUNCTION_0)
                  00005c62    00000002     --HOLE-- [fill = 0]
                  00005c64    00000010     libclang_rt.builtins.a : adddf3.S.obj (.tramp.__aeabi_dsub.1)
                  00005c74    0000000a     libc.a : e_pow.c.obj (.text.OUTLINED_FUNCTION_0)
                  00005c7e    00000002     --HOLE-- [fill = 0]
                  00005c80    00000010     libclang_rt.builtins.a : muldf3.S.obj (.tramp.__aeabi_dmul.1)
                  00005c90    0000000a     libc.a : _printfi.c.obj (.text.OUTLINED_FUNCTION_1)
                  00005c9a    0000000a            : e_pow.c.obj (.text.OUTLINED_FUNCTION_1)
                  00005ca4    00000008            : e_pow.c.obj (.text.OUTLINED_FUNCTION_2)
                  00005cac    00000008            : aeabi_portable.c.obj (.text.__aeabi_errno_addr)
                  00005cb4    00000008     libclang_rt.builtins.a : aeabi_memcpy.S.obj (.text.__aeabi_memcpy)
                  00005cbc    00000008     libc.a : printf.c.obj (.text._outc)
                  00005cc4    00000008            : printf.c.obj (.text._outs)
                  00005ccc    00000006            : e_pow.c.obj (.text.OUTLINED_FUNCTION_3)
                  00005cd2    00000006            : e_pow.c.obj (.text.OUTLINED_FUNCTION_5)
                  00005cd8    00000010     libclang_rt.builtins.a : adddf3.S.obj (.tramp.__aeabi_dadd.1)
                  00005ce8    00000006     libc.a : e_pow.c.obj (.text.OUTLINED_FUNCTION_6)
                  00005cee    00000004            : e_pow.c.obj (.text.OUTLINED_FUNCTION_4)
                  00005cf2    00000004            : e_pow.c.obj (.text.OUTLINED_FUNCTION_7)
                  00005cf6    00000004            : e_pow.c.obj (.text.OUTLINED_FUNCTION_8)
                  00005cfa    00000004     startup_mspm0g350x_ticlang.o (.text.Reset_Handler)
                  00005cfe    00000002     --HOLE-- [fill = 0]
                  00005d00    00000010     libc.a : boot_cortex_m.c.obj (.tramp._c_int00_noargs.1)
                  00005d10    00000004            : pre_init.c.obj (.text._system_pre_init)
                  00005d14    00000004            : exit.c.obj (.text:abort)
                  00005d18    00000008     --HOLE-- [fill = 0]

.cinit     0    00006720    00000068     
                  00006720    0000003e     (.cinit..data.load) [load image, compression = lzss]
                  0000675e    00000002     --HOLE-- [fill = 0]
                  00006760    0000000c     (__TI_handler_table)
                  0000676c    00000008     (.cinit..bss.load) [load image, compression = zero_init]
                  00006774    00000010     (__TI_cinit_table)
                  00006784    00000004     --HOLE-- [fill = 0]

.rodata    0    00005d20    00000a00     
                  00005d20    000005f0     OLED_Data.o (.rodata.OLED_F8x16)
                  00006310    0000023a     OLED_Data.o (.rodata.OLED_F6x8)
                  0000654a    00000003     ti_msp_dl_config.o (.rodata.gPWM_MOTORClockConfig)
                  0000654d    00000003     ti_msp_dl_config.o (.rodata.gTIMER_1ClockConfig)
                  00006550    00000101     libc.a : aeabi_ctype.S.obj (.rodata:__aeabi_ctype_table_)
                  00006651    00000002     ti_msp_dl_config.o (.rodata.gI2C_MPU6050ClockConfig)
                  00006653    00000002     ti_msp_dl_config.o (.rodata.gI2C_OLEDClockConfig)
                  00006655    00000002     ti_msp_dl_config.o (.rodata.gUART_0ClockConfig)
                  00006657    00000001     --HOLE-- [fill = 0]
                  00006658    00000030     libc.a : e_pow.c.obj (.rodata.cst16)
                  00006688    00000028     ti_msp_dl_config.o (.rodata.gSYSPLLConfig)
                  000066b0    00000014     ti_msp_dl_config.o (.rodata.gTIMER_1TimerConfig)
                  000066c4    00000011     libc.a : _printfi.c.obj (.rodata.str1.11645776875810915891)
                  000066d5    00000011            : _printfi.c.obj (.rodata.str1.44690500295887128011)
                  000066e6    0000000b     main.o (.rodata.str1.176328792963337784071)
                  000066f1    00000001     --HOLE-- [fill = 0]
                  000066f2    0000000a     ti_msp_dl_config.o (.rodata.gUART_0Config)
                  000066fc    0000000a     ti_msp_dl_config.o (.rodata.gUART_SOCConfig)
                  00006706    0000000a     ti_msp_dl_config.o (.rodata.gUART_ScreenConfig)
                  00006710    00000008     ti_msp_dl_config.o (.rodata.gPWM_MOTORConfig)
                  00006718    00000002     ti_msp_dl_config.o (.rodata.gUART_SOCClockConfig)
                  0000671a    00000002     ti_msp_dl_config.o (.rodata.gUART_ScreenClockConfig)
                  0000671c    00000004     --HOLE-- [fill = 0]

.init_array 
*          0    00000000    00000000     UNINITIALIZED

.binit     0    00000000    00000000     

.bss       0    20200000    000006b5     UNINITIALIZED
                  20200000    00000400     (.common:OLED_DisplayBuf)
                  20200400    000000bc     (.common:gPWM_MOTORBackup)
                  202004bc    00000080     (.common:gRxPacket)
                  2020053c    00000080     (.common:gTxPacket)
                  202005bc    00000064     (.common:Serial_RxPacket)
                  20200620    00000028     (.common:Velocity)
                  20200648    00000028     (.common:trace_hd)
                  20200670    00000004     main.o (.bss.TIMG0_IRQHandler.Dif_Out)
                  20200674    00000004     main.o (.bss.TIMG0_IRQHandler.Velocity_IL)
                  20200678    00000004     main.o (.bss.TIMG0_IRQHandler.Velocity_IR)
                  2020067c    00000004     (.common:Motor1_Lucheng)
                  20200680    00000004     (.common:Motor2_Lucheng)
                  20200684    00000004     (.common:Test_Kd)
                  20200688    00000004     (.common:Test_Ki)
                  2020068c    00000004     (.common:Test_Kp)
                  20200690    00000004     (.common:Test_Ks)
                  20200694    00000004     (.common:gRxCount)
                  20200698    00000004     (.common:gRxLen)
                  2020069c    00000004     (.common:gTxCount)
                  202006a0    00000004     (.common:gTxLen)
                  202006a4    00000004     (.common:turn_err)
                  202006a8    00000001     main.o (.bss.TIMG0_IRQHandler.counter_10ms)
                  202006a9    00000001     main.o (.bss.TIMG0_IRQHandler.counter_2ms)
                  202006aa    00000001     (.common:MID_Speed)
                  202006ab    00000001     (.common:RxData)
                  202006ac    00000001     (.common:RxData_type)
                  202006ad    00000001     (.common:RxState_Screen)
                  202006ae    00000001     (.common:SOC_RxData_type)
                  202006af    00000001     (.common:Screen_RxFlag)
                  202006b0    00000001     (.common:Serial_RxFlag)
                  202006b1    00000001     (.common:Soc_RxFlag)
                  202006b2    00000001     (.common:Trace_Byte)
                  202006b3    00000001     (.common:gI2cControllerStatus)
                  202006b4    00000001     (.common:pRxState)

.data      0    202006b8    00000124     UNINITIALIZED
                  202006b8    000000f0     libc.a : defs.c.obj (.data._ftable)
                  202007a8    00000004     PID.o (.data.K_trace)
                  202007ac    00000004     main.o (.data.MT_L)
                  202007b0    00000004     main.o (.data.MT_R)
                  202007b4    00000004     Encoder.o (.data.Measure_Distance)
                  202007b8    00000004     Encoder.o (.data.Motor1_Encoder_Value)
                  202007bc    00000004     Encoder.o (.data.Motor1_Speed)
                  202007c0    00000004     Encoder.o (.data.Motor2_Encoder_Value)
                  202007c4    00000004     Encoder.o (.data.Motor2_Speed)
                  202007c8    00000004     PID.o (.data.Speed_midset)
                  202007cc    00000004     libc.a : aeabi_portable.c.obj (.data.__aeabi_errno)
                  202007d0    00000004            : _lock.c.obj (.data._lock)
                  202007d4    00000004            : _lock.c.obj (.data._unlock)
                  202007d8    00000001     PID.o (.data.Angle_PID_Flag)
                  202007d9    00000001     Serial.o (.data.RxState)
                  202007da    00000001     Serial.o (.data.RxState_SOC)
                  202007db    00000001     PID.o (.data.Test_pid_flag)

.stack     0    20207e00    00000200     UNINITIALIZED
                  20207e00    00000004     libc.a : boot_cortex_m.c.obj (.stack)
                  20207e04    000001fc     --HOLE--

__llvm_prf_cnts 
*          0    20200000    00000000     UNINITIALIZED

__llvm_prf_bits 
*          0    20200000    00000000     UNINITIALIZED

MODULE SUMMARY

       Module                         code    ro data   rw data
       ------                         ----    -------   -------
    .\
       ti_msp_dl_config.o             2742    114       188    
       main.o                         1296    11        128    
       startup_mspm0g350x_ticlang.o   8       192       0      
    +--+------------------------------+-------+---------+---------+
       Total:                         4046    317       316    
                                                               
    .\Driver\
       OLED.o                         1514    0         1024   
       OLED_Data.o                    0       2090      0      
       Encoder.o                      1708    0         28     
       PID.o                          1350    0         91     
       Serial.o                       954     0         25     
       motor.o                        576     0         0      
    +--+------------------------------+-------+---------+---------+
       Total:                         6102    2090      1168   
                                                               
    .\MPU6050\
       bsp_mpu6050.o                  394     0         273    
       board.o                        108     0         0      
    +--+------------------------------+-------+---------+---------+
       Total:                         502     0         273    
                                                               
    .\System\
       Timer.o                        88      0         0      
    +--+------------------------------+-------+---------+---------+
       Total:                         88      0         0      
                                                               
    S:/ti/mspm0_sdk_2_00_01_00/source/ti/driverlib/lib/ticlang/m0p/mspm0g1x0x_g3x0x/driverlib.a
       dl_timer.o                     644     0         0      
       dl_sysctl_mspm0g1x0x_g3x0x.o   388     0         0      
       dl_i2c.o                       132     0         0      
       dl_uart.o                      122     0         0      
       dl_common.o                    10      0         0      
    +--+------------------------------+-------+---------+---------+
       Total:                         1296    0         0      
                                                               
    S:\ti\ccstheia141\ccs\tools\compiler\ti-cgt-armllvm_3.2.2.LTS\lib\armv6m-ti-none-eabi/c/libc.a
       _printfi.c.obj                 4558    34        0      
       e_pow.c.obj                    2730    48        0      
       e_sqrt.c.obj                   388     0         0      
       aeabi_ctype.S.obj              0       257       0      
       defs.c.obj                     0       0         240    
       s_scalbn.c.obj                 216     0         0      
       copy_decompress_lzss.c.obj     120     0         0      
       printf.c.obj                   108     0         0      
       s_frexp.c.obj                  92      0         0      
       _ltoa.c.obj                    88      0         0      
       atoi.c.obj                     64      0         0      
       autoinit.c.obj                 60      0         0      
       boot_cortex_m.c.obj            56      0         0      
       memccpy.c.obj                  34      0         0      
       copy_decompress_none.c.obj     18      0         0      
       memcpy16.S.obj                 18      0         0      
       copy_zero_init.c.obj           16      0         0      
       wcslen.c.obj                   16      0         0      
       memset16.S.obj                 14      0         0      
       strlen.c.obj                   14      0         0      
       aeabi_portable.c.obj           8       0         4      
       _lock.c.obj                    2       0         8      
       exit.c.obj                     4       0         0      
       pre_init.c.obj                 4       0         0      
    +--+------------------------------+-------+---------+---------+
       Total:                         8628    339       252    
                                                               
    S:\ti\ccstheia141\ccs\tools\compiler\ti-cgt-armllvm_3.2.2.LTS\lib\clang/15.0.7/lib/armv6m-ti-none-eabi/libclang_rt.builtins.a
       adddf3.S.obj                   434     0         0      
       divdf3.S.obj                   268     0         0      
       muldf3.S.obj                   244     0         0      
       comparedf2.c.obj               220     0         0      
       addsf3.S.obj                   216     0         0      
       udivmoddi4.S.obj               162     0         0      
       mulsf3.S.obj                   140     0         0      
       divsf3.S.obj                   130     0         0      
       comparesf2.S.obj               118     0         0      
       truncdfsf2.S.obj               116     0         0      
       aeabi_dcmp.S.obj               98      0         0      
       aeabi_fcmp.S.obj               98      0         0      
       aeabi_idivmod.S.obj            86      0         0      
       fixdfsi.S.obj                  74      0         0      
       fixunsdfsi.S.obj               66      0         0      
       aeabi_uidivmod.S.obj           64      0         0      
       extendsfdf2.S.obj              64      0         0      
       floatsisf.S.obj                60      0         0      
       muldsi3.S.obj                  58      0         0      
       fixsfsi.S.obj                  56      0         0      
       floatsidf.S.obj                44      0         0      
       muldi3.S.obj                   36      0         0      
       ashldi3.S.obj                  30      0         0      
       aeabi_memset.S.obj             26      0         0      
       aeabi_uldivmod.S.obj           20      0         0      
       aeabi_memcpy.S.obj             8       0         0      
       aeabi_div0.c.obj               4       0         0      
    +--+------------------------------+-------+---------+---------+
       Total:                         2940    0         0      
                                                               
       Stack:                         0       0         512    
       Linker Generated:              0       98        0      
    +--+------------------------------+-------+---------+---------+
       Grand Total:                   23602   2844      2521   


LINKER GENERATED COPY TABLES

__TI_cinit_table @ 00006774 records: 2, size/record: 8, table size: 16
	.data: load addr=00006720, load size=0000003e bytes, run addr=202006b8, run size=00000124 bytes, compression=lzss
	.bss: load addr=0000676c, load size=00000008 bytes, run addr=20200000, run size=000006b5 bytes, compression=zero_init


LINKER GENERATED HANDLER TABLE

__TI_handler_table @ 00006760 records: 3, size/record: 4, table size: 12
	index: 0, handler: __TI_decompress_lzss
	index: 1, handler: __TI_decompress_none
	index: 2, handler: __TI_zero_init


FAR CALL TRAMPOLINES

callee name               trampoline name
   callee addr  tramp addr   call addr  call info
--------------  -----------  ---------  ----------------
__aeabi_dsub              $Tramp$TT$L$PI$$__aeabi_dsub
   0000270d     00005c64     00005c60   libc.a : _printfi.c.obj (.text.OUTLINED_FUNCTION_0)
                             00005caa          : e_pow.c.obj (.text.OUTLINED_FUNCTION_2)
__aeabi_dmul              $Tramp$TT$L$PI$$__aeabi_dmul
   0000355d     00005c80     00005c7c   libc.a : e_pow.c.obj (.text.OUTLINED_FUNCTION_0)
                             00005ca2          : e_pow.c.obj (.text.OUTLINED_FUNCTION_1)
                             00005cd0          : e_pow.c.obj (.text.OUTLINED_FUNCTION_3)
                             00005cec          : e_pow.c.obj (.text.OUTLINED_FUNCTION_6)
                             00005cf4          : e_pow.c.obj (.text.OUTLINED_FUNCTION_7)
__aeabi_dadd              $Tramp$TT$L$PI$$__aeabi_dadd
   00002717     00005cd8     00005cd6   libc.a : e_pow.c.obj (.text.OUTLINED_FUNCTION_5)
                             00005cf0          : e_pow.c.obj (.text.OUTLINED_FUNCTION_4)
                             00005cf8          : e_pow.c.obj (.text.OUTLINED_FUNCTION_8)
_c_int00_noargs           $Tramp$TT$L$PI$$_c_int00_noargs
   000053dd     00005d00     00005cfa   startup_mspm0g350x_ticlang.o (.text.Reset_Handler)

[4 trampolines]
[11 trampoline calls]


GLOBAL SYMBOLS: SORTED ALPHABETICALLY BY Name 

address   name                                 
-------   ----                                 
0000428d  ADC0_IRQHandler                      
0000428d  ADC1_IRQHandler                      
0000428d  AES_IRQHandler                       
202007d8  Angle_PID_Flag                       
00005d14  C$$EXIT                              
0000428d  CANFD0_IRQHandler                    
0000428d  DAC0_IRQHandler                      
00005c45  DL_Common_delayCycles                
0000470b  DL_I2C_fillControllerTXFIFO          
0000542b  DL_I2C_setClockConfig                
00003721  DL_SYSCTL_configSYSPLL               
00004519  DL_SYSCTL_setHFCLKSourceHFXTParams   
00004e09  DL_SYSCTL_switchMCLKfromSYSOSCtoHSCLK
00004129  DL_TimerA_initPWMMode                
00003b51  DL_Timer_initPWMMode                 
00003475  DL_Timer_initTimerMode               
00005751  DL_Timer_setCaptCompUpdateMethod     
0000595d  DL_Timer_setCaptureCompareOutCtl     
00005bc5  DL_Timer_setCaptureCompareValue      
0000576d  DL_Timer_setClockConfig              
00004c59  DL_UART_init                         
00005b7f  DL_UART_setClockConfig               
00005565  DL_UART_transmitDataBlocking         
0000428d  DMA_IRQHandler                       
0000428d  Default_Handler                      
00005c4f  Encoder_Init                         
0000428d  GROUP0_IRQHandler                    
00001531  GROUP1_IRQHandler                    
0000314d  Get_TraceData                        
0000428d  HardFault_Handler                    
0000428d  I2C0_IRQHandler                      
00002de1  I2C1_IRQHandler                      
00004219  I2C_WriteByte                        
00004ca1  I_amplitude_limiting                 
202007a8  K_trace                              
0000325d  MEASURE_MOTORS_SPEED                 
202006aa  MID_Speed                            
202007ac  MT_L                                 
202007b0  MT_R                                 
202007b4  Measure_Distance                     
202007b8  Motor1_Encoder_Value                 
0000457d  Motor1_Get_Speed                     
2020067c  Motor1_Lucheng                       
202007bc  Motor1_Speed                         
202007c0  Motor2_Encoder_Value                 
000043e1  Motor2_Get_Speed                     
20200680  Motor2_Lucheng                       
202007c4  Motor2_Speed                         
00004ce9  Motor_Off                            
00005af9  Motor_On                             
0000428d  NMI_Handler                          
000037fd  OLED_ClearArea                       
20200000  OLED_DisplayBuf                      
00006310  OLED_F6x8                            
00005d20  OLED_F8x16                           
00003e05  OLED_Init                            
000053b5  OLED_Pow                             
00005169  OLED_SetCursor                       
000040ad  OLED_ShowChar                        
00002a25  OLED_ShowImage                       
00003a89  OLED_ShowSignedNum                   
00004d31  OLED_Update                          
00005a2d  OLED_WriteCommand                    
00004f51  OLED_WriteData                       
00005c2d  PID_Init                             
0000428d  PendSV_Handler                       
0000428d  RTC_IRQHandler                       
00005cfb  Reset_Handler                        
202006ab  RxData                               
202006ac  RxData_type                          
202007d9  RxState                              
202007da  RxState_SOC                          
202006ad  RxState_Screen                       
202006ae  SOC_RxData_type                      
00004981  SOC_RxPro                            
00005451  SOC_UART1_Init                       
0000428d  SPI0_IRQHandler                      
0000428d  SPI1_IRQHandler                      
0000428d  SVC_Handler                          
00002565  SYSCFG_DL_GPIO_init                  
000045e1  SYSCFG_DL_I2C_MPU6050_init           
00004821  SYSCFG_DL_I2C_OLED_init              
00003f21  SYSCFG_DL_PWM_MOTOR_init             
000049d5  SYSCFG_DL_SYSCTL_init                
000051d5  SYSCFG_DL_TIMER_1_init               
00004d79  SYSCFG_DL_UART_0_init                
00004dc1  SYSCFG_DL_UART_SOC_init              
00004a29  SYSCFG_DL_UART_Screen_init           
000050f9  SYSCFG_DL_init                       
00003c15  SYSCFG_DL_initPower                  
00001bd5  SYS_RxPro                            
00005475  SYS_UART0_Init                       
202006af  Screen_RxFlag                        
00004449  Screen_RxPro                         
00005499  Screen_UART2_Init                    
202006b0  Serial_RxFlag                        
202005bc  Serial_RxPacket                      
00002201  Set_Speed                            
202006b1  Soc_RxFlag                           
202007c8  Speed_midset                         
0000428d  SysTick_Handler                      
0000428d  TIMA0_IRQHandler                     
0000428d  TIMA1_IRQHandler                     
00005b0d  TIMER_1_Init                         
000023b9  TIMG0_IRQHandler                     
0000428d  TIMG12_IRQHandler                    
0000428d  TIMG6_IRQHandler                     
0000428d  TIMG7_IRQHandler                     
0000428d  TIMG8_IRQHandler                     
00005b91  TI_memcpy_small                      
00005c1f  TI_memset_small                      
20200684  Test_Kd                              
20200688  Test_Ki                              
2020068c  Test_Kp                              
20200690  Test_Ks                              
202007db  Test_pid_flag                        
202006b2  Trace_Byte                           
00001965  Turn_hd_PID                          
00002b69  UART0_IRQHandler                     
00003641  UART1_IRQHandler                     
00003d69  UART2_IRQHandler                     
0000428d  UART3_IRQHandler                     
20200620  Velocity                             
00002f0d  Velocity_PID                         
00005585  Velocity_PID_Init                    
20208000  __STACK_END                          
00000200  __STACK_SIZE                         
00000000  __TI_ATRegion0_region_sz             
00000000  __TI_ATRegion0_src_addr              
00000000  __TI_ATRegion0_trg_addr              
00000000  __TI_ATRegion1_region_sz             
00000000  __TI_ATRegion1_src_addr              
00000000  __TI_ATRegion1_trg_addr              
00000000  __TI_ATRegion2_region_sz             
00000000  __TI_ATRegion2_src_addr              
00000000  __TI_ATRegion2_trg_addr              
00006774  __TI_CINIT_Base                      
00006784  __TI_CINIT_Limit                     
00006784  __TI_CINIT_Warm                      
00006760  __TI_Handler_Table_Base              
0000676c  __TI_Handler_Table_Limit             
00005045  __TI_auto_init_nobinit_nopinit       
000041a1  __TI_decompress_lzss                 
00005ba3  __TI_decompress_none                 
00004879  __TI_ltoa                            
ffffffff  __TI_pprof_out_hndl                  
00000b31  __TI_printfi                         
ffffffff  __TI_prof_data_size                  
ffffffff  __TI_prof_data_start                 
00000000  __TI_static_base__                   
00005be5  __TI_zero_init                       
00002717  __adddf3                             
000039bb  __addsf3                             
00006550  __aeabi_ctype_table_                 
00006550  __aeabi_ctype_table_C                
00004291  __aeabi_d2f                          
00004c0d  __aeabi_d2iz                         
00004e4d  __aeabi_d2uiz                        
00002717  __aeabi_dadd                         
00004645  __aeabi_dcmpeq                       
00004681  __aeabi_dcmpge                       
00004695  __aeabi_dcmpgt                       
0000466d  __aeabi_dcmple                       
00004659  __aeabi_dcmplt                       
00003369  __aeabi_ddiv                         
0000355d  __aeabi_dmul                         
0000270d  __aeabi_dsub                         
202007cc  __aeabi_errno                        
00005cad  __aeabi_errno_addr                   
00004ed1  __aeabi_f2d                          
00005131  __aeabi_f2iz                         
000039bb  __aeabi_fadd                         
000046a9  __aeabi_fcmpeq                       
000046e5  __aeabi_fcmpge                       
000046f9  __aeabi_fcmpgt                       
000046d1  __aeabi_fcmple                       
000046bd  __aeabi_fcmplt                       
00004029  __aeabi_fdiv                         
00003e95  __aeabi_fmul                         
000039b1  __aeabi_fsub                         
000052e9  __aeabi_i2d                          
00004fcd  __aeabi_i2f                          
00004929  __aeabi_idiv                         
0000289f  __aeabi_idiv0                        
00004929  __aeabi_idivmod                      
00003b4f  __aeabi_ldiv0                        
000055c5  __aeabi_llsl                         
000054bd  __aeabi_lmul                         
00005c39  __aeabi_memclr                       
00005c39  __aeabi_memclr4                      
00005c39  __aeabi_memclr8                      
00005cb5  __aeabi_memcpy                       
00005cb5  __aeabi_memcpy4                      
00005cb5  __aeabi_memcpy8                      
00005bf5  __aeabi_memset                       
00005bf5  __aeabi_memset4                      
00005bf5  __aeabi_memset8                      
00004e91  __aeabi_uidiv                        
00004e91  __aeabi_uidivmod                     
00005b21  __aeabi_uldivmod                     
000055c5  __ashldi3                            
ffffffff  __binit__                            
00004375  __cmpdf2                             
00005081  __cmpsf2                             
00003369  __divdf3                             
00004029  __divsf3                             
00004375  __eqdf2                              
00005081  __eqsf2                              
00004ed1  __extendsfdf2                        
00004c0d  __fixdfsi                            
00005131  __fixsfsi                            
00004e4d  __fixunsdfsi                         
000052e9  __floatsidf                          
00004fcd  __floatsisf                          
00004305  __gedf2                              
00005009  __gesf2                              
00004305  __gtdf2                              
00005009  __gtsf2                              
00004375  __ledf2                              
00005081  __lesf2                              
00004375  __ltdf2                              
00005081  __ltsf2                              
UNDEFED   __mpu_init                           
0000355d  __muldf3                             
000054bd  __muldi3                             
000050bd  __muldsi3                            
00003e95  __mulsf3                             
00004375  __nedf2                              
00005081  __nesf2                              
20207e00  __stack                              
20200000  __start___llvm_prf_bits              
20200000  __start___llvm_prf_cnts              
20200000  __stop___llvm_prf_bits               
20200000  __stop___llvm_prf_cnts               
0000270d  __subdf3                             
000039b1  __subsf3                             
00004291  __truncdfsf2                         
00003cc5  __udivmoddi4                         
000053dd  _c_int00_noargs                      
202006b8  _ftable                              
202007d0  _lock                                
00003d67  _nop                                 
UNDEFED   _system_post_cinit                   
00005d11  _system_pre_init                     
202007d4  _unlock                              
00005d15  abort                                
00004f11  atoi                                 
ffffffff  binit                                
000057a5  fputc                                
00004b21  fputs                                
00004769  frexp                                
00004769  frexpl                               
202006b3  gI2cControllerStatus                 
20200400  gPWM_MOTORBackup                     
20200694  gRxCount                             
20200698  gRxLen                               
202004bc  gRxPacket                            
2020069c  gTxCount                             
202006a0  gTxLen                               
2020053c  gTxPacket                            
00000000  interruptVectors                     
000038d9  ldexp                                
000038d9  ldexpl                               
00004b71  main                                 
000054e1  memccpy                              
202006b4  pRxState                             
000000c1  pow                                  
000000c1  powl                                 
000047c5  printf                               
000038d9  scalbn                               
000038d9  scalbnl                              
000028a1  sqrt                                 
000028a1  sqrtl                                
00005c11  strlen                               
20200648  trace_hd                             
000057c1  trace_hd_PID_Init                    
202006a4  turn_err                             
00005bd5  wcslen                               


GLOBAL SYMBOLS: SORTED BY Symbol Address 

address   name                                 
-------   ----                                 
00000000  __TI_ATRegion0_region_sz             
00000000  __TI_ATRegion0_src_addr              
00000000  __TI_ATRegion0_trg_addr              
00000000  __TI_ATRegion1_region_sz             
00000000  __TI_ATRegion1_src_addr              
00000000  __TI_ATRegion1_trg_addr              
00000000  __TI_ATRegion2_region_sz             
00000000  __TI_ATRegion2_src_addr              
00000000  __TI_ATRegion2_trg_addr              
00000000  __TI_static_base__                   
00000000  interruptVectors                     
000000c1  pow                                  
000000c1  powl                                 
00000200  __STACK_SIZE                         
00000b31  __TI_printfi                         
00001531  GROUP1_IRQHandler                    
00001965  Turn_hd_PID                          
00001bd5  SYS_RxPro                            
00002201  Set_Speed                            
000023b9  TIMG0_IRQHandler                     
00002565  SYSCFG_DL_GPIO_init                  
0000270d  __aeabi_dsub                         
0000270d  __subdf3                             
00002717  __adddf3                             
00002717  __aeabi_dadd                         
0000289f  __aeabi_idiv0                        
000028a1  sqrt                                 
000028a1  sqrtl                                
00002a25  OLED_ShowImage                       
00002b69  UART0_IRQHandler                     
00002de1  I2C1_IRQHandler                      
00002f0d  Velocity_PID                         
0000314d  Get_TraceData                        
0000325d  MEASURE_MOTORS_SPEED                 
00003369  __aeabi_ddiv                         
00003369  __divdf3                             
00003475  DL_Timer_initTimerMode               
0000355d  __aeabi_dmul                         
0000355d  __muldf3                             
00003641  UART1_IRQHandler                     
00003721  DL_SYSCTL_configSYSPLL               
000037fd  OLED_ClearArea                       
000038d9  ldexp                                
000038d9  ldexpl                               
000038d9  scalbn                               
000038d9  scalbnl                              
000039b1  __aeabi_fsub                         
000039b1  __subsf3                             
000039bb  __addsf3                             
000039bb  __aeabi_fadd                         
00003a89  OLED_ShowSignedNum                   
00003b4f  __aeabi_ldiv0                        
00003b51  DL_Timer_initPWMMode                 
00003c15  SYSCFG_DL_initPower                  
00003cc5  __udivmoddi4                         
00003d67  _nop                                 
00003d69  UART2_IRQHandler                     
00003e05  OLED_Init                            
00003e95  __aeabi_fmul                         
00003e95  __mulsf3                             
00003f21  SYSCFG_DL_PWM_MOTOR_init             
00004029  __aeabi_fdiv                         
00004029  __divsf3                             
000040ad  OLED_ShowChar                        
00004129  DL_TimerA_initPWMMode                
000041a1  __TI_decompress_lzss                 
00004219  I2C_WriteByte                        
0000428d  ADC0_IRQHandler                      
0000428d  ADC1_IRQHandler                      
0000428d  AES_IRQHandler                       
0000428d  CANFD0_IRQHandler                    
0000428d  DAC0_IRQHandler                      
0000428d  DMA_IRQHandler                       
0000428d  Default_Handler                      
0000428d  GROUP0_IRQHandler                    
0000428d  HardFault_Handler                    
0000428d  I2C0_IRQHandler                      
0000428d  NMI_Handler                          
0000428d  PendSV_Handler                       
0000428d  RTC_IRQHandler                       
0000428d  SPI0_IRQHandler                      
0000428d  SPI1_IRQHandler                      
0000428d  SVC_Handler                          
0000428d  SysTick_Handler                      
0000428d  TIMA0_IRQHandler                     
0000428d  TIMA1_IRQHandler                     
0000428d  TIMG12_IRQHandler                    
0000428d  TIMG6_IRQHandler                     
0000428d  TIMG7_IRQHandler                     
0000428d  TIMG8_IRQHandler                     
0000428d  UART3_IRQHandler                     
00004291  __aeabi_d2f                          
00004291  __truncdfsf2                         
00004305  __gedf2                              
00004305  __gtdf2                              
00004375  __cmpdf2                             
00004375  __eqdf2                              
00004375  __ledf2                              
00004375  __ltdf2                              
00004375  __nedf2                              
000043e1  Motor2_Get_Speed                     
00004449  Screen_RxPro                         
00004519  DL_SYSCTL_setHFCLKSourceHFXTParams   
0000457d  Motor1_Get_Speed                     
000045e1  SYSCFG_DL_I2C_MPU6050_init           
00004645  __aeabi_dcmpeq                       
00004659  __aeabi_dcmplt                       
0000466d  __aeabi_dcmple                       
00004681  __aeabi_dcmpge                       
00004695  __aeabi_dcmpgt                       
000046a9  __aeabi_fcmpeq                       
000046bd  __aeabi_fcmplt                       
000046d1  __aeabi_fcmple                       
000046e5  __aeabi_fcmpge                       
000046f9  __aeabi_fcmpgt                       
0000470b  DL_I2C_fillControllerTXFIFO          
00004769  frexp                                
00004769  frexpl                               
000047c5  printf                               
00004821  SYSCFG_DL_I2C_OLED_init              
00004879  __TI_ltoa                            
00004929  __aeabi_idiv                         
00004929  __aeabi_idivmod                      
00004981  SOC_RxPro                            
000049d5  SYSCFG_DL_SYSCTL_init                
00004a29  SYSCFG_DL_UART_Screen_init           
00004b21  fputs                                
00004b71  main                                 
00004c0d  __aeabi_d2iz                         
00004c0d  __fixdfsi                            
00004c59  DL_UART_init                         
00004ca1  I_amplitude_limiting                 
00004ce9  Motor_Off                            
00004d31  OLED_Update                          
00004d79  SYSCFG_DL_UART_0_init                
00004dc1  SYSCFG_DL_UART_SOC_init              
00004e09  DL_SYSCTL_switchMCLKfromSYSOSCtoHSCLK
00004e4d  __aeabi_d2uiz                        
00004e4d  __fixunsdfsi                         
00004e91  __aeabi_uidiv                        
00004e91  __aeabi_uidivmod                     
00004ed1  __aeabi_f2d                          
00004ed1  __extendsfdf2                        
00004f11  atoi                                 
00004f51  OLED_WriteData                       
00004fcd  __aeabi_i2f                          
00004fcd  __floatsisf                          
00005009  __gesf2                              
00005009  __gtsf2                              
00005045  __TI_auto_init_nobinit_nopinit       
00005081  __cmpsf2                             
00005081  __eqsf2                              
00005081  __lesf2                              
00005081  __ltsf2                              
00005081  __nesf2                              
000050bd  __muldsi3                            
000050f9  SYSCFG_DL_init                       
00005131  __aeabi_f2iz                         
00005131  __fixsfsi                            
00005169  OLED_SetCursor                       
000051d5  SYSCFG_DL_TIMER_1_init               
000052e9  __aeabi_i2d                          
000052e9  __floatsidf                          
000053b5  OLED_Pow                             
000053dd  _c_int00_noargs                      
0000542b  DL_I2C_setClockConfig                
00005451  SOC_UART1_Init                       
00005475  SYS_UART0_Init                       
00005499  Screen_UART2_Init                    
000054bd  __aeabi_lmul                         
000054bd  __muldi3                             
000054e1  memccpy                              
00005565  DL_UART_transmitDataBlocking         
00005585  Velocity_PID_Init                    
000055c5  __aeabi_llsl                         
000055c5  __ashldi3                            
00005751  DL_Timer_setCaptCompUpdateMethod     
0000576d  DL_Timer_setClockConfig              
000057a5  fputc                                
000057c1  trace_hd_PID_Init                    
0000595d  DL_Timer_setCaptureCompareOutCtl     
00005a2d  OLED_WriteCommand                    
00005af9  Motor_On                             
00005b0d  TIMER_1_Init                         
00005b21  __aeabi_uldivmod                     
00005b7f  DL_UART_setClockConfig               
00005b91  TI_memcpy_small                      
00005ba3  __TI_decompress_none                 
00005bc5  DL_Timer_setCaptureCompareValue      
00005bd5  wcslen                               
00005be5  __TI_zero_init                       
00005bf5  __aeabi_memset                       
00005bf5  __aeabi_memset4                      
00005bf5  __aeabi_memset8                      
00005c11  strlen                               
00005c1f  TI_memset_small                      
00005c2d  PID_Init                             
00005c39  __aeabi_memclr                       
00005c39  __aeabi_memclr4                      
00005c39  __aeabi_memclr8                      
00005c45  DL_Common_delayCycles                
00005c4f  Encoder_Init                         
00005cad  __aeabi_errno_addr                   
00005cb5  __aeabi_memcpy                       
00005cb5  __aeabi_memcpy4                      
00005cb5  __aeabi_memcpy8                      
00005cfb  Reset_Handler                        
00005d11  _system_pre_init                     
00005d14  C$$EXIT                              
00005d15  abort                                
00005d20  OLED_F8x16                           
00006310  OLED_F6x8                            
00006550  __aeabi_ctype_table_                 
00006550  __aeabi_ctype_table_C                
00006760  __TI_Handler_Table_Base              
0000676c  __TI_Handler_Table_Limit             
00006774  __TI_CINIT_Base                      
00006784  __TI_CINIT_Limit                     
00006784  __TI_CINIT_Warm                      
20200000  OLED_DisplayBuf                      
20200000  __start___llvm_prf_bits              
20200000  __start___llvm_prf_cnts              
20200000  __stop___llvm_prf_bits               
20200000  __stop___llvm_prf_cnts               
20200400  gPWM_MOTORBackup                     
202004bc  gRxPacket                            
2020053c  gTxPacket                            
202005bc  Serial_RxPacket                      
20200620  Velocity                             
20200648  trace_hd                             
2020067c  Motor1_Lucheng                       
20200680  Motor2_Lucheng                       
20200684  Test_Kd                              
20200688  Test_Ki                              
2020068c  Test_Kp                              
20200690  Test_Ks                              
20200694  gRxCount                             
20200698  gRxLen                               
2020069c  gTxCount                             
202006a0  gTxLen                               
202006a4  turn_err                             
202006aa  MID_Speed                            
202006ab  RxData                               
202006ac  RxData_type                          
202006ad  RxState_Screen                       
202006ae  SOC_RxData_type                      
202006af  Screen_RxFlag                        
202006b0  Serial_RxFlag                        
202006b1  Soc_RxFlag                           
202006b2  Trace_Byte                           
202006b3  gI2cControllerStatus                 
202006b4  pRxState                             
202006b8  _ftable                              
202007a8  K_trace                              
202007ac  MT_L                                 
202007b0  MT_R                                 
202007b4  Measure_Distance                     
202007b8  Motor1_Encoder_Value                 
202007bc  Motor1_Speed                         
202007c0  Motor2_Encoder_Value                 
202007c4  Motor2_Speed                         
202007c8  Speed_midset                         
202007cc  __aeabi_errno                        
202007d0  _lock                                
202007d4  _unlock                              
202007d8  Angle_PID_Flag                       
202007d9  RxState                              
202007da  RxState_SOC                          
202007db  Test_pid_flag                        
20207e00  __stack                              
20208000  __STACK_END                          
ffffffff  __TI_pprof_out_hndl                  
ffffffff  __TI_prof_data_size                  
ffffffff  __TI_prof_data_start                 
ffffffff  __binit__                            
ffffffff  binit                                
UNDEFED   __mpu_init                           
UNDEFED   _system_post_cinit                   

[278 symbols]
