<?xml version="1.0" encoding="ISO-8859-1" ?>
<link_info>
   <banner>TI ARM Clang Linker PC v3.2.2.LTS</banner>
   <copyright>Copyright (c) 1996-2018 Texas Instruments Incorporated</copyright>
   <link_time>0x66e7bb73</link_time>
   <link_errors>0x0</link_errors>
   <output_file>C:\Users\123\workspace_ccstheia\M0G3507-TI-CAR-main\Debug\M0G3507-TI-CAR-main.out</output_file>
   <entry_point>
      <name>_c_int00_noargs</name>
      <address>0x63e9</address>
   </entry_point>
   <input_file_list>
      <input_file id="fl-1">
         <path>C:\Users\123\workspace_ccstheia\M0G3507-TI-CAR-main\Debug\.\</path>
         <kind>object</kind>
         <file>main.o</file>
         <name>main.o</name>
      </input_file>
      <input_file id="fl-2">
         <path>C:\Users\123\workspace_ccstheia\M0G3507-TI-CAR-main\Debug\.\</path>
         <kind>object</kind>
         <file>ti_msp_dl_config.o</file>
         <name>ti_msp_dl_config.o</name>
      </input_file>
      <input_file id="fl-3">
         <path>C:\Users\123\workspace_ccstheia\M0G3507-TI-CAR-main\Debug\.\</path>
         <kind>object</kind>
         <file>startup_mspm0g350x_ticlang.o</file>
         <name>startup_mspm0g350x_ticlang.o</name>
      </input_file>
      <input_file id="fl-4">
         <path>C:\Users\123\workspace_ccstheia\M0G3507-TI-CAR-main\Debug\.\Driver\</path>
         <kind>object</kind>
         <file>JY61P.o</file>
         <name>JY61P.o</name>
      </input_file>
      <input_file id="fl-5">
         <path>C:\Users\123\workspace_ccstheia\M0G3507-TI-CAR-main\Debug\.\Driver\</path>
         <kind>object</kind>
         <file>Key.o</file>
         <name>Key.o</name>
      </input_file>
      <input_file id="fl-6">
         <path>C:\Users\123\workspace_ccstheia\M0G3507-TI-CAR-main\Debug\.\Driver\</path>
         <kind>object</kind>
         <file>OLED.o</file>
         <name>OLED.o</name>
      </input_file>
      <input_file id="fl-7">
         <path>C:\Users\123\workspace_ccstheia\M0G3507-TI-CAR-main\Debug\.\Driver\</path>
         <kind>object</kind>
         <file>OLED_Data.o</file>
         <name>OLED_Data.o</name>
      </input_file>
      <input_file id="fl-8">
         <path>C:\Users\123\workspace_ccstheia\M0G3507-TI-CAR-main\Debug\.\Driver\</path>
         <kind>object</kind>
         <file>PID.o</file>
         <name>PID.o</name>
      </input_file>
      <input_file id="fl-9">
         <path>C:\Users\123\workspace_ccstheia\M0G3507-TI-CAR-main\Debug\.\Driver\</path>
         <kind>object</kind>
         <file>PWM.o</file>
         <name>PWM.o</name>
      </input_file>
      <input_file id="fl-a">
         <path>C:\Users\123\workspace_ccstheia\M0G3507-TI-CAR-main\Debug\.\Driver\</path>
         <kind>object</kind>
         <file>Serial.o</file>
         <name>Serial.o</name>
      </input_file>
      <input_file id="fl-b">
         <path>C:\Users\123\workspace_ccstheia\M0G3507-TI-CAR-main\Debug\.\Driver\</path>
         <kind>object</kind>
         <file>motor.o</file>
         <name>motor.o</name>
      </input_file>
      <input_file id="fl-c">
         <path>C:\Users\123\workspace_ccstheia\M0G3507-TI-CAR-main\Debug\.\Driver\</path>
         <kind>object</kind>
         <file>nqei.o</file>
         <name>nqei.o</name>
      </input_file>
      <input_file id="fl-d">
         <path>C:\Users\123\workspace_ccstheia\M0G3507-TI-CAR-main\Debug\.\System\</path>
         <kind>object</kind>
         <file>Delay.o</file>
         <name>Delay.o</name>
      </input_file>
      <input_file id="fl-e">
         <path>C:\Users\123\workspace_ccstheia\M0G3507-TI-CAR-main\Debug\.\System\</path>
         <kind>object</kind>
         <file>Path.o</file>
         <name>Path.o</name>
      </input_file>
      <input_file id="fl-f">
         <path>C:\Users\123\workspace_ccstheia\M0G3507-TI-CAR-main\Debug\.\System\</path>
         <kind>object</kind>
         <file>Process.o</file>
         <name>Process.o</name>
      </input_file>
      <input_file id="fl-10">
         <path>C:\Users\123\workspace_ccstheia\M0G3507-TI-CAR-main\Debug\.\System\</path>
         <kind>object</kind>
         <file>Timer.o</file>
         <name>Timer.o</name>
      </input_file>
      <input_file id="fl-1d">
         <path>C:\Users\123\workspace_ccstheia\M0G3507-TI-CAR-main\Debug\</path>
         <kind>object</kind>
         <file>&lt;internal&gt;</file>
         <name>&lt;internal&gt;</name>
      </input_file>
      <input_file id="fl-1e">
         <path>S:\ti\mspm0_sdk_2_00_01_00\source\ti\driverlib\lib\ticlang\m0p\mspm0g1x0x_g3x0x\</path>
         <kind>archive</kind>
         <file>driverlib.a</file>
         <name>dl_common.o</name>
      </input_file>
      <input_file id="fl-1f">
         <path>S:\ti\mspm0_sdk_2_00_01_00\source\ti\driverlib\lib\ticlang\m0p\mspm0g1x0x_g3x0x\</path>
         <kind>archive</kind>
         <file>driverlib.a</file>
         <name>dl_i2c.o</name>
      </input_file>
      <input_file id="fl-20">
         <path>S:\ti\mspm0_sdk_2_00_01_00\source\ti\driverlib\lib\ticlang\m0p\mspm0g1x0x_g3x0x\</path>
         <kind>archive</kind>
         <file>driverlib.a</file>
         <name>dl_timer.o</name>
      </input_file>
      <input_file id="fl-21">
         <path>S:\ti\mspm0_sdk_2_00_01_00\source\ti\driverlib\lib\ticlang\m0p\mspm0g1x0x_g3x0x\</path>
         <kind>archive</kind>
         <file>driverlib.a</file>
         <name>dl_uart.o</name>
      </input_file>
      <input_file id="fl-22">
         <path>S:\ti\mspm0_sdk_2_00_01_00\source\ti\driverlib\lib\ticlang\m0p\mspm0g1x0x_g3x0x\</path>
         <kind>archive</kind>
         <file>driverlib.a</file>
         <name>dl_sysctl_mspm0g1x0x_g3x0x.o</name>
      </input_file>
      <input_file id="fl-31">
         <path>S:\ti\ccstheia141\ccs\tools\compiler\ti-cgt-armllvm_3.2.2.LTS\lib\armv6m-ti-none-eabi\c\</path>
         <kind>archive</kind>
         <file>libc.a</file>
         <name>snprintf.c.obj</name>
      </input_file>
      <input_file id="fl-32">
         <path>S:\ti\ccstheia141\ccs\tools\compiler\ti-cgt-armllvm_3.2.2.LTS\lib\armv6m-ti-none-eabi\c\</path>
         <kind>archive</kind>
         <file>libc.a</file>
         <name>vsprintf.c.obj</name>
      </input_file>
      <input_file id="fl-33">
         <path>S:\ti\ccstheia141\ccs\tools\compiler\ti-cgt-armllvm_3.2.2.LTS\lib\armv6m-ti-none-eabi\c\</path>
         <kind>archive</kind>
         <file>libc.a</file>
         <name>e_atan2.c.obj</name>
      </input_file>
      <input_file id="fl-34">
         <path>S:\ti\ccstheia141\ccs\tools\compiler\ti-cgt-armllvm_3.2.2.LTS\lib\armv6m-ti-none-eabi\c\</path>
         <kind>archive</kind>
         <file>libc.a</file>
         <name>e_pow.c.obj</name>
      </input_file>
      <input_file id="fl-35">
         <path>S:\ti\ccstheia141\ccs\tools\compiler\ti-cgt-armllvm_3.2.2.LTS\lib\armv6m-ti-none-eabi\c\</path>
         <kind>archive</kind>
         <file>libc.a</file>
         <name>e_sqrt.c.obj</name>
      </input_file>
      <input_file id="fl-36">
         <path>S:\ti\ccstheia141\ccs\tools\compiler\ti-cgt-armllvm_3.2.2.LTS\lib\armv6m-ti-none-eabi\c\</path>
         <kind>archive</kind>
         <file>libc.a</file>
         <name>s_atan.c.obj</name>
      </input_file>
      <input_file id="fl-37">
         <path>S:\ti\ccstheia141\ccs\tools\compiler\ti-cgt-armllvm_3.2.2.LTS\lib\armv6m-ti-none-eabi\c\</path>
         <kind>archive</kind>
         <file>libc.a</file>
         <name>s_scalbn.c.obj</name>
      </input_file>
      <input_file id="fl-38">
         <path>S:\ti\ccstheia141\ccs\tools\compiler\ti-cgt-armllvm_3.2.2.LTS\lib\armv6m-ti-none-eabi\c\</path>
         <kind>archive</kind>
         <file>libc.a</file>
         <name>aeabi_portable.c.obj</name>
      </input_file>
      <input_file id="fl-39">
         <path>S:\ti\ccstheia141\ccs\tools\compiler\ti-cgt-armllvm_3.2.2.LTS\lib\armv6m-ti-none-eabi\c\</path>
         <kind>archive</kind>
         <file>libc.a</file>
         <name>assert.c.obj</name>
      </input_file>
      <input_file id="fl-3a">
         <path>S:\ti\ccstheia141\ccs\tools\compiler\ti-cgt-armllvm_3.2.2.LTS\lib\armv6m-ti-none-eabi\c\</path>
         <kind>archive</kind>
         <file>libc.a</file>
         <name>defs.c.obj</name>
      </input_file>
      <input_file id="fl-3b">
         <path>S:\ti\ccstheia141\ccs\tools\compiler\ti-cgt-armllvm_3.2.2.LTS\lib\armv6m-ti-none-eabi\c\</path>
         <kind>archive</kind>
         <file>libc.a</file>
         <name>memory.c.obj</name>
      </input_file>
      <input_file id="fl-3c">
         <path>S:\ti\ccstheia141\ccs\tools\compiler\ti-cgt-armllvm_3.2.2.LTS\lib\armv6m-ti-none-eabi\c\</path>
         <kind>archive</kind>
         <file>libc.a</file>
         <name>strcmp.c.obj</name>
      </input_file>
      <input_file id="fl-3d">
         <path>S:\ti\ccstheia141\ccs\tools\compiler\ti-cgt-armllvm_3.2.2.LTS\lib\armv6m-ti-none-eabi\c\</path>
         <kind>archive</kind>
         <file>libc.a</file>
         <name>boot_cortex_m.c.obj</name>
      </input_file>
      <input_file id="fl-3e">
         <path>S:\ti\ccstheia141\ccs\tools\compiler\ti-cgt-armllvm_3.2.2.LTS\lib\armv6m-ti-none-eabi\c\</path>
         <kind>archive</kind>
         <file>libc.a</file>
         <name>mathacl_init.c.obj</name>
      </input_file>
      <input_file id="fl-3f">
         <path>S:\ti\ccstheia141\ccs\tools\compiler\ti-cgt-armllvm_3.2.2.LTS\lib\armv6m-ti-none-eabi\c\</path>
         <kind>archive</kind>
         <file>libc.a</file>
         <name>autoinit.c.obj</name>
      </input_file>
      <input_file id="fl-40">
         <path>S:\ti\ccstheia141\ccs\tools\compiler\ti-cgt-armllvm_3.2.2.LTS\lib\armv6m-ti-none-eabi\c\</path>
         <kind>archive</kind>
         <file>libc.a</file>
         <name>pre_init.c.obj</name>
      </input_file>
      <input_file id="fl-41">
         <path>S:\ti\ccstheia141\ccs\tools\compiler\ti-cgt-armllvm_3.2.2.LTS\lib\armv6m-ti-none-eabi\c\</path>
         <kind>archive</kind>
         <file>libc.a</file>
         <name>cpy_tbl.c.obj</name>
      </input_file>
      <input_file id="fl-42">
         <path>S:\ti\ccstheia141\ccs\tools\compiler\ti-cgt-armllvm_3.2.2.LTS\lib\armv6m-ti-none-eabi\c\</path>
         <kind>archive</kind>
         <file>libc.a</file>
         <name>copy_zero_init.c.obj</name>
      </input_file>
      <input_file id="fl-43">
         <path>S:\ti\ccstheia141\ccs\tools\compiler\ti-cgt-armllvm_3.2.2.LTS\lib\armv6m-ti-none-eabi\c\</path>
         <kind>archive</kind>
         <file>libc.a</file>
         <name>copy_decompress_none.c.obj</name>
      </input_file>
      <input_file id="fl-44">
         <path>S:\ti\ccstheia141\ccs\tools\compiler\ti-cgt-armllvm_3.2.2.LTS\lib\armv6m-ti-none-eabi\c\</path>
         <kind>archive</kind>
         <file>libc.a</file>
         <name>copy_decompress_lzss.c.obj</name>
      </input_file>
      <input_file id="fl-45">
         <path>S:\ti\ccstheia141\ccs\tools\compiler\ti-cgt-armllvm_3.2.2.LTS\lib\armv6m-ti-none-eabi\c\</path>
         <kind>archive</kind>
         <file>libc.a</file>
         <name>_printfi.c.obj</name>
      </input_file>
      <input_file id="fl-46">
         <path>S:\ti\ccstheia141\ccs\tools\compiler\ti-cgt-armllvm_3.2.2.LTS\lib\armv6m-ti-none-eabi\c\</path>
         <kind>archive</kind>
         <file>libc.a</file>
         <name>sprintf.c.obj</name>
      </input_file>
      <input_file id="fl-47">
         <path>S:\ti\ccstheia141\ccs\tools\compiler\ti-cgt-armllvm_3.2.2.LTS\lib\armv6m-ti-none-eabi\c\</path>
         <kind>archive</kind>
         <file>libc.a</file>
         <name>fflush.c.obj</name>
      </input_file>
      <input_file id="fl-48">
         <path>S:\ti\ccstheia141\ccs\tools\compiler\ti-cgt-armllvm_3.2.2.LTS\lib\armv6m-ti-none-eabi\c\</path>
         <kind>archive</kind>
         <file>libc.a</file>
         <name>fputs.c.obj</name>
      </input_file>
      <input_file id="fl-49">
         <path>S:\ti\ccstheia141\ccs\tools\compiler\ti-cgt-armllvm_3.2.2.LTS\lib\armv6m-ti-none-eabi\c\</path>
         <kind>archive</kind>
         <file>libc.a</file>
         <name>_io_perm.c.obj</name>
      </input_file>
      <input_file id="fl-4a">
         <path>S:\ti\ccstheia141\ccs\tools\compiler\ti-cgt-armllvm_3.2.2.LTS\lib\armv6m-ti-none-eabi\c\</path>
         <kind>archive</kind>
         <file>libc.a</file>
         <name>setvbuf.c.obj</name>
      </input_file>
      <input_file id="fl-4b">
         <path>S:\ti\ccstheia141\ccs\tools\compiler\ti-cgt-armllvm_3.2.2.LTS\lib\armv6m-ti-none-eabi\c\</path>
         <kind>archive</kind>
         <file>libc.a</file>
         <name>s_frexp.c.obj</name>
      </input_file>
      <input_file id="fl-4c">
         <path>S:\ti\ccstheia141\ccs\tools\compiler\ti-cgt-armllvm_3.2.2.LTS\lib\armv6m-ti-none-eabi\c\</path>
         <kind>archive</kind>
         <file>libc.a</file>
         <name>exit.c.obj</name>
      </input_file>
      <input_file id="fl-4d">
         <path>S:\ti\ccstheia141\ccs\tools\compiler\ti-cgt-armllvm_3.2.2.LTS\lib\armv6m-ti-none-eabi\c\</path>
         <kind>archive</kind>
         <file>libc.a</file>
         <name>_lock.c.obj</name>
      </input_file>
      <input_file id="fl-4e">
         <path>S:\ti\ccstheia141\ccs\tools\compiler\ti-cgt-armllvm_3.2.2.LTS\lib\armv6m-ti-none-eabi\c\</path>
         <kind>archive</kind>
         <file>libc.a</file>
         <name>_ltoa.c.obj</name>
      </input_file>
      <input_file id="fl-4f">
         <path>S:\ti\ccstheia141\ccs\tools\compiler\ti-cgt-armllvm_3.2.2.LTS\lib\armv6m-ti-none-eabi\c\</path>
         <kind>archive</kind>
         <file>libc.a</file>
         <name>args_main.c.obj</name>
      </input_file>
      <input_file id="fl-50">
         <path>S:\ti\ccstheia141\ccs\tools\compiler\ti-cgt-armllvm_3.2.2.LTS\lib\armv6m-ti-none-eabi\c\</path>
         <kind>archive</kind>
         <file>libc.a</file>
         <name>atoi.c.obj</name>
      </input_file>
      <input_file id="fl-51">
         <path>S:\ti\ccstheia141\ccs\tools\compiler\ti-cgt-armllvm_3.2.2.LTS\lib\armv6m-ti-none-eabi\c\</path>
         <kind>archive</kind>
         <file>libc.a</file>
         <name>memccpy.c.obj</name>
      </input_file>
      <input_file id="fl-52">
         <path>S:\ti\ccstheia141\ccs\tools\compiler\ti-cgt-armllvm_3.2.2.LTS\lib\armv6m-ti-none-eabi\c\</path>
         <kind>archive</kind>
         <file>libc.a</file>
         <name>wcslen.c.obj</name>
      </input_file>
      <input_file id="fl-53">
         <path>S:\ti\ccstheia141\ccs\tools\compiler\ti-cgt-armllvm_3.2.2.LTS\lib\armv6m-ti-none-eabi\c\</path>
         <kind>archive</kind>
         <file>libc.a</file>
         <name>fopen.c.obj</name>
      </input_file>
      <input_file id="fl-54">
         <path>S:\ti\ccstheia141\ccs\tools\compiler\ti-cgt-armllvm_3.2.2.LTS\lib\armv6m-ti-none-eabi\c\</path>
         <kind>archive</kind>
         <file>libc.a</file>
         <name>fseek.c.obj</name>
      </input_file>
      <input_file id="fl-55">
         <path>S:\ti\ccstheia141\ccs\tools\compiler\ti-cgt-armllvm_3.2.2.LTS\lib\armv6m-ti-none-eabi\c\</path>
         <kind>archive</kind>
         <file>libc.a</file>
         <name>aeabi_ctype.S.obj</name>
      </input_file>
      <input_file id="fl-56">
         <path>S:\ti\ccstheia141\ccs\tools\compiler\ti-cgt-armllvm_3.2.2.LTS\lib\armv6m-ti-none-eabi\c\</path>
         <kind>archive</kind>
         <file>libc.a</file>
         <name>fclose.c.obj</name>
      </input_file>
      <input_file id="fl-bc">
         <path>S:\ti\ccstheia141\ccs\tools\compiler\ti-cgt-armllvm_3.2.2.LTS\lib\armv6m-ti-none-eabi\c\</path>
         <kind>archive</kind>
         <file>libsysbm.a</file>
         <name>write.c.obj</name>
      </input_file>
      <input_file id="fl-bd">
         <path>S:\ti\ccstheia141\ccs\tools\compiler\ti-cgt-armllvm_3.2.2.LTS\lib\armv6m-ti-none-eabi\c\</path>
         <kind>archive</kind>
         <file>libsysbm.a</file>
         <name>host_device.c.obj</name>
      </input_file>
      <input_file id="fl-be">
         <path>S:\ti\ccstheia141\ccs\tools\compiler\ti-cgt-armllvm_3.2.2.LTS\lib\armv6m-ti-none-eabi\c\</path>
         <kind>archive</kind>
         <file>libsysbm.a</file>
         <name>remove.c.obj</name>
      </input_file>
      <input_file id="fl-bf">
         <path>S:\ti\ccstheia141\ccs\tools\compiler\ti-cgt-armllvm_3.2.2.LTS\lib\armv6m-ti-none-eabi\c\</path>
         <kind>archive</kind>
         <file>libsysbm.a</file>
         <name>open.c.obj</name>
      </input_file>
      <input_file id="fl-c0">
         <path>S:\ti\ccstheia141\ccs\tools\compiler\ti-cgt-armllvm_3.2.2.LTS\lib\armv6m-ti-none-eabi\c\</path>
         <kind>archive</kind>
         <file>libsysbm.a</file>
         <name>lseek.c.obj</name>
      </input_file>
      <input_file id="fl-c1">
         <path>S:\ti\ccstheia141\ccs\tools\compiler\ti-cgt-armllvm_3.2.2.LTS\lib\armv6m-ti-none-eabi\c\</path>
         <kind>archive</kind>
         <file>libsysbm.a</file>
         <name>close.c.obj</name>
      </input_file>
      <input_file id="fl-c2">
         <path>S:\ti\ccstheia141\ccs\tools\compiler\ti-cgt-armllvm_3.2.2.LTS\lib\armv6m-ti-none-eabi\c\</path>
         <kind>archive</kind>
         <file>libsysbm.a</file>
         <name>unlink.c.obj</name>
      </input_file>
      <input_file id="fl-c3">
         <path>S:\ti\ccstheia141\ccs\tools\compiler\ti-cgt-armllvm_3.2.2.LTS\lib\armv6m-ti-none-eabi\c\</path>
         <kind>archive</kind>
         <file>libsysbm.a</file>
         <name>hostclose.c.obj</name>
      </input_file>
      <input_file id="fl-c4">
         <path>S:\ti\ccstheia141\ccs\tools\compiler\ti-cgt-armllvm_3.2.2.LTS\lib\armv6m-ti-none-eabi\c\</path>
         <kind>archive</kind>
         <file>libsysbm.a</file>
         <name>hostlseek.c.obj</name>
      </input_file>
      <input_file id="fl-c5">
         <path>S:\ti\ccstheia141\ccs\tools\compiler\ti-cgt-armllvm_3.2.2.LTS\lib\armv6m-ti-none-eabi\c\</path>
         <kind>archive</kind>
         <file>libsysbm.a</file>
         <name>hostopen.c.obj</name>
      </input_file>
      <input_file id="fl-c6">
         <path>S:\ti\ccstheia141\ccs\tools\compiler\ti-cgt-armllvm_3.2.2.LTS\lib\armv6m-ti-none-eabi\c\</path>
         <kind>archive</kind>
         <file>libsysbm.a</file>
         <name>hostread.c.obj</name>
      </input_file>
      <input_file id="fl-c7">
         <path>S:\ti\ccstheia141\ccs\tools\compiler\ti-cgt-armllvm_3.2.2.LTS\lib\armv6m-ti-none-eabi\c\</path>
         <kind>archive</kind>
         <file>libsysbm.a</file>
         <name>hostrename.c.obj</name>
      </input_file>
      <input_file id="fl-c8">
         <path>S:\ti\ccstheia141\ccs\tools\compiler\ti-cgt-armllvm_3.2.2.LTS\lib\armv6m-ti-none-eabi\c\</path>
         <kind>archive</kind>
         <file>libsysbm.a</file>
         <name>hostunlink.c.obj</name>
      </input_file>
      <input_file id="fl-c9">
         <path>S:\ti\ccstheia141\ccs\tools\compiler\ti-cgt-armllvm_3.2.2.LTS\lib\armv6m-ti-none-eabi\c\</path>
         <kind>archive</kind>
         <file>libsysbm.a</file>
         <name>hostwrite.c.obj</name>
      </input_file>
      <input_file id="fl-ca">
         <path>S:\ti\ccstheia141\ccs\tools\compiler\ti-cgt-armllvm_3.2.2.LTS\lib\armv6m-ti-none-eabi\c\</path>
         <kind>archive</kind>
         <file>libsysbm.a</file>
         <name>trgmsg.c.obj</name>
      </input_file>
      <input_file id="fl-cb">
         <path>S:\ti\ccstheia141\ccs\tools\compiler\ti-cgt-armllvm_3.2.2.LTS\lib\clang\15.0.7\lib\armv6m-ti-none-eabi\</path>
         <kind>archive</kind>
         <file>libclang_rt.builtins.a</file>
         <name>addsf3.S.obj</name>
      </input_file>
      <input_file id="fl-cc">
         <path>S:\ti\ccstheia141\ccs\tools\compiler\ti-cgt-armllvm_3.2.2.LTS\lib\clang\15.0.7\lib\armv6m-ti-none-eabi\</path>
         <kind>archive</kind>
         <file>libclang_rt.builtins.a</file>
         <name>adddf3.S.obj</name>
      </input_file>
      <input_file id="fl-cd">
         <path>S:\ti\ccstheia141\ccs\tools\compiler\ti-cgt-armllvm_3.2.2.LTS\lib\clang\15.0.7\lib\armv6m-ti-none-eabi\</path>
         <kind>archive</kind>
         <file>libclang_rt.builtins.a</file>
         <name>muldf3.S.obj</name>
      </input_file>
      <input_file id="fl-ce">
         <path>S:\ti\ccstheia141\ccs\tools\compiler\ti-cgt-armllvm_3.2.2.LTS\lib\clang\15.0.7\lib\armv6m-ti-none-eabi\</path>
         <kind>archive</kind>
         <file>libclang_rt.builtins.a</file>
         <name>muldsi3.S.obj</name>
      </input_file>
      <input_file id="fl-cf">
         <path>S:\ti\ccstheia141\ccs\tools\compiler\ti-cgt-armllvm_3.2.2.LTS\lib\clang\15.0.7\lib\armv6m-ti-none-eabi\</path>
         <kind>archive</kind>
         <file>libclang_rt.builtins.a</file>
         <name>mulsf3.S.obj</name>
      </input_file>
      <input_file id="fl-d0">
         <path>S:\ti\ccstheia141\ccs\tools\compiler\ti-cgt-armllvm_3.2.2.LTS\lib\clang\15.0.7\lib\armv6m-ti-none-eabi\</path>
         <kind>archive</kind>
         <file>libclang_rt.builtins.a</file>
         <name>divsf3.S.obj</name>
      </input_file>
      <input_file id="fl-d1">
         <path>S:\ti\ccstheia141\ccs\tools\compiler\ti-cgt-armllvm_3.2.2.LTS\lib\clang\15.0.7\lib\armv6m-ti-none-eabi\</path>
         <kind>archive</kind>
         <file>libclang_rt.builtins.a</file>
         <name>divdf3.S.obj</name>
      </input_file>
      <input_file id="fl-d2">
         <path>S:\ti\ccstheia141\ccs\tools\compiler\ti-cgt-armllvm_3.2.2.LTS\lib\clang\15.0.7\lib\armv6m-ti-none-eabi\</path>
         <kind>archive</kind>
         <file>libclang_rt.builtins.a</file>
         <name>extendsfdf2.S.obj</name>
      </input_file>
      <input_file id="fl-d3">
         <path>S:\ti\ccstheia141\ccs\tools\compiler\ti-cgt-armllvm_3.2.2.LTS\lib\clang\15.0.7\lib\armv6m-ti-none-eabi\</path>
         <kind>archive</kind>
         <file>libclang_rt.builtins.a</file>
         <name>fixdfsi.S.obj</name>
      </input_file>
      <input_file id="fl-d4">
         <path>S:\ti\ccstheia141\ccs\tools\compiler\ti-cgt-armllvm_3.2.2.LTS\lib\clang\15.0.7\lib\armv6m-ti-none-eabi\</path>
         <kind>archive</kind>
         <file>libclang_rt.builtins.a</file>
         <name>fixsfsi.S.obj</name>
      </input_file>
      <input_file id="fl-d5">
         <path>S:\ti\ccstheia141\ccs\tools\compiler\ti-cgt-armllvm_3.2.2.LTS\lib\clang\15.0.7\lib\armv6m-ti-none-eabi\</path>
         <kind>archive</kind>
         <file>libclang_rt.builtins.a</file>
         <name>fixunsdfsi.S.obj</name>
      </input_file>
      <input_file id="fl-d6">
         <path>S:\ti\ccstheia141\ccs\tools\compiler\ti-cgt-armllvm_3.2.2.LTS\lib\clang\15.0.7\lib\armv6m-ti-none-eabi\</path>
         <kind>archive</kind>
         <file>libclang_rt.builtins.a</file>
         <name>floatsidf.S.obj</name>
      </input_file>
      <input_file id="fl-d7">
         <path>S:\ti\ccstheia141\ccs\tools\compiler\ti-cgt-armllvm_3.2.2.LTS\lib\clang\15.0.7\lib\armv6m-ti-none-eabi\</path>
         <kind>archive</kind>
         <file>libclang_rt.builtins.a</file>
         <name>floatsisf.S.obj</name>
      </input_file>
      <input_file id="fl-d8">
         <path>S:\ti\ccstheia141\ccs\tools\compiler\ti-cgt-armllvm_3.2.2.LTS\lib\clang\15.0.7\lib\armv6m-ti-none-eabi\</path>
         <kind>archive</kind>
         <file>libclang_rt.builtins.a</file>
         <name>floatunsidf.S.obj</name>
      </input_file>
      <input_file id="fl-d9">
         <path>S:\ti\ccstheia141\ccs\tools\compiler\ti-cgt-armllvm_3.2.2.LTS\lib\clang\15.0.7\lib\armv6m-ti-none-eabi\</path>
         <kind>archive</kind>
         <file>libclang_rt.builtins.a</file>
         <name>floatunsisf.S.obj</name>
      </input_file>
      <input_file id="fl-da">
         <path>S:\ti\ccstheia141\ccs\tools\compiler\ti-cgt-armllvm_3.2.2.LTS\lib\clang\15.0.7\lib\armv6m-ti-none-eabi\</path>
         <kind>archive</kind>
         <file>libclang_rt.builtins.a</file>
         <name>muldi3.S.obj</name>
      </input_file>
      <input_file id="fl-db">
         <path>S:\ti\ccstheia141\ccs\tools\compiler\ti-cgt-armllvm_3.2.2.LTS\lib\clang\15.0.7\lib\armv6m-ti-none-eabi\</path>
         <kind>archive</kind>
         <file>libclang_rt.builtins.a</file>
         <name>truncdfsf2.S.obj</name>
      </input_file>
      <input_file id="fl-dc">
         <path>S:\ti\ccstheia141\ccs\tools\compiler\ti-cgt-armllvm_3.2.2.LTS\lib\clang\15.0.7\lib\armv6m-ti-none-eabi\</path>
         <kind>archive</kind>
         <file>libclang_rt.builtins.a</file>
         <name>aeabi_dcmp.S.obj</name>
      </input_file>
      <input_file id="fl-dd">
         <path>S:\ti\ccstheia141\ccs\tools\compiler\ti-cgt-armllvm_3.2.2.LTS\lib\clang\15.0.7\lib\armv6m-ti-none-eabi\</path>
         <kind>archive</kind>
         <file>libclang_rt.builtins.a</file>
         <name>aeabi_fcmp.S.obj</name>
      </input_file>
      <input_file id="fl-de">
         <path>S:\ti\ccstheia141\ccs\tools\compiler\ti-cgt-armllvm_3.2.2.LTS\lib\clang\15.0.7\lib\armv6m-ti-none-eabi\</path>
         <kind>archive</kind>
         <file>libclang_rt.builtins.a</file>
         <name>aeabi_idivmod.S.obj</name>
      </input_file>
      <input_file id="fl-df">
         <path>S:\ti\ccstheia141\ccs\tools\compiler\ti-cgt-armllvm_3.2.2.LTS\lib\clang\15.0.7\lib\armv6m-ti-none-eabi\</path>
         <kind>archive</kind>
         <file>libclang_rt.builtins.a</file>
         <name>aeabi_memcpy.S.obj</name>
      </input_file>
      <input_file id="fl-e0">
         <path>S:\ti\ccstheia141\ccs\tools\compiler\ti-cgt-armllvm_3.2.2.LTS\lib\clang\15.0.7\lib\armv6m-ti-none-eabi\</path>
         <kind>archive</kind>
         <file>libclang_rt.builtins.a</file>
         <name>aeabi_memset.S.obj</name>
      </input_file>
      <input_file id="fl-e1">
         <path>S:\ti\ccstheia141\ccs\tools\compiler\ti-cgt-armllvm_3.2.2.LTS\lib\clang\15.0.7\lib\armv6m-ti-none-eabi\</path>
         <kind>archive</kind>
         <file>libclang_rt.builtins.a</file>
         <name>aeabi_uidivmod.S.obj</name>
      </input_file>
      <input_file id="fl-e2">
         <path>S:\ti\ccstheia141\ccs\tools\compiler\ti-cgt-armllvm_3.2.2.LTS\lib\clang\15.0.7\lib\armv6m-ti-none-eabi\</path>
         <kind>archive</kind>
         <file>libclang_rt.builtins.a</file>
         <name>aeabi_uldivmod.S.obj</name>
      </input_file>
      <input_file id="fl-e3">
         <path>S:\ti\ccstheia141\ccs\tools\compiler\ti-cgt-armllvm_3.2.2.LTS\lib\clang\15.0.7\lib\armv6m-ti-none-eabi\</path>
         <kind>archive</kind>
         <file>libclang_rt.builtins.a</file>
         <name>comparesf2.S.obj</name>
      </input_file>
      <input_file id="fl-e4">
         <path>S:\ti\ccstheia141\ccs\tools\compiler\ti-cgt-armllvm_3.2.2.LTS\lib\clang\15.0.7\lib\armv6m-ti-none-eabi\</path>
         <kind>archive</kind>
         <file>libclang_rt.builtins.a</file>
         <name>udivmoddi4.S.obj</name>
      </input_file>
      <input_file id="fl-e5">
         <path>S:\ti\ccstheia141\ccs\tools\compiler\ti-cgt-armllvm_3.2.2.LTS\lib\clang\15.0.7\lib\armv6m-ti-none-eabi\</path>
         <kind>archive</kind>
         <file>libclang_rt.builtins.a</file>
         <name>ashldi3.S.obj</name>
      </input_file>
      <input_file id="fl-e6">
         <path>S:\ti\ccstheia141\ccs\tools\compiler\ti-cgt-armllvm_3.2.2.LTS\lib\clang\15.0.7\lib\armv6m-ti-none-eabi\</path>
         <kind>archive</kind>
         <file>libclang_rt.builtins.a</file>
         <name>comparedf2.c.obj</name>
      </input_file>
      <input_file id="fl-e7">
         <path>S:\ti\ccstheia141\ccs\tools\compiler\ti-cgt-armllvm_3.2.2.LTS\lib\clang\15.0.7\lib\armv6m-ti-none-eabi\</path>
         <kind>archive</kind>
         <file>libclang_rt.builtins.a</file>
         <name>aeabi_div0.c.obj</name>
      </input_file>
      <input_file id="fl-e8">
         <path>S:\ti\ccstheia141\ccs\tools\compiler\ti-cgt-armllvm_3.2.2.LTS\lib\armv6m-ti-none-eabi\c\</path>
         <kind>archive</kind>
         <file>libc.a</file>
         <name>getdevice.c.obj</name>
      </input_file>
      <input_file id="fl-e9">
         <path>S:\ti\ccstheia141\ccs\tools\compiler\ti-cgt-armllvm_3.2.2.LTS\lib\armv6m-ti-none-eabi\c\</path>
         <kind>archive</kind>
         <file>libc.a</file>
         <name>memcpy16.S.obj</name>
      </input_file>
      <input_file id="fl-ea">
         <path>S:\ti\ccstheia141\ccs\tools\compiler\ti-cgt-armllvm_3.2.2.LTS\lib\armv6m-ti-none-eabi\c\</path>
         <kind>archive</kind>
         <file>libc.a</file>
         <name>memset16.S.obj</name>
      </input_file>
   </input_file_list>
   <object_component_list>
      <object_component id="oc-18">
         <name>.intvecs</name>
         <load_address>0x0</load_address>
         <readonly>true</readonly>
         <run_address>0x0</run_address>
         <size>0xc0</size>
         <alignment>0x4</alignment>
         <input_file_ref idref="fl-3"/>
      </object_component>
      <object_component id="oc-13f">
         <name>.text.pow</name>
         <load_address>0xc0</load_address>
         <readonly>true</readonly>
         <executable>true</executable>
         <run_address>0xc0</run_address>
         <size>0xa70</size>
         <alignment>0x4</alignment>
         <input_file_ref idref="fl-34"/>
      </object_component>
      <object_component id="oc-2d7">
         <name>.text:__TI_printfi</name>
         <load_address>0xb30</load_address>
         <readonly>true</readonly>
         <executable>true</executable>
         <run_address>0xb30</run_address>
         <size>0xa00</size>
         <alignment>0x4</alignment>
         <input_file_ref idref="fl-45"/>
      </object_component>
      <object_component id="oc-be">
         <name>.text.Turn_hd_PID</name>
         <load_address>0x1530</load_address>
         <readonly>true</readonly>
         <executable>true</executable>
         <run_address>0x1530</run_address>
         <size>0x660</size>
         <alignment>0x4</alignment>
         <input_file_ref idref="fl-8"/>
      </object_component>
      <object_component id="oc-130">
         <name>.text.LX_Proc_4</name>
         <load_address>0x1b90</load_address>
         <readonly>true</readonly>
         <executable>true</executable>
         <run_address>0x1b90</run_address>
         <size>0x378</size>
         <alignment>0x4</alignment>
         <input_file_ref idref="fl-e"/>
      </object_component>
      <object_component id="oc-39">
         <name>.text.UART3_IRQHandler</name>
         <load_address>0x1f08</load_address>
         <readonly>true</readonly>
         <executable>true</executable>
         <run_address>0x1f08</run_address>
         <size>0x2b4</size>
         <alignment>0x4</alignment>
         <input_file_ref idref="fl-4"/>
      </object_component>
      <object_component id="oc-bc">
         <name>.text.SYS_RxPro</name>
         <load_address>0x21bc</load_address>
         <readonly>true</readonly>
         <executable>true</executable>
         <run_address>0x21bc</run_address>
         <size>0x230</size>
         <alignment>0x4</alignment>
         <input_file_ref idref="fl-f"/>
      </object_component>
      <object_component id="oc-2f2">
         <name>.text._pconv_a</name>
         <load_address>0x23ec</load_address>
         <readonly>true</readonly>
         <executable>true</executable>
         <run_address>0x23ec</run_address>
         <size>0x220</size>
         <alignment>0x4</alignment>
         <input_file_ref idref="fl-45"/>
      </object_component>
      <object_component id="oc-2f5">
         <name>.text._pconv_g</name>
         <load_address>0x260c</load_address>
         <readonly>true</readonly>
         <executable>true</executable>
         <run_address>0x260c</run_address>
         <size>0x1dc</size>
         <alignment>0x4</alignment>
         <input_file_ref idref="fl-45"/>
      </object_component>
      <object_component id="oc-44">
         <name>.text.TIMG0_IRQHandler</name>
         <load_address>0x27e8</load_address>
         <readonly>true</readonly>
         <executable>true</executable>
         <run_address>0x27e8</run_address>
         <size>0x1d4</size>
         <alignment>0x4</alignment>
         <input_file_ref idref="fl-1"/>
      </object_component>
      <object_component id="oc-1e7">
         <name>.text.SYSCFG_DL_GPIO_init</name>
         <load_address>0x29bc</load_address>
         <readonly>true</readonly>
         <executable>true</executable>
         <run_address>0x29bc</run_address>
         <size>0x1d0</size>
         <alignment>0x4</alignment>
         <input_file_ref idref="fl-2"/>
      </object_component>
      <object_component id="oc-bf">
         <name>.text.Set_Speed</name>
         <load_address>0x2b8c</load_address>
         <readonly>true</readonly>
         <executable>true</executable>
         <run_address>0x2b8c</run_address>
         <size>0x1a4</size>
         <alignment>0x4</alignment>
         <input_file_ref idref="fl-b"/>
      </object_component>
      <object_component id="oc-12f">
         <name>.text.LX_Proc_3</name>
         <load_address>0x2d30</load_address>
         <readonly>true</readonly>
         <executable>true</executable>
         <run_address>0x2d30</run_address>
         <size>0x1a0</size>
         <alignment>0x4</alignment>
         <input_file_ref idref="fl-e"/>
      </object_component>
      <object_component id="oc-153">
         <name>.text.adddf3_subdf3</name>
         <load_address>0x2ed0</load_address>
         <readonly>true</readonly>
         <executable>true</executable>
         <run_address>0x2ed0</run_address>
         <size>0x192</size>
         <alignment>0x4</alignment>
         <input_file_ref idref="fl-cc"/>
      </object_component>
      <object_component id="oc-226">
         <name>.text.__aeabi_idiv0</name>
         <load_address>0x3062</load_address>
         <readonly>true</readonly>
         <executable>true</executable>
         <run_address>0x3062</run_address>
         <size>0x2</size>
         <alignment>0x2</alignment>
         <input_file_ref idref="fl-e7"/>
      </object_component>
      <object_component id="oc-1d2">
         <name>.text.sqrt</name>
         <load_address>0x3064</load_address>
         <readonly>true</readonly>
         <executable>true</executable>
         <run_address>0x3064</run_address>
         <size>0x184</size>
         <alignment>0x4</alignment>
         <input_file_ref idref="fl-35"/>
      </object_component>
      <object_component id="oc-296">
         <name>.text.OLED_ShowImage</name>
         <load_address>0x31e8</load_address>
         <readonly>true</readonly>
         <executable>true</executable>
         <run_address>0x31e8</run_address>
         <size>0x144</size>
         <alignment>0x4</alignment>
         <input_file_ref idref="fl-6"/>
      </object_component>
      <object_component id="oc-43">
         <name>.text.UART0_IRQHandler</name>
         <load_address>0x332c</load_address>
         <readonly>true</readonly>
         <executable>true</executable>
         <run_address>0x332c</run_address>
         <size>0x13c</size>
         <alignment>0x4</alignment>
         <input_file_ref idref="fl-a"/>
      </object_component>
      <object_component id="oc-318">
         <name>.text.fcvt</name>
         <load_address>0x3468</load_address>
         <readonly>true</readonly>
         <executable>true</executable>
         <run_address>0x3468</run_address>
         <size>0x13c</size>
         <alignment>0x4</alignment>
         <input_file_ref idref="fl-45"/>
      </object_component>
      <object_component id="oc-12e">
         <name>.text.LX_Proc_2</name>
         <load_address>0x35a4</load_address>
         <readonly>true</readonly>
         <executable>true</executable>
         <run_address>0x35a4</run_address>
         <size>0x12c</size>
         <alignment>0x4</alignment>
         <input_file_ref idref="fl-e"/>
      </object_component>
      <object_component id="oc-2f3">
         <name>.text._pconv_e</name>
         <load_address>0x36d0</load_address>
         <readonly>true</readonly>
         <executable>true</executable>
         <run_address>0x36d0</run_address>
         <size>0x120</size>
         <alignment>0x4</alignment>
         <input_file_ref idref="fl-45"/>
      </object_component>
      <object_component id="oc-b3">
         <name>.text.Get_TraceData</name>
         <load_address>0x37f0</load_address>
         <readonly>true</readonly>
         <executable>true</executable>
         <run_address>0x37f0</run_address>
         <size>0x10c</size>
         <alignment>0x4</alignment>
         <input_file_ref idref="fl-8"/>
      </object_component>
      <object_component id="oc-14f">
         <name>.text.__divdf3</name>
         <load_address>0x38fc</load_address>
         <readonly>true</readonly>
         <executable>true</executable>
         <run_address>0x38fc</run_address>
         <size>0x10c</size>
         <alignment>0x4</alignment>
         <input_file_ref idref="fl-d1"/>
      </object_component>
      <object_component id="oc-af">
         <name>.text.Key_Proc</name>
         <load_address>0x3a08</load_address>
         <readonly>true</readonly>
         <executable>true</executable>
         <run_address>0x3a08</run_address>
         <size>0x104</size>
         <alignment>0x4</alignment>
         <input_file_ref idref="fl-f"/>
      </object_component>
      <object_component id="oc-c7">
         <name>.text.Turn_imu_PID</name>
         <load_address>0x3b0c</load_address>
         <readonly>true</readonly>
         <executable>true</executable>
         <run_address>0x3b0c</run_address>
         <size>0x104</size>
         <alignment>0x4</alignment>
         <input_file_ref idref="fl-8"/>
      </object_component>
      <object_component id="oc-26e">
         <name>.text.DL_Timer_initTimerMode</name>
         <load_address>0x3c10</load_address>
         <readonly>true</readonly>
         <executable>true</executable>
         <run_address>0x3c10</run_address>
         <size>0xe8</size>
         <alignment>0x4</alignment>
         <input_file_ref idref="fl-20"/>
      </object_component>
      <object_component id="oc-145">
         <name>.text.__muldf3</name>
         <load_address>0x3cf8</load_address>
         <readonly>true</readonly>
         <executable>true</executable>
         <run_address>0x3cf8</run_address>
         <size>0xe4</size>
         <alignment>0x4</alignment>
         <input_file_ref idref="fl-cd"/>
      </object_component>
      <object_component id="oc-261">
         <name>.text.DL_SYSCTL_configSYSPLL</name>
         <load_address>0x3ddc</load_address>
         <readonly>true</readonly>
         <executable>true</executable>
         <run_address>0x3ddc</run_address>
         <size>0xdc</size>
         <alignment>0x4</alignment>
         <input_file_ref idref="fl-22"/>
      </object_component>
      <object_component id="oc-2c5">
         <name>.text.OLED_ClearArea</name>
         <load_address>0x3eb8</load_address>
         <readonly>true</readonly>
         <executable>true</executable>
         <run_address>0x3eb8</run_address>
         <size>0xdc</size>
         <alignment>0x4</alignment>
         <input_file_ref idref="fl-6"/>
      </object_component>
      <object_component id="oc-1cd">
         <name>.text.scalbn</name>
         <load_address>0x3f94</load_address>
         <readonly>true</readonly>
         <executable>true</executable>
         <run_address>0x3f94</run_address>
         <size>0xd8</size>
         <alignment>0x4</alignment>
         <input_file_ref idref="fl-37"/>
      </object_component>
      <object_component id="oc-85">
         <name>.text</name>
         <load_address>0x406c</load_address>
         <readonly>true</readonly>
         <executable>true</executable>
         <run_address>0x406c</run_address>
         <size>0xd8</size>
         <alignment>0x4</alignment>
         <input_file_ref idref="fl-cb"/>
      </object_component>
      <object_component id="oc-bd">
         <name>.text.Screen_RxPro</name>
         <load_address>0x4144</load_address>
         <readonly>true</readonly>
         <executable>true</executable>
         <run_address>0x4144</run_address>
         <size>0xc8</size>
         <alignment>0x4</alignment>
         <input_file_ref idref="fl-f"/>
      </object_component>
      <object_component id="oc-208">
         <name>.text.OLED_ShowSignedNum</name>
         <load_address>0x420c</load_address>
         <readonly>true</readonly>
         <executable>true</executable>
         <run_address>0x420c</run_address>
         <size>0xc6</size>
         <alignment>0x2</alignment>
         <input_file_ref idref="fl-6"/>
      </object_component>
      <object_component id="oc-319">
         <name>.text.__aeabi_ldiv0</name>
         <load_address>0x42d2</load_address>
         <readonly>true</readonly>
         <executable>true</executable>
         <run_address>0x42d2</run_address>
         <size>0x2</size>
         <alignment>0x2</alignment>
         <input_file_ref idref="fl-e7"/>
      </object_component>
      <object_component id="oc-2bf">
         <name>.text.DL_Timer_initPWMMode</name>
         <load_address>0x42d4</load_address>
         <readonly>true</readonly>
         <executable>true</executable>
         <run_address>0x42d4</run_address>
         <size>0xc4</size>
         <alignment>0x4</alignment>
         <input_file_ref idref="fl-20"/>
      </object_component>
      <object_component id="oc-1e6">
         <name>.text.SYSCFG_DL_initPower</name>
         <load_address>0x4398</load_address>
         <readonly>true</readonly>
         <executable>true</executable>
         <run_address>0x4398</run_address>
         <size>0xc4</size>
         <alignment>0x4</alignment>
         <input_file_ref idref="fl-2"/>
      </object_component>
      <object_component id="oc-d9">
         <name>.text.get_left_motor_speed</name>
         <load_address>0x445c</load_address>
         <readonly>true</readonly>
         <executable>true</executable>
         <run_address>0x445c</run_address>
         <size>0xb4</size>
         <alignment>0x4</alignment>
         <input_file_ref idref="fl-c"/>
      </object_component>
      <object_component id="oc-d8">
         <name>.text.get_right_motor_speed</name>
         <load_address>0x4510</load_address>
         <readonly>true</readonly>
         <executable>true</executable>
         <run_address>0x4510</run_address>
         <size>0xb4</size>
         <alignment>0x4</alignment>
         <input_file_ref idref="fl-c"/>
      </object_component>
      <object_component id="oc-187">
         <name>.text.HMI_Proc</name>
         <load_address>0x45c4</load_address>
         <readonly>true</readonly>
         <executable>true</executable>
         <run_address>0x45c4</run_address>
         <size>0xa4</size>
         <alignment>0x4</alignment>
         <input_file_ref idref="fl-f"/>
      </object_component>
      <object_component id="oc-301">
         <name>.text</name>
         <load_address>0x4668</load_address>
         <readonly>true</readonly>
         <executable>true</executable>
         <run_address>0x4668</run_address>
         <size>0xa2</size>
         <alignment>0x4</alignment>
         <input_file_ref idref="fl-e4"/>
      </object_component>
      <object_component id="oc-6e">
         <name>.text.QEI0_IRQHandler</name>
         <load_address>0x470c</load_address>
         <readonly>true</readonly>
         <executable>true</executable>
         <run_address>0x470c</run_address>
         <size>0x9c</size>
         <alignment>0x4</alignment>
         <input_file_ref idref="fl-c"/>
      </object_component>
      <object_component id="oc-70">
         <name>.text.QEI1_IRQHandler</name>
         <load_address>0x47a8</load_address>
         <readonly>true</readonly>
         <executable>true</executable>
         <run_address>0x47a8</run_address>
         <size>0x9c</size>
         <alignment>0x4</alignment>
         <input_file_ref idref="fl-c"/>
      </object_component>
      <object_component id="oc-123">
         <name>.text.Serial_JY61P_Zero_Yaw</name>
         <load_address>0x4844</load_address>
         <readonly>true</readonly>
         <executable>true</executable>
         <run_address>0x4844</run_address>
         <size>0x9c</size>
         <alignment>0x4</alignment>
         <input_file_ref idref="fl-4"/>
      </object_component>
      <object_component id="oc-3e">
         <name>.text.UART2_IRQHandler</name>
         <load_address>0x48e0</load_address>
         <readonly>true</readonly>
         <executable>true</executable>
         <run_address>0x48e0</run_address>
         <size>0x9c</size>
         <alignment>0x4</alignment>
         <input_file_ref idref="fl-a"/>
      </object_component>
      <object_component id="oc-17b">
         <name>.text.OLED_Init</name>
         <load_address>0x497c</load_address>
         <readonly>true</readonly>
         <executable>true</executable>
         <run_address>0x497c</run_address>
         <size>0x8e</size>
         <alignment>0x2</alignment>
         <input_file_ref idref="fl-6"/>
      </object_component>
      <object_component id="oc-49">
         <name>.text.TIMG7_IRQHandler</name>
         <load_address>0x4a0c</load_address>
         <readonly>true</readonly>
         <executable>true</executable>
         <run_address>0x4a0c</run_address>
         <size>0x8c</size>
         <alignment>0x4</alignment>
         <input_file_ref idref="fl-1"/>
      </object_component>
      <object_component id="oc-7d">
         <name>.text.__mulsf3</name>
         <load_address>0x4a98</load_address>
         <readonly>true</readonly>
         <executable>true</executable>
         <run_address>0x4a98</run_address>
         <size>0x8c</size>
         <alignment>0x4</alignment>
         <input_file_ref idref="fl-cf"/>
      </object_component>
      <object_component id="oc-206">
         <name>.text.OLED_ShowNum</name>
         <load_address>0x4b24</load_address>
         <readonly>true</readonly>
         <executable>true</executable>
         <run_address>0x4b24</run_address>
         <size>0x8a</size>
         <alignment>0x2</alignment>
         <input_file_ref idref="fl-6"/>
      </object_component>
      <object_component id="oc-207">
         <name>.text.OLED_ShowBinNum</name>
         <load_address>0x4bae</load_address>
         <readonly>true</readonly>
         <executable>true</executable>
         <run_address>0x4bae</run_address>
         <size>0x84</size>
         <alignment>0x2</alignment>
         <input_file_ref idref="fl-6"/>
      </object_component>
      <object_component id="oc-1e9">
         <name>.text.SYSCFG_DL_PWM_MOTOR_init</name>
         <load_address>0x4c34</load_address>
         <readonly>true</readonly>
         <executable>true</executable>
         <run_address>0x4c34</run_address>
         <size>0x84</size>
         <alignment>0x4</alignment>
         <input_file_ref idref="fl-2"/>
      </object_component>
      <object_component id="oc-264">
         <name>.text.__NVIC_SetPriority</name>
         <load_address>0x4cb8</load_address>
         <readonly>true</readonly>
         <executable>true</executable>
         <run_address>0x4cb8</run_address>
         <size>0x84</size>
         <alignment>0x4</alignment>
         <input_file_ref idref="fl-2"/>
      </object_component>
      <object_component id="oc-79">
         <name>.text.__divsf3</name>
         <load_address>0x4d3c</load_address>
         <readonly>true</readonly>
         <executable>true</executable>
         <run_address>0x4d3c</run_address>
         <size>0x82</size>
         <alignment>0x4</alignment>
         <input_file_ref idref="fl-d0"/>
      </object_component>
      <object_component id="oc-1fb">
         <name>.text.OLED_ShowChar</name>
         <load_address>0x4dc0</load_address>
         <readonly>true</readonly>
         <executable>true</executable>
         <run_address>0x4dc0</run_address>
         <size>0x7c</size>
         <alignment>0x4</alignment>
         <input_file_ref idref="fl-6"/>
      </object_component>
      <object_component id="oc-267">
         <name>.text.DL_TimerA_initPWMMode</name>
         <load_address>0x4e3c</load_address>
         <readonly>true</readonly>
         <executable>true</executable>
         <run_address>0x4e3c</run_address>
         <size>0x78</size>
         <alignment>0x4</alignment>
         <input_file_ref idref="fl-20"/>
      </object_component>
      <object_component id="oc-12d">
         <name>.text.LX_Proc_1</name>
         <load_address>0x4eb4</load_address>
         <readonly>true</readonly>
         <executable>true</executable>
         <run_address>0x4eb4</run_address>
         <size>0x78</size>
         <alignment>0x4</alignment>
         <input_file_ref idref="fl-e"/>
      </object_component>
      <object_component id="oc-1c">
         <name>.text:decompress:lzss</name>
         <load_address>0x4f2c</load_address>
         <readonly>true</readonly>
         <executable>true</executable>
         <run_address>0x4f2c</run_address>
         <size>0x78</size>
         <alignment>0x4</alignment>
         <input_file_ref idref="fl-44"/>
      </object_component>
      <object_component id="oc-295">
         <name>.text.I2C_WriteByte</name>
         <load_address>0x4fa4</load_address>
         <readonly>true</readonly>
         <executable>true</executable>
         <run_address>0x4fa4</run_address>
         <size>0x74</size>
         <alignment>0x4</alignment>
         <input_file_ref idref="fl-6"/>
      </object_component>
      <object_component id="oc-1c0">
         <name>.text.__aeabi_errno_addr</name>
         <load_address>0x5018</load_address>
         <readonly>true</readonly>
         <executable>true</executable>
         <run_address>0x5018</run_address>
         <size>0x8</size>
         <alignment>0x4</alignment>
         <input_file_ref idref="fl-38"/>
      </object_component>
      <object_component id="oc-149">
         <name>.text.__truncdfsf2</name>
         <load_address>0x5020</load_address>
         <readonly>true</readonly>
         <executable>true</executable>
         <run_address>0x5020</run_address>
         <size>0x74</size>
         <alignment>0x10</alignment>
         <input_file_ref idref="fl-db"/>
      </object_component>
      <object_component id="oc-233">
         <name>.text.__gedf2</name>
         <load_address>0x5094</load_address>
         <readonly>true</readonly>
         <executable>true</executable>
         <run_address>0x5094</run_address>
         <size>0x70</size>
         <alignment>0x4</alignment>
         <input_file_ref idref="fl-e6"/>
      </object_component>
      <object_component id="oc-1ec">
         <name>.text.SYSCFG_DL_I2C_OLED_init</name>
         <load_address>0x5104</load_address>
         <readonly>true</readonly>
         <executable>true</executable>
         <run_address>0x5104</run_address>
         <size>0x6c</size>
         <alignment>0x4</alignment>
         <input_file_ref idref="fl-2"/>
      </object_component>
      <object_component id="oc-22d">
         <name>.text.__ledf2</name>
         <load_address>0x5170</load_address>
         <readonly>true</readonly>
         <executable>true</executable>
         <run_address>0x5170</run_address>
         <size>0x6c</size>
         <alignment>0x4</alignment>
         <input_file_ref idref="fl-e6"/>
      </object_component>
      <object_component id="oc-ec">
         <name>.text.main</name>
         <load_address>0x51dc</load_address>
         <readonly>true</readonly>
         <executable>true</executable>
         <run_address>0x51dc</run_address>
         <size>0x6c</size>
         <alignment>0x4</alignment>
         <input_file_ref idref="fl-1"/>
      </object_component>
      <object_component id="oc-186">
         <name>.text.Oled_Proc</name>
         <load_address>0x5248</load_address>
         <readonly>true</readonly>
         <executable>true</executable>
         <run_address>0x5248</run_address>
         <size>0x68</size>
         <alignment>0x4</alignment>
         <input_file_ref idref="fl-f"/>
      </object_component>
      <object_component id="oc-316">
         <name>.text._mcpy</name>
         <load_address>0x52b0</load_address>
         <readonly>true</readonly>
         <executable>true</executable>
         <run_address>0x52b0</run_address>
         <size>0x66</size>
         <alignment>0x2</alignment>
         <input_file_ref idref="fl-45"/>
      </object_component>
      <object_component id="oc-25b">
         <name>.text.DL_SYSCTL_setHFCLKSourceHFXTParams</name>
         <load_address>0x5318</load_address>
         <readonly>true</readonly>
         <executable>true</executable>
         <run_address>0x5318</run_address>
         <size>0x64</size>
         <alignment>0x4</alignment>
         <input_file_ref idref="fl-22"/>
      </object_component>
      <object_component id="oc-1b6">
         <name>.text.__aeabi_dcmp</name>
         <load_address>0x537c</load_address>
         <readonly>true</readonly>
         <executable>true</executable>
         <run_address>0x537c</run_address>
         <size>0x62</size>
         <alignment>0x4</alignment>
         <input_file_ref idref="fl-dc"/>
      </object_component>
      <object_component id="oc-81">
         <name>.text.__aeabi_fcmp</name>
         <load_address>0x53e0</load_address>
         <readonly>true</readonly>
         <executable>true</executable>
         <run_address>0x53e0</run_address>
         <size>0x62</size>
         <alignment>0x4</alignment>
         <input_file_ref idref="fl-dd"/>
      </object_component>
      <object_component id="oc-120">
         <name>.text.Key_Read</name>
         <load_address>0x5444</load_address>
         <readonly>true</readonly>
         <executable>true</executable>
         <run_address>0x5444</run_address>
         <size>0x60</size>
         <alignment>0x4</alignment>
         <input_file_ref idref="fl-5"/>
      </object_component>
      <object_component id="oc-2c4">
         <name>.text.DL_I2C_fillControllerTXFIFO</name>
         <load_address>0x54a4</load_address>
         <readonly>true</readonly>
         <executable>true</executable>
         <run_address>0x54a4</run_address>
         <size>0x5e</size>
         <alignment>0x2</alignment>
         <input_file_ref idref="fl-1f"/>
      </object_component>
      <object_component id="oc-306">
         <name>.text.frexp</name>
         <load_address>0x5504</load_address>
         <readonly>true</readonly>
         <executable>true</executable>
         <run_address>0x5504</run_address>
         <size>0x5c</size>
         <alignment>0x4</alignment>
         <input_file_ref idref="fl-4b"/>
      </object_component>
      <object_component id="oc-34">
         <name>.text.GROUP1_IRQHandler</name>
         <load_address>0x5560</load_address>
         <readonly>true</readonly>
         <executable>true</executable>
         <run_address>0x5560</run_address>
         <size>0x58</size>
         <alignment>0x4</alignment>
         <input_file_ref idref="fl-c"/>
      </object_component>
      <object_component id="oc-30e">
         <name>.text.__TI_ltoa</name>
         <load_address>0x55b8</load_address>
         <readonly>true</readonly>
         <executable>true</executable>
         <run_address>0x55b8</run_address>
         <size>0x58</size>
         <alignment>0x2</alignment>
         <input_file_ref idref="fl-4e"/>
      </object_component>
      <object_component id="oc-2f4">
         <name>.text._pconv_f</name>
         <load_address>0x5610</load_address>
         <readonly>true</readonly>
         <executable>true</executable>
         <run_address>0x5610</run_address>
         <size>0x58</size>
         <alignment>0x2</alignment>
         <input_file_ref idref="fl-45"/>
      </object_component>
      <object_component id="oc-17d">
         <name>.text.OLED_ShowString</name>
         <load_address>0x5668</load_address>
         <readonly>true</readonly>
         <executable>true</executable>
         <run_address>0x5668</run_address>
         <size>0x56</size>
         <alignment>0x2</alignment>
         <input_file_ref idref="fl-6"/>
      </object_component>
      <object_component id="oc-1ab">
         <name>.text.__aeabi_idivmod</name>
         <load_address>0x56c0</load_address>
         <readonly>true</readonly>
         <executable>true</executable>
         <run_address>0x56c0</run_address>
         <size>0x56</size>
         <alignment>0x4</alignment>
         <input_file_ref idref="fl-de"/>
      </object_component>
      <object_component id="oc-1e8">
         <name>.text.SYSCFG_DL_SYSCTL_init</name>
         <load_address>0x5718</load_address>
         <readonly>true</readonly>
         <executable>true</executable>
         <run_address>0x5718</run_address>
         <size>0x54</size>
         <alignment>0x4</alignment>
         <input_file_ref idref="fl-2"/>
      </object_component>
      <object_component id="oc-1ed">
         <name>.text.SYSCFG_DL_UART_0_init</name>
         <load_address>0x576c</load_address>
         <readonly>true</readonly>
         <executable>true</executable>
         <run_address>0x576c</run_address>
         <size>0x54</size>
         <alignment>0x4</alignment>
         <input_file_ref idref="fl-2"/>
      </object_component>
      <object_component id="oc-1ef">
         <name>.text.SYSCFG_DL_UART_Screen_init</name>
         <load_address>0x57c0</load_address>
         <readonly>true</readonly>
         <executable>true</executable>
         <run_address>0x57c0</run_address>
         <size>0x54</size>
         <alignment>0x4</alignment>
         <input_file_ref idref="fl-2"/>
      </object_component>
      <object_component id="oc-314">
         <name>.text._ecpy</name>
         <load_address>0x5814</load_address>
         <readonly>true</readonly>
         <executable>true</executable>
         <run_address>0x5814</run_address>
         <size>0x52</size>
         <alignment>0x2</alignment>
         <input_file_ref idref="fl-45"/>
      </object_component>
      <object_component id="oc-2c3">
         <name>.text.DL_I2C_startControllerTransfer</name>
         <load_address>0x5868</load_address>
         <readonly>true</readonly>
         <executable>true</executable>
         <run_address>0x5868</run_address>
         <size>0x50</size>
         <alignment>0x4</alignment>
         <input_file_ref idref="fl-6"/>
      </object_component>
      <object_component id="oc-174">
         <name>.text.SYSCFG_DL_init</name>
         <load_address>0x58b8</load_address>
         <readonly>true</readonly>
         <executable>true</executable>
         <run_address>0x58b8</run_address>
         <size>0x50</size>
         <alignment>0x4</alignment>
         <input_file_ref idref="fl-2"/>
      </object_component>
      <object_component id="oc-20b">
         <name>.text.int_to_binary_string</name>
         <load_address>0x5908</load_address>
         <readonly>true</readonly>
         <executable>true</executable>
         <run_address>0x5908</run_address>
         <size>0x50</size>
         <alignment>0x2</alignment>
         <input_file_ref idref="fl-a"/>
      </object_component>
      <object_component id="oc-287">
         <name>.text.DL_UART_setBaudRateDivisor</name>
         <load_address>0x5958</load_address>
         <readonly>true</readonly>
         <executable>true</executable>
         <run_address>0x5958</run_address>
         <size>0x4c</size>
         <alignment>0x4</alignment>
         <input_file_ref idref="fl-2"/>
      </object_component>
      <object_component id="oc-2a4">
         <name>.text.snprintf</name>
         <load_address>0x59a4</load_address>
         <readonly>true</readonly>
         <executable>true</executable>
         <run_address>0x59a4</run_address>
         <size>0x4c</size>
         <alignment>0x4</alignment>
         <input_file_ref idref="fl-31"/>
      </object_component>
      <object_component id="oc-30a">
         <name>.text.__fixdfsi</name>
         <load_address>0x59f0</load_address>
         <readonly>true</readonly>
         <executable>true</executable>
         <run_address>0x59f0</run_address>
         <size>0x4a</size>
         <alignment>0x4</alignment>
         <input_file_ref idref="fl-d3"/>
      </object_component>
      <object_component id="oc-285">
         <name>.text.DL_UART_init</name>
         <load_address>0x5a3c</load_address>
         <readonly>true</readonly>
         <executable>true</executable>
         <run_address>0x5a3c</run_address>
         <size>0x48</size>
         <alignment>0x4</alignment>
         <input_file_ref idref="fl-21"/>
      </object_component>
      <object_component id="oc-139">
         <name>.text.Huidu_Counter</name>
         <load_address>0x5a84</load_address>
         <readonly>true</readonly>
         <executable>true</executable>
         <run_address>0x5a84</run_address>
         <size>0x48</size>
         <alignment>0x4</alignment>
         <input_file_ref idref="fl-8"/>
      </object_component>
      <object_component id="oc-13a">
         <name>.text.I_amplitude_limiting</name>
         <load_address>0x5acc</load_address>
         <readonly>true</readonly>
         <executable>true</executable>
         <run_address>0x5acc</run_address>
         <size>0x48</size>
         <alignment>0x2</alignment>
         <input_file_ref idref="fl-8"/>
      </object_component>
      <object_component id="oc-b7">
         <name>.text.LX_Select_Proc</name>
         <load_address>0x5b14</load_address>
         <readonly>true</readonly>
         <executable>true</executable>
         <run_address>0x5b14</run_address>
         <size>0x48</size>
         <alignment>0x4</alignment>
         <input_file_ref idref="fl-e"/>
      </object_component>
      <object_component id="oc-209">
         <name>.text.OLED_Update</name>
         <load_address>0x5b5c</load_address>
         <readonly>true</readonly>
         <executable>true</executable>
         <run_address>0x5b5c</run_address>
         <size>0x48</size>
         <alignment>0x4</alignment>
         <input_file_ref idref="fl-6"/>
      </object_component>
      <object_component id="oc-1f0">
         <name>.text.SYSCFG_DL_UART_JY61P_init</name>
         <load_address>0x5ba4</load_address>
         <readonly>true</readonly>
         <executable>true</executable>
         <run_address>0x5ba4</run_address>
         <size>0x48</size>
         <alignment>0x4</alignment>
         <input_file_ref idref="fl-2"/>
      </object_component>
      <object_component id="oc-1ee">
         <name>.text.SYSCFG_DL_UART_SOC_init</name>
         <load_address>0x5bec</load_address>
         <readonly>true</readonly>
         <executable>true</executable>
         <run_address>0x5bec</run_address>
         <size>0x48</size>
         <alignment>0x4</alignment>
         <input_file_ref idref="fl-2"/>
      </object_component>
      <object_component id="oc-263">
         <name>.text.DL_SYSCTL_switchMCLKfromSYSOSCtoHSCLK</name>
         <load_address>0x5c34</load_address>
         <readonly>true</readonly>
         <executable>true</executable>
         <run_address>0x5c34</run_address>
         <size>0x44</size>
         <alignment>0x4</alignment>
         <input_file_ref idref="fl-22"/>
      </object_component>
      <object_component id="oc-124">
         <name>.text.Motor_Off</name>
         <load_address>0x5c78</load_address>
         <readonly>true</readonly>
         <executable>true</executable>
         <run_address>0x5c78</run_address>
         <size>0x44</size>
         <alignment>0x4</alignment>
         <input_file_ref idref="fl-b"/>
      </object_component>
      <object_component id="oc-157">
         <name>.text.__fixunsdfsi</name>
         <load_address>0x5cbc</load_address>
         <readonly>true</readonly>
         <executable>true</executable>
         <run_address>0x5cbc</run_address>
         <size>0x42</size>
         <alignment>0x4</alignment>
         <input_file_ref idref="fl-d5"/>
      </object_component>
      <object_component id="oc-20c">
         <name>.text.HMI_send_string</name>
         <load_address>0x5d00</load_address>
         <readonly>true</readonly>
         <executable>true</executable>
         <run_address>0x5d00</run_address>
         <size>0x40</size>
         <alignment>0x4</alignment>
         <input_file_ref idref="fl-a"/>
      </object_component>
      <object_component id="oc-1ea">
         <name>.text.SYSCFG_DL_TIMER_1_init</name>
         <load_address>0x5d40</load_address>
         <readonly>true</readonly>
         <executable>true</executable>
         <run_address>0x5d40</run_address>
         <size>0x40</size>
         <alignment>0x4</alignment>
         <input_file_ref idref="fl-2"/>
      </object_component>
      <object_component id="oc-29d">
         <name>.text.__aeabi_uidivmod</name>
         <load_address>0x5d80</load_address>
         <readonly>true</readonly>
         <executable>true</executable>
         <run_address>0x5d80</run_address>
         <size>0x40</size>
         <alignment>0x4</alignment>
         <input_file_ref idref="fl-e1"/>
      </object_component>
      <object_component id="oc-13b">
         <name>.text.__extendsfdf2</name>
         <load_address>0x5dc0</load_address>
         <readonly>true</readonly>
         <executable>true</executable>
         <run_address>0x5dc0</run_address>
         <size>0x40</size>
         <alignment>0x4</alignment>
         <input_file_ref idref="fl-d2"/>
      </object_component>
      <object_component id="oc-2e1">
         <name>.text.atoi</name>
         <load_address>0x5e00</load_address>
         <readonly>true</readonly>
         <executable>true</executable>
         <run_address>0x5e00</run_address>
         <size>0x40</size>
         <alignment>0x4</alignment>
         <input_file_ref idref="fl-50"/>
      </object_component>
      <object_component id="oc-2a2">
         <name>.text.OLED_WriteData</name>
         <load_address>0x5e40</load_address>
         <readonly>true</readonly>
         <executable>true</executable>
         <run_address>0x5e40</run_address>
         <size>0x3e</size>
         <alignment>0x2</alignment>
         <input_file_ref idref="fl-6"/>
      </object_component>
      <object_component id="oc-bb">
         <name>.text.Beep_Proc</name>
         <load_address>0x5e80</load_address>
         <readonly>true</readonly>
         <executable>true</executable>
         <run_address>0x5e80</run_address>
         <size>0x3c</size>
         <alignment>0x4</alignment>
         <input_file_ref idref="fl-f"/>
      </object_component>
      <object_component id="oc-24b">
         <name>.text.DL_GPIO_initPeripheralInputFunctionFeatures</name>
         <load_address>0x5ebc</load_address>
         <readonly>true</readonly>
         <executable>true</executable>
         <run_address>0x5ebc</run_address>
         <size>0x3c</size>
         <alignment>0x4</alignment>
         <input_file_ref idref="fl-2"/>
      </object_component>
      <object_component id="oc-1eb">
         <name>.text.SYSCFG_DL_TIMER_2_init</name>
         <load_address>0x5ef8</load_address>
         <readonly>true</readonly>
         <executable>true</executable>
         <run_address>0x5ef8</run_address>
         <size>0x3c</size>
         <alignment>0x4</alignment>
         <input_file_ref idref="fl-2"/>
      </object_component>
      <object_component id="oc-75">
         <name>.text.__floatsisf</name>
         <load_address>0x5f34</load_address>
         <readonly>true</readonly>
         <executable>true</executable>
         <run_address>0x5f34</run_address>
         <size>0x3c</size>
         <alignment>0x4</alignment>
         <input_file_ref idref="fl-d7"/>
      </object_component>
      <object_component id="oc-105">
         <name>.text.__gtsf2</name>
         <load_address>0x5f70</load_address>
         <readonly>true</readonly>
         <executable>true</executable>
         <run_address>0x5f70</run_address>
         <size>0x3c</size>
         <alignment>0x4</alignment>
         <input_file_ref idref="fl-e3"/>
      </object_component>
      <object_component id="oc-190">
         <name>.text:__TI_auto_init_nobinit_nopinit</name>
         <load_address>0x5fac</load_address>
         <readonly>true</readonly>
         <executable>true</executable>
         <run_address>0x5fac</run_address>
         <size>0x3c</size>
         <alignment>0x4</alignment>
         <input_file_ref idref="fl-3f"/>
      </object_component>
      <object_component id="oc-100">
         <name>.text.__eqsf2</name>
         <load_address>0x5fe8</load_address>
         <readonly>true</readonly>
         <executable>true</executable>
         <run_address>0x5fe8</run_address>
         <size>0x3a</size>
         <alignment>0x4</alignment>
         <input_file_ref idref="fl-e3"/>
      </object_component>
      <object_component id="oc-fb">
         <name>.text.__muldsi3</name>
         <load_address>0x6024</load_address>
         <readonly>true</readonly>
         <executable>true</executable>
         <run_address>0x6024</run_address>
         <size>0x3a</size>
         <alignment>0x4</alignment>
         <input_file_ref idref="fl-ce"/>
      </object_component>
      <object_component id="oc-c3">
         <name>.text.__fixsfsi</name>
         <load_address>0x6060</load_address>
         <readonly>true</readonly>
         <executable>true</executable>
         <run_address>0x6060</run_address>
         <size>0x38</size>
         <alignment>0x4</alignment>
         <input_file_ref idref="fl-d4"/>
      </object_component>
      <object_component id="oc-2a1">
         <name>.text.OLED_SetCursor</name>
         <load_address>0x6098</load_address>
         <readonly>true</readonly>
         <executable>true</executable>
         <run_address>0x6098</run_address>
         <size>0x36</size>
         <alignment>0x2</alignment>
         <input_file_ref idref="fl-6"/>
      </object_component>
      <object_component id="oc-24f">
         <name>.text.DL_GPIO_initDigitalInputFeatures</name>
         <load_address>0x60d0</load_address>
         <readonly>true</readonly>
         <executable>true</executable>
         <run_address>0x60d0</run_address>
         <size>0x34</size>
         <alignment>0x4</alignment>
         <input_file_ref idref="fl-2"/>
      </object_component>
      <object_component id="oc-20d">
         <name>.text.float_to_string</name>
         <load_address>0x6104</load_address>
         <readonly>true</readonly>
         <executable>true</executable>
         <run_address>0x6104</run_address>
         <size>0x34</size>
         <alignment>0x4</alignment>
         <input_file_ref idref="fl-a"/>
      </object_component>
      <object_component id="oc-315">
         <name>.text._fcpy</name>
         <load_address>0x6138</load_address>
         <readonly>true</readonly>
         <executable>true</executable>
         <run_address>0x6138</run_address>
         <size>0x30</size>
         <alignment>0x2</alignment>
         <input_file_ref idref="fl-45"/>
      </object_component>
      <object_component id="oc-2cb">
         <name>.text._outs</name>
         <load_address>0x6168</load_address>
         <readonly>true</readonly>
         <executable>true</executable>
         <run_address>0x6168</run_address>
         <size>0x30</size>
         <alignment>0x2</alignment>
         <input_file_ref idref="fl-31"/>
      </object_component>
      <object_component id="oc-2aa">
         <name>.text.Screen_SendString</name>
         <load_address>0x6198</load_address>
         <readonly>true</readonly>
         <executable>true</executable>
         <run_address>0x6198</run_address>
         <size>0x2c</size>
         <alignment>0x4</alignment>
         <input_file_ref idref="fl-a"/>
      </object_component>
      <object_component id="oc-1fc">
         <name>.text.__NVIC_ClearPendingIRQ</name>
         <load_address>0x61c4</load_address>
         <readonly>true</readonly>
         <executable>true</executable>
         <run_address>0x61c4</run_address>
         <size>0x2c</size>
         <alignment>0x4</alignment>
         <input_file_ref idref="fl-a"/>
      </object_component>
      <object_component id="oc-1ff">
         <name>.text.__NVIC_ClearPendingIRQ</name>
         <load_address>0x61f0</load_address>
         <readonly>true</readonly>
         <executable>true</executable>
         <run_address>0x61f0</run_address>
         <size>0x2c</size>
         <alignment>0x4</alignment>
         <input_file_ref idref="fl-c"/>
      </object_component>
      <object_component id="oc-1fd">
         <name>.text.__NVIC_EnableIRQ</name>
         <load_address>0x621c</load_address>
         <readonly>true</readonly>
         <executable>true</executable>
         <run_address>0x621c</run_address>
         <size>0x2c</size>
         <alignment>0x4</alignment>
         <input_file_ref idref="fl-a"/>
      </object_component>
      <object_component id="oc-204">
         <name>.text.__NVIC_EnableIRQ</name>
         <load_address>0x6248</load_address>
         <readonly>true</readonly>
         <executable>true</executable>
         <run_address>0x6248</run_address>
         <size>0x2c</size>
         <alignment>0x4</alignment>
         <input_file_ref idref="fl-10"/>
      </object_component>
      <object_component id="oc-185">
         <name>.text.__NVIC_EnableIRQ</name>
         <load_address>0x6274</load_address>
         <readonly>true</readonly>
         <executable>true</executable>
         <run_address>0x6274</run_address>
         <size>0x2c</size>
         <alignment>0x4</alignment>
         <input_file_ref idref="fl-1"/>
      </object_component>
      <object_component id="oc-200">
         <name>.text.__NVIC_EnableIRQ</name>
         <load_address>0x62a0</load_address>
         <readonly>true</readonly>
         <executable>true</executable>
         <run_address>0x62a0</run_address>
         <size>0x2c</size>
         <alignment>0x4</alignment>
         <input_file_ref idref="fl-c"/>
      </object_component>
      <object_component id="oc-1af">
         <name>.text.__floatsidf</name>
         <load_address>0x62cc</load_address>
         <readonly>true</readonly>
         <executable>true</executable>
         <run_address>0x62cc</run_address>
         <size>0x2c</size>
         <alignment>0x4</alignment>
         <input_file_ref idref="fl-d6"/>
      </object_component>
      <object_component id="oc-2cf">
         <name>.text.DL_Common_updateReg</name>
         <load_address>0x62f8</load_address>
         <readonly>true</readonly>
         <executable>true</executable>
         <run_address>0x62f8</run_address>
         <size>0x28</size>
         <alignment>0x2</alignment>
         <input_file_ref idref="fl-6"/>
      </object_component>
      <object_component id="oc-2bc">
         <name>.text.DL_Common_updateReg</name>
         <load_address>0x6320</load_address>
         <readonly>true</readonly>
         <executable>true</executable>
         <run_address>0x6320</run_address>
         <size>0x28</size>
         <alignment>0x2</alignment>
         <input_file_ref idref="fl-2"/>
      </object_component>
      <object_component id="oc-27f">
         <name>.text.DL_I2C_setControllerRXFIFOThreshold</name>
         <load_address>0x6348</load_address>
         <readonly>true</readonly>
         <executable>true</executable>
         <run_address>0x6348</run_address>
         <size>0x28</size>
         <alignment>0x4</alignment>
         <input_file_ref idref="fl-2"/>
      </object_component>
      <object_component id="oc-27e">
         <name>.text.DL_I2C_setControllerTXFIFOThreshold</name>
         <load_address>0x6370</load_address>
         <readonly>true</readonly>
         <executable>true</executable>
         <run_address>0x6370</run_address>
         <size>0x28</size>
         <alignment>0x4</alignment>
         <input_file_ref idref="fl-2"/>
      </object_component>
      <object_component id="oc-29c">
         <name>.text.OLED_Pow</name>
         <load_address>0x6398</load_address>
         <readonly>true</readonly>
         <executable>true</executable>
         <run_address>0x6398</run_address>
         <size>0x28</size>
         <alignment>0x2</alignment>
         <input_file_ref idref="fl-6"/>
      </object_component>
      <object_component id="oc-20e">
         <name>.text.__floatunsisf</name>
         <load_address>0x63c0</load_address>
         <readonly>true</readonly>
         <executable>true</executable>
         <run_address>0x63c0</run_address>
         <size>0x28</size>
         <alignment>0x4</alignment>
         <input_file_ref idref="fl-d9"/>
      </object_component>
      <object_component id="oc-65">
         <name>.text:_c_int00_noargs</name>
         <load_address>0x63e8</load_address>
         <readonly>true</readonly>
         <executable>true</executable>
         <run_address>0x63e8</run_address>
         <size>0x28</size>
         <alignment>0x4</alignment>
         <input_file_ref idref="fl-3d"/>
      </object_component>
      <object_component id="oc-27a">
         <name>.text.DL_I2C_setAnalogGlitchFilterPulseWidth</name>
         <load_address>0x6410</load_address>
         <readonly>true</readonly>
         <executable>true</executable>
         <run_address>0x6410</run_address>
         <size>0x26</size>
         <alignment>0x2</alignment>
         <input_file_ref idref="fl-2"/>
      </object_component>
      <object_component id="oc-274">
         <name>.text.DL_I2C_setClockConfig</name>
         <load_address>0x6436</load_address>
         <readonly>true</readonly>
         <executable>true</executable>
         <run_address>0x6436</run_address>
         <size>0x26</size>
         <alignment>0x2</alignment>
         <input_file_ref idref="fl-1f"/>
      </object_component>
[...]
         <value>0x3c11</value>
         <object_component_ref idref="oc-26e"/>
      </symbol>
      <symbol id="sm-3a2">
         <name>DL_Timer_setCaptureCompareValue</name>
         <value>0x6c35</value>
         <object_component_ref idref="oc-15b"/>
      </symbol>
      <symbol id="sm-3a3">
         <name>DL_Timer_initPWMMode</name>
         <value>0x42d5</value>
         <object_component_ref idref="oc-2bf"/>
      </symbol>
      <symbol id="sm-3a4">
         <name>DL_Timer_setCaptureCompareOutCtl</name>
         <value>0x6989</value>
         <object_component_ref idref="oc-268"/>
      </symbol>
      <symbol id="sm-3a5">
         <name>DL_Timer_setCaptCompUpdateMethod</name>
         <value>0x6769</value>
         <object_component_ref idref="oc-269"/>
      </symbol>
      <symbol id="sm-3a6">
         <name>DL_TimerA_initPWMMode</name>
         <value>0x4e3d</value>
         <object_component_ref idref="oc-267"/>
      </symbol>
      <symbol id="sm-3b6">
         <name>DL_UART_init</name>
         <value>0x5a3d</value>
         <object_component_ref idref="oc-285"/>
      </symbol>
      <symbol id="sm-3b7">
         <name>DL_UART_setClockConfig</name>
         <value>0x6bed</value>
         <object_component_ref idref="oc-284"/>
      </symbol>
      <symbol id="sm-3b8">
         <name>DL_UART_transmitDataBlocking</name>
         <value>0x6595</value>
         <object_component_ref idref="oc-1a5"/>
      </symbol>
      <symbol id="sm-3c9">
         <name>DL_SYSCTL_configSYSPLL</name>
         <value>0x3ddd</value>
         <object_component_ref idref="oc-261"/>
      </symbol>
      <symbol id="sm-3ca">
         <name>DL_SYSCTL_switchMCLKfromSYSOSCtoHSCLK</name>
         <value>0x5c35</value>
         <object_component_ref idref="oc-263"/>
      </symbol>
      <symbol id="sm-3cb">
         <name>DL_SYSCTL_setHFCLKSourceHFXTParams</name>
         <value>0x5319</value>
         <object_component_ref idref="oc-25b"/>
      </symbol>
      <symbol id="sm-3dc">
         <name>snprintf</name>
         <value>0x59a5</value>
         <object_component_ref idref="oc-2a4"/>
      </symbol>
      <symbol id="sm-40c">
         <name>pow</name>
         <value>0xc1</value>
         <object_component_ref idref="oc-13f"/>
      </symbol>
      <symbol id="sm-40d">
         <name>powl</name>
         <value>0xc1</value>
         <object_component_ref idref="oc-13f"/>
      </symbol>
      <symbol id="sm-417">
         <name>sqrt</name>
         <value>0x3065</value>
         <object_component_ref idref="oc-1d2"/>
      </symbol>
      <symbol id="sm-418">
         <name>sqrtl</name>
         <value>0x3065</value>
         <object_component_ref idref="oc-1d2"/>
      </symbol>
      <symbol id="sm-423">
         <name>scalbn</name>
         <value>0x3f95</value>
         <object_component_ref idref="oc-1cd"/>
      </symbol>
      <symbol id="sm-424">
         <name>ldexp</name>
         <value>0x3f95</value>
         <object_component_ref idref="oc-1cd"/>
      </symbol>
      <symbol id="sm-425">
         <name>scalbnl</name>
         <value>0x3f95</value>
         <object_component_ref idref="oc-1cd"/>
      </symbol>
      <symbol id="sm-426">
         <name>ldexpl</name>
         <value>0x3f95</value>
         <object_component_ref idref="oc-1cd"/>
      </symbol>
      <symbol id="sm-431">
         <name>__aeabi_errno_addr</name>
         <value>0x5019</value>
         <object_component_ref idref="oc-1c0"/>
      </symbol>
      <symbol id="sm-432">
         <name>__aeabi_errno</name>
         <value>0x20200720</value>
         <object_component_ref idref="oc-235"/>
      </symbol>
      <symbol id="sm-441">
         <name>_c_int00_noargs</name>
         <value>0x63e9</value>
         <object_component_ref idref="oc-65"/>
      </symbol>
      <symbol id="sm-442">
         <name>__stack</name>
         <value>0x20207e00</value>
         <object_component_ref idref="oc-1a"/>
      </symbol>
      <symbol id="sm-451">
         <name>__TI_auto_init_nobinit_nopinit</name>
         <value>0x5fad</value>
         <object_component_ref idref="oc-190"/>
      </symbol>
      <symbol id="sm-459">
         <name>_system_pre_init</name>
         <value>0x6d69</value>
         <object_component_ref idref="oc-e8"/>
      </symbol>
      <symbol id="sm-464">
         <name>__TI_zero_init</name>
         <value>0x6c75</value>
         <object_component_ref idref="oc-62"/>
      </symbol>
      <symbol id="sm-46d">
         <name>__TI_decompress_none</name>
         <value>0x6c11</value>
         <object_component_ref idref="oc-20"/>
      </symbol>
      <symbol id="sm-478">
         <name>__TI_decompress_lzss</name>
         <value>0x4f2d</value>
         <object_component_ref idref="oc-1c"/>
      </symbol>
      <symbol id="sm-4c1">
         <name>__TI_printfi</name>
         <value>0xb31</value>
         <object_component_ref idref="oc-2d7"/>
      </symbol>
      <symbol id="sm-4d0">
         <name>frexp</name>
         <value>0x5505</value>
         <object_component_ref idref="oc-306"/>
      </symbol>
      <symbol id="sm-4d1">
         <name>frexpl</name>
         <value>0x5505</value>
         <object_component_ref idref="oc-306"/>
      </symbol>
      <symbol id="sm-4db">
         <name>abort</name>
         <value>0x6d6d</value>
         <object_component_ref idref="oc-189"/>
      </symbol>
      <symbol id="sm-4dc">
         <name>C$$EXIT</name>
         <value>0x6d6c</value>
         <object_component_ref idref="oc-189"/>
      </symbol>
      <symbol id="sm-4e6">
         <name>__TI_ltoa</name>
         <value>0x55b9</value>
         <object_component_ref idref="oc-30e"/>
      </symbol>
      <symbol id="sm-4f1">
         <name>atoi</name>
         <value>0x5e01</value>
         <object_component_ref idref="oc-2e1"/>
      </symbol>
      <symbol id="sm-4fa">
         <name>memccpy</name>
         <value>0x6511</value>
         <object_component_ref idref="oc-2da"/>
      </symbol>
      <symbol id="sm-503">
         <name>wcslen</name>
         <value>0x6c65</value>
         <object_component_ref idref="oc-2e5"/>
      </symbol>
      <symbol id="sm-506">
         <name>__aeabi_ctype_table_</name>
         <value>0x75a0</value>
         <object_component_ref idref="oc-2f9"/>
      </symbol>
      <symbol id="sm-507">
         <name>__aeabi_ctype_table_C</name>
         <value>0x75a0</value>
         <object_component_ref idref="oc-2f9"/>
      </symbol>
      <symbol id="sm-51d">
         <name>__aeabi_fadd</name>
         <value>0x4077</value>
         <object_component_ref idref="oc-85"/>
      </symbol>
      <symbol id="sm-51e">
         <name>__addsf3</name>
         <value>0x4077</value>
         <object_component_ref idref="oc-85"/>
      </symbol>
      <symbol id="sm-51f">
         <name>__aeabi_fsub</name>
         <value>0x406d</value>
         <object_component_ref idref="oc-85"/>
      </symbol>
      <symbol id="sm-520">
         <name>__subsf3</name>
         <value>0x406d</value>
         <object_component_ref idref="oc-85"/>
      </symbol>
      <symbol id="sm-526">
         <name>__aeabi_dadd</name>
         <value>0x2edb</value>
         <object_component_ref idref="oc-153"/>
      </symbol>
      <symbol id="sm-527">
         <name>__adddf3</name>
         <value>0x2edb</value>
         <object_component_ref idref="oc-153"/>
      </symbol>
      <symbol id="sm-528">
         <name>__aeabi_dsub</name>
         <value>0x2ed1</value>
         <object_component_ref idref="oc-153"/>
      </symbol>
      <symbol id="sm-529">
         <name>__subdf3</name>
         <value>0x2ed1</value>
         <object_component_ref idref="oc-153"/>
      </symbol>
      <symbol id="sm-535">
         <name>__aeabi_dmul</name>
         <value>0x3cf9</value>
         <object_component_ref idref="oc-145"/>
      </symbol>
      <symbol id="sm-536">
         <name>__muldf3</name>
         <value>0x3cf9</value>
         <object_component_ref idref="oc-145"/>
      </symbol>
      <symbol id="sm-53f">
         <name>__muldsi3</name>
         <value>0x6025</value>
         <object_component_ref idref="oc-fb"/>
      </symbol>
      <symbol id="sm-545">
         <name>__aeabi_fmul</name>
         <value>0x4a99</value>
         <object_component_ref idref="oc-7d"/>
      </symbol>
      <symbol id="sm-546">
         <name>__mulsf3</name>
         <value>0x4a99</value>
         <object_component_ref idref="oc-7d"/>
      </symbol>
      <symbol id="sm-54c">
         <name>__aeabi_fdiv</name>
         <value>0x4d3d</value>
         <object_component_ref idref="oc-79"/>
      </symbol>
      <symbol id="sm-54d">
         <name>__divsf3</name>
         <value>0x4d3d</value>
         <object_component_ref idref="oc-79"/>
      </symbol>
      <symbol id="sm-553">
         <name>__aeabi_ddiv</name>
         <value>0x38fd</value>
         <object_component_ref idref="oc-14f"/>
      </symbol>
      <symbol id="sm-554">
         <name>__divdf3</name>
         <value>0x38fd</value>
         <object_component_ref idref="oc-14f"/>
      </symbol>
      <symbol id="sm-55a">
         <name>__aeabi_f2d</name>
         <value>0x5dc1</value>
         <object_component_ref idref="oc-13b"/>
      </symbol>
      <symbol id="sm-55b">
         <name>__extendsfdf2</name>
         <value>0x5dc1</value>
         <object_component_ref idref="oc-13b"/>
      </symbol>
      <symbol id="sm-561">
         <name>__aeabi_d2iz</name>
         <value>0x59f1</value>
         <object_component_ref idref="oc-30a"/>
      </symbol>
      <symbol id="sm-562">
         <name>__fixdfsi</name>
         <value>0x59f1</value>
         <object_component_ref idref="oc-30a"/>
      </symbol>
      <symbol id="sm-568">
         <name>__aeabi_f2iz</name>
         <value>0x6061</value>
         <object_component_ref idref="oc-c3"/>
      </symbol>
      <symbol id="sm-569">
         <name>__fixsfsi</name>
         <value>0x6061</value>
         <object_component_ref idref="oc-c3"/>
      </symbol>
      <symbol id="sm-56f">
         <name>__aeabi_d2uiz</name>
         <value>0x5cbd</value>
         <object_component_ref idref="oc-157"/>
      </symbol>
      <symbol id="sm-570">
         <name>__fixunsdfsi</name>
         <value>0x5cbd</value>
         <object_component_ref idref="oc-157"/>
      </symbol>
      <symbol id="sm-576">
         <name>__aeabi_i2d</name>
         <value>0x62cd</value>
         <object_component_ref idref="oc-1af"/>
      </symbol>
      <symbol id="sm-577">
         <name>__floatsidf</name>
         <value>0x62cd</value>
         <object_component_ref idref="oc-1af"/>
      </symbol>
      <symbol id="sm-57d">
         <name>__aeabi_i2f</name>
         <value>0x5f35</value>
         <object_component_ref idref="oc-75"/>
      </symbol>
      <symbol id="sm-57e">
         <name>__floatsisf</name>
         <value>0x5f35</value>
         <object_component_ref idref="oc-75"/>
      </symbol>
      <symbol id="sm-584">
         <name>__aeabi_ui2f</name>
         <value>0x63c1</value>
         <object_component_ref idref="oc-20e"/>
      </symbol>
      <symbol id="sm-585">
         <name>__floatunsisf</name>
         <value>0x63c1</value>
         <object_component_ref idref="oc-20e"/>
      </symbol>
      <symbol id="sm-58b">
         <name>__aeabi_lmul</name>
         <value>0x64c9</value>
         <object_component_ref idref="oc-2e9"/>
      </symbol>
      <symbol id="sm-58c">
         <name>__muldi3</name>
         <value>0x64c9</value>
         <object_component_ref idref="oc-2e9"/>
      </symbol>
      <symbol id="sm-593">
         <name>__aeabi_d2f</name>
         <value>0x5021</value>
         <object_component_ref idref="oc-149"/>
      </symbol>
      <symbol id="sm-594">
         <name>__truncdfsf2</name>
         <value>0x5021</value>
         <object_component_ref idref="oc-149"/>
      </symbol>
      <symbol id="sm-59a">
         <name>__aeabi_dcmpeq</name>
         <value>0x537d</value>
         <object_component_ref idref="oc-1b6"/>
      </symbol>
      <symbol id="sm-59b">
         <name>__aeabi_dcmplt</name>
         <value>0x5391</value>
         <object_component_ref idref="oc-1b6"/>
      </symbol>
      <symbol id="sm-59c">
         <name>__aeabi_dcmple</name>
         <value>0x53a5</value>
         <object_component_ref idref="oc-1b6"/>
      </symbol>
      <symbol id="sm-59d">
         <name>__aeabi_dcmpge</name>
         <value>0x53b9</value>
         <object_component_ref idref="oc-1b6"/>
      </symbol>
      <symbol id="sm-59e">
         <name>__aeabi_dcmpgt</name>
         <value>0x53cd</value>
         <object_component_ref idref="oc-1b6"/>
      </symbol>
      <symbol id="sm-5a4">
         <name>__aeabi_fcmpeq</name>
         <value>0x53e1</value>
         <object_component_ref idref="oc-81"/>
      </symbol>
      <symbol id="sm-5a5">
         <name>__aeabi_fcmplt</name>
         <value>0x53f5</value>
         <object_component_ref idref="oc-81"/>
      </symbol>
      <symbol id="sm-5a6">
         <name>__aeabi_fcmple</name>
         <value>0x5409</value>
         <object_component_ref idref="oc-81"/>
      </symbol>
      <symbol id="sm-5a7">
         <name>__aeabi_fcmpge</name>
         <value>0x541d</value>
         <object_component_ref idref="oc-81"/>
      </symbol>
      <symbol id="sm-5a8">
         <name>__aeabi_fcmpgt</name>
         <value>0x5431</value>
         <object_component_ref idref="oc-81"/>
      </symbol>
      <symbol id="sm-5ae">
         <name>__aeabi_idiv</name>
         <value>0x56c1</value>
         <object_component_ref idref="oc-1ab"/>
      </symbol>
      <symbol id="sm-5af">
         <name>__aeabi_idivmod</name>
         <value>0x56c1</value>
         <object_component_ref idref="oc-1ab"/>
      </symbol>
      <symbol id="sm-5b5">
         <name>__aeabi_memcpy</name>
         <value>0x6d19</value>
         <object_component_ref idref="oc-55"/>
      </symbol>
      <symbol id="sm-5b6">
         <name>__aeabi_memcpy4</name>
         <value>0x6d19</value>
         <object_component_ref idref="oc-55"/>
      </symbol>
      <symbol id="sm-5b7">
         <name>__aeabi_memcpy8</name>
         <value>0x6d19</value>
         <object_component_ref idref="oc-55"/>
      </symbol>
      <symbol id="sm-5c0">
         <name>__aeabi_memset</name>
         <value>0x6c85</value>
         <object_component_ref idref="oc-2d9"/>
      </symbol>
      <symbol id="sm-5c1">
         <name>__aeabi_memset4</name>
         <value>0x6c85</value>
         <object_component_ref idref="oc-2d9"/>
      </symbol>
      <symbol id="sm-5c2">
         <name>__aeabi_memset8</name>
         <value>0x6c85</value>
         <object_component_ref idref="oc-2d9"/>
      </symbol>
      <symbol id="sm-5c3">
         <name>__aeabi_memclr</name>
         <value>0x6cb1</value>
         <object_component_ref idref="oc-e3"/>
      </symbol>
      <symbol id="sm-5c4">
         <name>__aeabi_memclr4</name>
         <value>0x6cb1</value>
         <object_component_ref idref="oc-e3"/>
      </symbol>
      <symbol id="sm-5c5">
         <name>__aeabi_memclr8</name>
         <value>0x6cb1</value>
         <object_component_ref idref="oc-e3"/>
      </symbol>
      <symbol id="sm-5cb">
         <name>__aeabi_uidiv</name>
         <value>0x5d81</value>
         <object_component_ref idref="oc-29d"/>
      </symbol>
      <symbol id="sm-5cc">
         <name>__aeabi_uidivmod</name>
         <value>0x5d81</value>
         <object_component_ref idref="oc-29d"/>
      </symbol>
      <symbol id="sm-5d2">
         <name>__aeabi_uldivmod</name>
         <value>0x6ba1</value>
         <object_component_ref idref="oc-2ee"/>
      </symbol>
      <symbol id="sm-5db">
         <name>__eqsf2</name>
         <value>0x5fe9</value>
         <object_component_ref idref="oc-100"/>
      </symbol>
      <symbol id="sm-5dc">
         <name>__lesf2</name>
         <value>0x5fe9</value>
         <object_component_ref idref="oc-100"/>
      </symbol>
      <symbol id="sm-5dd">
         <name>__ltsf2</name>
         <value>0x5fe9</value>
         <object_component_ref idref="oc-100"/>
      </symbol>
      <symbol id="sm-5de">
         <name>__nesf2</name>
         <value>0x5fe9</value>
         <object_component_ref idref="oc-100"/>
      </symbol>
      <symbol id="sm-5df">
         <name>__cmpsf2</name>
         <value>0x5fe9</value>
         <object_component_ref idref="oc-100"/>
      </symbol>
      <symbol id="sm-5e0">
         <name>__gtsf2</name>
         <value>0x5f71</value>
         <object_component_ref idref="oc-105"/>
      </symbol>
      <symbol id="sm-5e1">
         <name>__gesf2</name>
         <value>0x5f71</value>
         <object_component_ref idref="oc-105"/>
      </symbol>
      <symbol id="sm-5e7">
         <name>__udivmoddi4</name>
         <value>0x4669</value>
         <object_component_ref idref="oc-301"/>
      </symbol>
      <symbol id="sm-5ed">
         <name>__aeabi_llsl</name>
         <value>0x6615</value>
         <object_component_ref idref="oc-31a"/>
      </symbol>
      <symbol id="sm-5ee">
         <name>__ashldi3</name>
         <value>0x6615</value>
         <object_component_ref idref="oc-31a"/>
      </symbol>
      <symbol id="sm-5fc">
         <name>__ledf2</name>
         <value>0x5171</value>
         <object_component_ref idref="oc-22d"/>
      </symbol>
      <symbol id="sm-5fd">
         <name>__gedf2</name>
         <value>0x5095</value>
         <object_component_ref idref="oc-233"/>
      </symbol>
      <symbol id="sm-5fe">
         <name>__cmpdf2</name>
         <value>0x5171</value>
         <object_component_ref idref="oc-22d"/>
      </symbol>
      <symbol id="sm-5ff">
         <name>__eqdf2</name>
         <value>0x5171</value>
         <object_component_ref idref="oc-22d"/>
      </symbol>
      <symbol id="sm-600">
         <name>__ltdf2</name>
         <value>0x5171</value>
         <object_component_ref idref="oc-22d"/>
      </symbol>
      <symbol id="sm-601">
         <name>__nedf2</name>
         <value>0x5171</value>
         <object_component_ref idref="oc-22d"/>
      </symbol>
      <symbol id="sm-602">
         <name>__gtdf2</name>
         <value>0x5095</value>
         <object_component_ref idref="oc-233"/>
      </symbol>
      <symbol id="sm-60e">
         <name>__aeabi_idiv0</name>
         <value>0x3063</value>
         <object_component_ref idref="oc-226"/>
      </symbol>
      <symbol id="sm-60f">
         <name>__aeabi_ldiv0</name>
         <value>0x42d3</value>
         <object_component_ref idref="oc-319"/>
      </symbol>
      <symbol id="sm-619">
         <name>TI_memcpy_small</name>
         <value>0x6bff</value>
         <object_component_ref idref="oc-16a"/>
      </symbol>
      <symbol id="sm-622">
         <name>TI_memset_small</name>
         <value>0x6ca1</value>
         <object_component_ref idref="oc-1e0"/>
      </symbol>
      <symbol id="sm-623">
         <name>__TI_static_base__</name>
         <value>0x0</value>
      </symbol>
      <symbol id="sm-627">
         <name>__mpu_init</name>
         <value>0x0</value>
      </symbol>
      <symbol id="sm-628">
         <name>_system_post_cinit</name>
         <value>0x0</value>
      </symbol>
   </symbol_table>
   <title>Link successful</title>
</link_info>
